2026-06-02 16:01:09,878 [germline_filter] INFO: ================================================================
2026-06-02 16:01:09,878 [germline_filter] INFO: START germline_filter
2026-06-02 16:01:09,878 [germline_filter] INFO: input_file=results/filtering/ERR194146/ERR194146.accessible.txt
2026-06-02 16:01:09,879 [germline_filter] INFO: gnomad_variants=resources/hg38/gnomAD.hg38.AFover0.001.snps.txt.gz
2026-06-02 16:01:09,879 [germline_filter] INFO: gnomad_file_size=113573406 bytes
2026-06-02 16:01:09,879 [germline_filter] INFO: criterion: remove variants present in gnomAD (AF > 0.001)
2026-06-02 16:01:09,879 [germline_filter] INFO: ================================================================
2026-06-02 16:01:09,879 [germline_filter] INFO: Loading gnomAD variant set...
2026-06-02 16:01:33,610 [germline_filter] INFO: gnomAD variants loaded: 30415379 entries in 23.7 seconds
2026-06-02 16:01:33,610 [germline_filter] DEBUG: REMOVED germline: chr1:3027914 G>A
2026-06-02 16:01:33,610 [germline_filter] DEBUG: REMOVED germline: chr1:3062240 G>C
2026-06-02 16:01:33,610 [germline_filter] DEBUG: REMOVED germline: chr1:3125939 A>T
2026-06-02 16:01:33,610 [germline_filter] DEBUG: REMOVED germline: chr1:23947980 T>C
2026-06-02 16:01:33,610 [germline_filter] DEBUG: REMOVED germline: chr1:28189077 G>C
2026-06-02 16:01:33,611 [germline_filter] DEBUG: REMOVED germline: chr1:72624832 G>A
2026-06-02 16:01:33,612 [germline_filter] DEBUG: REMOVED germline: chr1:190479757 A>G
2026-06-02 16:01:33,612 [germline_filter] DEBUG: REMOVED germline: chr1:200908363 C>A
2026-06-02 16:01:33,613 [germline_filter] DEBUG: REMOVED germline: chr2:238031118 T>C
2026-06-02 16:01:33,614 [germline_filter] DEBUG: REMOVED germline: chr3:132390513 T>C
2026-06-02 16:01:33,614 [germline_filter] DEBUG: REMOVED germline: chr3:193167625 T>C
2026-06-02 16:01:33,615 [germline_filter] DEBUG: REMOVED germline: chr3:197945517 G>A
2026-06-02 16:01:33,615 [germline_filter] DEBUG: REMOVED germline: chr3:197955187 A>G
2026-06-02 16:01:33,615 [germline_filter] DEBUG: REMOVED germline: chr3:197967112 G>T
2026-06-02 16:01:33,615 [germline_filter] DEBUG: REMOVED germline: chr3:197972367 A>G
2026-06-02 16:01:33,615 [germline_filter] DEBUG: REMOVED germline: chr3:198000080 C>T
2026-06-02 16:01:33,615 [germline_filter] DEBUG: REMOVED germline: chr4:58569488 G>A
2026-06-02 16:01:33,615 [germline_filter] DEBUG: REMOVED germline: chr4:74452160 C>T
2026-06-02 16:01:33,615 [germline_filter] DEBUG: REMOVED germline: chr4:143941991 C>T
2026-06-02 16:01:33,616 [germline_filter] DEBUG: REMOVED germline: chr5:52007706 G>A
2026-06-02 16:01:33,616 [germline_filter] DEBUG: REMOVED germline: chr5:95768929 G>A
2026-06-02 16:01:33,616 [germline_filter] DEBUG: REMOVED germline: chr5:100079541 T>C
2026-06-02 16:01:33,616 [germline_filter] DEBUG: REMOVED germline: chr5:167662302 G>A
2026-06-02 16:01:33,616 [germline_filter] DEBUG: REMOVED germline: chr5:167667683 G>C
2026-06-02 16:01:33,616 [germline_filter] DEBUG: REMOVED germline: chr5:167669326 A>T
2026-06-02 16:01:33,616 [germline_filter] DEBUG: REMOVED germline: chr6:35790565 G>A
2026-06-02 16:01:33,616 [germline_filter] DEBUG: REMOVED germline: chr6:35790576 A>G
2026-06-02 16:01:33,617 [germline_filter] DEBUG: REMOVED germline: chr6:76794554 G>A
2026-06-02 16:01:33,617 [germline_filter] DEBUG: REMOVED germline: chr6:102077721 C>A
2026-06-02 16:01:33,619 [germline_filter] DEBUG: REMOVED germline: chr7:63580234 G>A
2026-06-02 16:01:33,620 [germline_filter] DEBUG: REMOVED germline: chr7:134567505 C>A
2026-06-02 16:01:33,620 [germline_filter] DEBUG: REMOVED germline: chr8:7358938 G>A
2026-06-02 16:01:33,621 [germline_filter] DEBUG: REMOVED germline: chr8:144271590 T>C
2026-06-02 16:01:33,621 [germline_filter] DEBUG: REMOVED germline: chr9:38549452 C>T
2026-06-02 16:01:33,621 [germline_filter] DEBUG: REMOVED germline: chr9:42391226 G>A
2026-06-02 16:01:33,621 [germline_filter] DEBUG: REMOVED germline: chr9:81303782 G>A
2026-06-02 16:01:33,622 [germline_filter] DEBUG: REMOVED germline: chr10:17826489 A>C
2026-06-02 16:01:33,622 [germline_filter] DEBUG: REMOVED germline: chr10:17865060 A>G
2026-06-02 16:01:33,622 [germline_filter] DEBUG: REMOVED germline: chr10:17923405 A>T
2026-06-02 16:01:33,622 [germline_filter] DEBUG: REMOVED germline: chr10:17923686 A>G
2026-06-02 16:01:33,622 [germline_filter] DEBUG: REMOVED germline: chr10:17926354 A>G
2026-06-02 16:01:33,623 [germline_filter] DEBUG: REMOVED germline: chr10:46303723 G>A
2026-06-02 16:01:33,623 [germline_filter] DEBUG: REMOVED germline: chr10:46303737 A>G
2026-06-02 16:01:33,623 [germline_filter] DEBUG: REMOVED germline: chr10:47024954 A>G
2026-06-02 16:01:33,623 [germline_filter] DEBUG: REMOVED germline: chr10:50221073 C>T
2026-06-02 16:01:33,623 [germline_filter] DEBUG: REMOVED germline: chr10:50231117 A>T
2026-06-02 16:01:33,624 [germline_filter] DEBUG: REMOVED germline: chr11:44877542 C>A
2026-06-02 16:01:33,624 [germline_filter] DEBUG: REMOVED germline: chr11:54931928 A>G
2026-06-02 16:01:33,624 [germline_filter] DEBUG: REMOVED germline: chr11:54940277 A>C
2026-06-02 16:01:33,624 [germline_filter] DEBUG: REMOVED germline: chr11:56449019 T>G
2026-06-02 16:01:33,624 [germline_filter] DEBUG: REMOVED germline: chr12:7894473 G>A
2026-06-02 16:01:33,624 [germline_filter] DEBUG: REMOVED germline: chr12:7900364 C>T
2026-06-02 16:01:33,625 [germline_filter] DEBUG: REMOVED germline: chr12:63720966 T>C
2026-06-02 16:01:33,625 [germline_filter] DEBUG: REMOVED germline: chr12:73620720 T>A
2026-06-02 16:01:33,625 [germline_filter] DEBUG: REMOVED germline: chr12:78895091 C>A
2026-06-02 16:01:33,625 [germline_filter] DEBUG: REMOVED germline: chr12:84591386 C>G
2026-06-02 16:01:33,625 [germline_filter] DEBUG: REMOVED germline: chr13:28990964 A>G
2026-06-02 16:01:33,625 [germline_filter] DEBUG: REMOVED germline: chr13:55926938 T>A
2026-06-02 16:01:33,626 [germline_filter] DEBUG: REMOVED germline: chr13:110085774 T>C
2026-06-02 16:01:33,626 [germline_filter] DEBUG: REMOVED germline: chr14:19726591 G>A
2026-06-02 16:01:33,626 [germline_filter] DEBUG: REMOVED germline: chr14:19730093 G>A
2026-06-02 16:01:33,626 [germline_filter] DEBUG: REMOVED germline: chr14:19736155 G>A
2026-06-02 16:01:33,626 [germline_filter] DEBUG: REMOVED germline: chr14:19745972 G>T
2026-06-02 16:01:33,626 [germline_filter] DEBUG: REMOVED germline: chr14:19755738 A>G
2026-06-02 16:01:33,626 [germline_filter] DEBUG: REMOVED germline: chr14:19773445 T>C
2026-06-02 16:01:33,626 [germline_filter] DEBUG: REMOVED germline: chr14:19781297 G>A
2026-06-02 16:01:33,626 [germline_filter] DEBUG: REMOVED germline: chr14:19781809 T>A
2026-06-02 16:01:33,626 [germline_filter] DEBUG: REMOVED germline: chr14:19784045 C>T
2026-06-02 16:01:33,626 [germline_filter] DEBUG: REMOVED germline: chr14:19784771 A>G
2026-06-02 16:01:33,626 [germline_filter] DEBUG: REMOVED germline: chr14:19785611 C>T
2026-06-02 16:01:33,626 [germline_filter] DEBUG: REMOVED germline: chr14:19785639 T>C
2026-06-02 16:01:33,626 [germline_filter] DEBUG: REMOVED germline: chr14:19786583 A>T
2026-06-02 16:01:33,626 [germline_filter] DEBUG: REMOVED germline: chr14:19788170 A>G
2026-06-02 16:01:33,626 [germline_filter] DEBUG: REMOVED germline: chr14:19793860 A>G
2026-06-02 16:01:33,626 [germline_filter] DEBUG: REMOVED germline: chr14:19793883 C>T
2026-06-02 16:01:33,626 [germline_filter] DEBUG: REMOVED germline: chr14:19795226 G>T
2026-06-02 16:01:33,626 [germline_filter] DEBUG: REMOVED germline: chr14:19797477 A>G
2026-06-02 16:01:33,626 [germline_filter] DEBUG: REMOVED germline: chr14:19799332 G>A
2026-06-02 16:01:33,626 [germline_filter] DEBUG: REMOVED germline: chr14:19821400 G>C
2026-06-02 16:01:33,626 [germline_filter] DEBUG: REMOVED germline: chr14:19821691 T>C
2026-06-02 16:01:33,626 [germline_filter] DEBUG: REMOVED germline: chr14:19824876 A>G
2026-06-02 16:01:33,626 [germline_filter] DEBUG: REMOVED germline: chr14:19825116 T>C
2026-06-02 16:01:33,626 [germline_filter] DEBUG: REMOVED germline: chr14:19825207 T>A
2026-06-02 16:01:33,626 [germline_filter] DEBUG: REMOVED germline: chr14:19830441 C>A
2026-06-02 16:01:33,626 [germline_filter] DEBUG: REMOVED germline: chr14:19832319 T>C
2026-06-02 16:01:33,626 [germline_filter] DEBUG: REMOVED germline: chr14:19837986 T>A
2026-06-02 16:01:33,626 [germline_filter] DEBUG: REMOVED germline: chr14:19841432 T>C
2026-06-02 16:01:33,626 [germline_filter] DEBUG: REMOVED germline: chr14:19848680 A>G
2026-06-02 16:01:33,626 [germline_filter] DEBUG: REMOVED germline: chr14:19851298 T>C
2026-06-02 16:01:33,626 [germline_filter] DEBUG: REMOVED germline: chr14:19851377 C>T
2026-06-02 16:01:33,626 [germline_filter] DEBUG: REMOVED germline: chr14:19852065 G>A
2026-06-02 16:01:33,626 [germline_filter] DEBUG: REMOVED germline: chr14:19855478 G>C
2026-06-02 16:01:33,626 [germline_filter] DEBUG: REMOVED germline: chr14:19858024 C>T
2026-06-02 16:01:33,626 [germline_filter] DEBUG: REMOVED germline: chr14:19858144 A>C
2026-06-02 16:01:33,626 [germline_filter] DEBUG: REMOVED germline: chr14:19858284 C>T
2026-06-02 16:01:33,626 [germline_filter] DEBUG: REMOVED germline: chr14:19860679 C>T
2026-06-02 16:01:33,626 [germline_filter] DEBUG: REMOVED germline: chr14:19863932 T>C
2026-06-02 16:01:33,626 [germline_filter] DEBUG: REMOVED germline: chr14:19871105 A>T
2026-06-02 16:01:33,626 [germline_filter] DEBUG: REMOVED germline: chr14:19872152 C>T
2026-06-02 16:01:33,626 [germline_filter] DEBUG: REMOVED germline: chr14:19874714 G>T
2026-06-02 16:01:33,626 [germline_filter] DEBUG: REMOVED germline: chr14:19875398 G>T
2026-06-02 16:01:33,626 [germline_filter] DEBUG: REMOVED germline: chr14:19879052 A>G
2026-06-02 16:01:33,626 [germline_filter] DEBUG: REMOVED germline: chr14:19879622 T>C
2026-06-02 16:01:33,626 [germline_filter] DEBUG: REMOVED germline: chr14:19880313 C>G
2026-06-02 16:01:33,627 [germline_filter] DEBUG: REMOVED germline: chr14:19881263 C>T
2026-06-02 16:01:33,627 [germline_filter] DEBUG: REMOVED germline: chr14:19921715 T>G
2026-06-02 16:01:33,627 [germline_filter] DEBUG: REMOVED germline: chr14:19933425 T>C
2026-06-02 16:01:33,627 [germline_filter] DEBUG: REMOVED germline: chr14:19940338 T>C
2026-06-02 16:01:33,627 [germline_filter] DEBUG: REMOVED germline: chr14:19949235 A>G
2026-06-02 16:01:33,627 [germline_filter] DEBUG: REMOVED germline: chr14:19949516 A>G
2026-06-02 16:01:33,628 [germline_filter] DEBUG: REMOVED germline: chr14:39138435 C>A
2026-06-02 16:01:33,628 [germline_filter] DEBUG: REMOVED germline: chr14:73544663 A>G
2026-06-02 16:01:33,628 [germline_filter] DEBUG: REMOVED germline: chr14:85834985 T>C
2026-06-02 16:01:33,628 [germline_filter] DEBUG: REMOVED germline: chr15:22258707 G>A
2026-06-02 16:01:33,628 [germline_filter] DEBUG: REMOVED germline: chr15:22299040 A>G
2026-06-02 16:01:33,628 [germline_filter] DEBUG: REMOVED germline: chr15:22300068 A>G
2026-06-02 16:01:33,628 [germline_filter] DEBUG: REMOVED germline: chr15:24282426 G>A
2026-06-02 16:01:33,628 [germline_filter] DEBUG: REMOVED germline: chr15:24437698 A>G
2026-06-02 16:01:33,628 [germline_filter] DEBUG: REMOVED germline: chr15:32821186 C>T
2026-06-02 16:01:33,628 [germline_filter] DEBUG: REMOVED germline: chr15:32952029 G>C
2026-06-02 16:01:33,628 [germline_filter] DEBUG: REMOVED germline: chr15:33973020 T>C
2026-06-02 16:01:33,628 [germline_filter] DEBUG: REMOVED germline: chr15:94344621 T>G
2026-06-02 16:01:33,629 [germline_filter] DEBUG: REMOVED germline: chr17:29389104 C>G
2026-06-02 16:01:33,629 [germline_filter] DEBUG: REMOVED germline: chr17:79502178 A>C
2026-06-02 16:01:33,629 [germline_filter] DEBUG: REMOVED germline: chr17:79513729 A>G
2026-06-02 16:01:33,630 [germline_filter] DEBUG: REMOVED germline: chr19:5487480 C>T
2026-06-02 16:01:33,630 [germline_filter] DEBUG: REMOVED germline: chr19:53475498 G>A
2026-06-02 16:01:33,630 [germline_filter] DEBUG: REMOVED germline: chr19:53475508 G>A
2026-06-02 16:01:33,631 [germline_filter] DEBUG: REMOVED germline: chr21:13813275 A>T
2026-06-02 16:01:33,631 [germline_filter] DEBUG: REMOVED germline: chr21:43278928 T>C
2026-06-02 16:01:33,631 [germline_filter] DEBUG: REMOVED germline: chr21:46645223 C>T
2026-06-02 16:01:33,632 [germline_filter] DEBUG: REMOVED germline: chr22:25031864 A>G
2026-06-02 16:01:33,632 [germline_filter] DEBUG: REMOVED germline: chr22:25044845 C>T
2026-06-02 16:01:33,632 [germline_filter] DEBUG: REMOVED germline: chr22:25056467 C>T
2026-06-02 16:01:33,632 [germline_filter] DEBUG: REMOVED germline: chrX:1449914 A>C
2026-06-02 16:01:33,632 [germline_filter] DEBUG: REMOVED germline: chrX:5367789 T>C
2026-06-02 16:01:33,632 [germline_filter] DEBUG: REMOVED germline: chrX:5512185 A>G
2026-06-02 16:01:33,632 [germline_filter] DEBUG: REMOVED germline: chrX:7404241 A>C
2026-06-02 16:01:33,632 [germline_filter] DEBUG: REMOVED germline: chrX:10089009 A>G
2026-06-02 16:01:33,632 [germline_filter] DEBUG: REMOVED germline: chrX:10755550 G>T
2026-06-02 16:01:33,632 [germline_filter] DEBUG: REMOVED germline: chrX:10881573 G>T
2026-06-02 16:01:33,632 [germline_filter] DEBUG: REMOVED germline: chrX:10902412 G>A
2026-06-02 16:01:33,632 [germline_filter] DEBUG: REMOVED germline: chrX:10910770 T>A
2026-06-02 16:01:33,632 [germline_filter] DEBUG: REMOVED germline: chrX:10912266 G>A
2026-06-02 16:01:33,632 [germline_filter] DEBUG: REMOVED germline: chrX:11745721 A>C
2026-06-02 16:01:33,632 [germline_filter] DEBUG: REMOVED germline: chrX:12363576 C>T
2026-06-02 16:01:33,632 [germline_filter] DEBUG: REMOVED germline: chrX:12568060 G>A
2026-06-02 16:01:33,632 [germline_filter] DEBUG: REMOVED germline: chrX:12648961 A>C
2026-06-02 16:01:33,632 [germline_filter] DEBUG: REMOVED germline: chrX:13542011 G>A
2026-06-02 16:01:33,632 [germline_filter] DEBUG: REMOVED germline: chrX:15041018 A>C
2026-06-02 16:01:33,632 [germline_filter] DEBUG: REMOVED germline: chrX:15480375 G>A
2026-06-02 16:01:33,632 [germline_filter] DEBUG: REMOVED germline: chrX:15714872 G>A
2026-06-02 16:01:33,632 [germline_filter] DEBUG: REMOVED germline: chrX:18259960 T>C
2026-06-02 16:01:33,632 [germline_filter] DEBUG: REMOVED germline: chrX:18580314 T>A
2026-06-02 16:01:33,633 [germline_filter] DEBUG: REMOVED germline: chrX:23062288 T>C
2026-06-02 16:01:33,633 [germline_filter] DEBUG: REMOVED germline: chrX:28075441 C>G
2026-06-02 16:01:33,633 [germline_filter] DEBUG: REMOVED germline: chrX:32833396 G>A
2026-06-02 16:01:33,633 [germline_filter] DEBUG: REMOVED germline: chrX:33026644 T>C
2026-06-02 16:01:33,633 [germline_filter] DEBUG: REMOVED germline: chrX:35911004 A>G
2026-06-02 16:01:33,633 [germline_filter] DEBUG: REMOVED germline: chrX:36817801 G>A
2026-06-02 16:01:33,633 [germline_filter] DEBUG: REMOVED germline: chrX:40152744 G>T
2026-06-02 16:01:33,633 [germline_filter] DEBUG: REMOVED germline: chrX:40154703 T>G
2026-06-02 16:01:33,633 [germline_filter] DEBUG: REMOVED germline: chrX:40155837 T>G
2026-06-02 16:01:33,633 [germline_filter] DEBUG: REMOVED germline: chrX:40157001 G>A
2026-06-02 16:01:33,633 [germline_filter] DEBUG: REMOVED germline: chrX:40959732 C>T
2026-06-02 16:01:33,633 [germline_filter] DEBUG: REMOVED germline: chrX:40998499 G>T
2026-06-02 16:01:33,633 [germline_filter] DEBUG: REMOVED germline: chrX:43547981 G>C
2026-06-02 16:01:33,633 [germline_filter] DEBUG: REMOVED germline: chrX:43626726 A>G
2026-06-02 16:01:33,633 [germline_filter] DEBUG: REMOVED germline: chrX:43745120 T>A
2026-06-02 16:01:33,633 [germline_filter] DEBUG: REMOVED germline: chrX:43786630 T>C
2026-06-02 16:01:33,633 [germline_filter] DEBUG: REMOVED germline: chrX:43813858 A>T
2026-06-02 16:01:33,633 [germline_filter] DEBUG: REMOVED germline: chrX:49776608 C>T
2026-06-02 16:01:33,633 [germline_filter] DEBUG: REMOVED germline: chrX:55983010 G>A
2026-06-02 16:01:33,633 [germline_filter] DEBUG: REMOVED germline: chrX:66878139 G>A
2026-06-02 16:01:33,633 [germline_filter] DEBUG: REMOVED germline: chrX:67481754 A>T
2026-06-02 16:01:33,633 [germline_filter] DEBUG: REMOVED germline: chrX:68988284 A>C
2026-06-02 16:01:33,633 [germline_filter] DEBUG: REMOVED germline: chrX:69072911 C>T
2026-06-02 16:01:33,633 [germline_filter] DEBUG: REMOVED germline: chrX:69196654 C>A
2026-06-02 16:01:33,633 [germline_filter] DEBUG: REMOVED germline: chrX:69197804 C>T
2026-06-02 16:01:33,633 [germline_filter] DEBUG: REMOVED germline: chrX:69314822 G>A
2026-06-02 16:01:33,634 [germline_filter] DEBUG: REMOVED germline: chrX:69427391 G>A
2026-06-02 16:01:33,634 [germline_filter] DEBUG: REMOVED germline: chrX:69444879 A>G
2026-06-02 16:01:33,634 [germline_filter] DEBUG: REMOVED germline: chrX:70159494 G>C
2026-06-02 16:01:33,634 [germline_filter] DEBUG: REMOVED germline: chrX:70294591 A>T
2026-06-02 16:01:33,634 [germline_filter] DEBUG: REMOVED germline: chrX:70916836 G>C
2026-06-02 16:01:33,634 [germline_filter] DEBUG: REMOVED germline: chrX:72518461 A>G
2026-06-02 16:01:33,634 [germline_filter] DEBUG: REMOVED germline: chrX:72535875 T>C
2026-06-02 16:01:33,634 [germline_filter] DEBUG: REMOVED germline: chrX:73015720 G>T
2026-06-02 16:01:33,634 [germline_filter] DEBUG: REMOVED germline: chrX:73048993 C>T
2026-06-02 16:01:33,634 [germline_filter] DEBUG: REMOVED germline: chrX:73148734 G>A
2026-06-02 16:01:33,634 [germline_filter] DEBUG: REMOVED germline: chrX:73293692 G>T
2026-06-02 16:01:33,634 [germline_filter] DEBUG: REMOVED germline: chrX:73331676 C>T
2026-06-02 16:01:33,634 [germline_filter] DEBUG: REMOVED germline: chrX:73353300 G>A
2026-06-02 16:01:33,634 [germline_filter] DEBUG: REMOVED germline: chrX:73356347 G>C
2026-06-02 16:01:33,634 [germline_filter] DEBUG: REMOVED germline: chrX:73388477 C>T
2026-06-02 16:01:33,634 [germline_filter] DEBUG: REMOVED germline: chrX:73416250 G>A
2026-06-02 16:01:33,634 [germline_filter] DEBUG: REMOVED germline: chrX:74862859 G>C
2026-06-02 16:01:33,634 [germline_filter] DEBUG: REMOVED germline: chrX:76462834 G>T
2026-06-02 16:01:33,634 [germline_filter] DEBUG: REMOVED germline: chrX:79606922 A>C
2026-06-02 16:01:33,634 [germline_filter] DEBUG: REMOVED germline: chrX:80557783 G>A
2026-06-02 16:01:33,634 [germline_filter] DEBUG: REMOVED germline: chrX:82385439 T>C
2026-06-02 16:01:33,635 [germline_filter] DEBUG: REMOVED germline: chrX:83184696 G>A
2026-06-02 16:01:33,635 [germline_filter] DEBUG: REMOVED germline: chrX:87474530 G>A
2026-06-02 16:01:33,635 [germline_filter] DEBUG: REMOVED germline: chrX:87497086 G>T
2026-06-02 16:01:33,635 [germline_filter] DEBUG: REMOVED germline: chrX:88646620 C>T
2026-06-02 16:01:33,635 [germline_filter] DEBUG: REMOVED germline: chrX:100762863 G>A
2026-06-02 16:01:33,635 [germline_filter] DEBUG: REMOVED germline: chrX:102681032 A>G
2026-06-02 16:01:33,635 [germline_filter] DEBUG: REMOVED germline: chrX:102844739 T>C
2026-06-02 16:01:33,635 [germline_filter] DEBUG: REMOVED germline: chrX:104729869 G>A
2026-06-02 16:01:33,635 [germline_filter] DEBUG: REMOVED germline: chrX:104732435 G>A
2026-06-02 16:01:33,635 [germline_filter] DEBUG: REMOVED germline: chrX:105284223 C>A
2026-06-02 16:01:33,635 [germline_filter] DEBUG: REMOVED germline: chrX:106279213 A>G
2026-06-02 16:01:33,635 [germline_filter] DEBUG: REMOVED germline: chrX:107406209 T>C
2026-06-02 16:01:33,635 [germline_filter] DEBUG: REMOVED germline: chrX:107457160 G>A
2026-06-02 16:01:33,635 [germline_filter] DEBUG: REMOVED germline: chrX:107540478 A>C
2026-06-02 16:01:33,635 [germline_filter] DEBUG: REMOVED germline: chrX:107691711 C>T
2026-06-02 16:01:33,635 [germline_filter] DEBUG: REMOVED germline: chrX:107731294 C>T
2026-06-02 16:01:33,635 [germline_filter] DEBUG: REMOVED germline: chrX:107912373 C>T
2026-06-02 16:01:33,635 [germline_filter] DEBUG: REMOVED germline: chrX:108572145 G>A
2026-06-02 16:01:33,635 [germline_filter] DEBUG: REMOVED germline: chrX:110040058 A>G
2026-06-02 16:01:33,635 [germline_filter] DEBUG: REMOVED germline: chrX:110113249 G>C
2026-06-02 16:01:33,635 [germline_filter] DEBUG: REMOVED germline: chrX:110263229 A>G
2026-06-02 16:01:33,635 [germline_filter] DEBUG: REMOVED germline: chrX:110385199 T>C
2026-06-02 16:01:33,635 [germline_filter] DEBUG: REMOVED germline: chrX:110463667 T>C
2026-06-02 16:01:33,635 [germline_filter] DEBUG: REMOVED germline: chrX:110494685 G>T
2026-06-02 16:01:33,635 [germline_filter] DEBUG: REMOVED germline: chrX:110572175 G>T
2026-06-02 16:01:33,635 [germline_filter] DEBUG: REMOVED germline: chrX:110581714 T>C
2026-06-02 16:01:33,635 [germline_filter] DEBUG: REMOVED germline: chrX:110647067 T>C
2026-06-02 16:01:33,635 [germline_filter] DEBUG: REMOVED germline: chrX:110791825 G>A
2026-06-02 16:01:33,635 [germline_filter] DEBUG: REMOVED germline: chrX:111010156 G>A
2026-06-02 16:01:33,635 [germline_filter] DEBUG: REMOVED germline: chrX:111120047 C>G
2026-06-02 16:01:33,635 [germline_filter] DEBUG: REMOVED germline: chrX:111233594 C>T
2026-06-02 16:01:33,635 [germline_filter] DEBUG: REMOVED germline: chrX:111274354 C>G
2026-06-02 16:01:33,635 [germline_filter] DEBUG: REMOVED germline: chrX:111284926 G>A
2026-06-02 16:01:33,635 [germline_filter] DEBUG: REMOVED germline: chrX:111974382 G>T
2026-06-02 16:01:33,635 [germline_filter] DEBUG: REMOVED germline: chrX:112011154 G>A
2026-06-02 16:01:33,635 [germline_filter] DEBUG: REMOVED germline: chrX:112074529 G>A
2026-06-02 16:01:33,635 [germline_filter] DEBUG: REMOVED germline: chrX:112084532 T>C
2026-06-02 16:01:33,635 [germline_filter] DEBUG: REMOVED germline: chrX:112920682 A>G
2026-06-02 16:01:33,636 [germline_filter] DEBUG: REMOVED germline: chrX:113575353 G>A
2026-06-02 16:01:33,636 [germline_filter] DEBUG: REMOVED germline: chrX:113790698 T>C
2026-06-02 16:01:33,636 [germline_filter] DEBUG: REMOVED germline: chrX:117090470 G>A
2026-06-02 16:01:33,637 [germline_filter] DEBUG: REMOVED germline: chrX:117496681 T>C
2026-06-02 16:01:33,637 [germline_filter] DEBUG: REMOVED germline: chrX:117536739 C>G
2026-06-02 16:01:33,637 [germline_filter] DEBUG: REMOVED germline: chrX:120335402 T>C
2026-06-02 16:01:33,637 [germline_filter] DEBUG: REMOVED germline: chrX:124548622 G>T
2026-06-02 16:01:33,637 [germline_filter] DEBUG: REMOVED germline: chrX:126091639 G>A
2026-06-02 16:01:33,637 [germline_filter] DEBUG: REMOVED germline: chrX:126178796 C>T
2026-06-02 16:01:33,637 [germline_filter] DEBUG: REMOVED germline: chrX:126218993 G>T
2026-06-02 16:01:33,637 [germline_filter] DEBUG: REMOVED germline: chrX:127656329 C>A
2026-06-02 16:01:33,637 [germline_filter] DEBUG: REMOVED germline: chrX:127745049 T>G
2026-06-02 16:01:33,637 [germline_filter] DEBUG: REMOVED germline: chrX:129536216 A>G
2026-06-02 16:01:33,637 [germline_filter] DEBUG: REMOVED germline: chrX:135579000 G>A
2026-06-02 16:01:33,637 [germline_filter] DEBUG: REMOVED germline: chrX:138724678 G>C
2026-06-02 16:01:33,637 [germline_filter] DEBUG: REMOVED germline: chrX:139358422 G>C
2026-06-02 16:01:33,637 [germline_filter] DEBUG: REMOVED germline: chrX:141960421 G>A
2026-06-02 16:01:33,637 [germline_filter] DEBUG: REMOVED germline: chrX:142680060 T>C
2026-06-02 16:01:33,637 [germline_filter] DEBUG: REMOVED germline: chrX:142931643 G>T
2026-06-02 16:01:33,637 [germline_filter] DEBUG: REMOVED germline: chrX:143047248 A>T
2026-06-02 16:01:33,637 [germline_filter] DEBUG: REMOVED germline: chrX:143075805 T>C
2026-06-02 16:01:33,638 [germline_filter] DEBUG: REMOVED germline: chrX:145040349 C>T
2026-06-02 16:01:33,638 [germline_filter] DEBUG: REMOVED germline: chrX:145179160 T>A
2026-06-02 16:01:33,638 [germline_filter] DEBUG: REMOVED germline: chrX:146468074 G>A
2026-06-02 16:01:33,638 [germline_filter] DEBUG: REMOVED germline: chrX:147723341 G>A
2026-06-02 16:01:33,638 [germline_filter] DEBUG: REMOVED germline: chrX:147811185 A>G
2026-06-02 16:01:33,638 [germline_filter] DEBUG: REMOVED germline: chrX:148398247 C>T
2026-06-02 16:01:33,638 [germline_filter] DEBUG: REMOVED germline: chrX:150273724 A>G
2026-06-02 16:01:33,638 [germline_filter] DEBUG: REMOVED germline: chrX:150977507 T>C
2026-06-02 16:01:33,638 [germline_filter] DEBUG: REMOVED germline: chrX:151956624 T>C
2026-06-02 16:01:33,638 [germline_filter] DEBUG: REMOVED germline: chrX:152869542 A>G
2026-06-02 16:01:33,638 [germline_filter] DEBUG: REMOVED germline: chrX:153061961 A>G
2026-06-02 16:01:33,638 [germline_filter] DEBUG: REMOVED germline: chrX:153752237 C>T
2026-06-02 16:01:33,638 [germline_filter] DEBUG: REMOVED germline: chrX:153752330 A>G
2026-06-02 16:01:33,638 [germline_filter] DEBUG: REMOVED germline: chrX:154148611 G>C
2026-06-02 16:01:33,638 [germline_filter] DEBUG: REMOVED germline: chrX:154832870 A>G
2026-06-02 16:01:33,638 [germline_filter] DEBUG: REMOVED germline: chrX:154912185 C>T
2026-06-02 16:01:33,638 [germline_filter] DEBUG: REMOVED germline: chrX:155233878 G>T
2026-06-02 16:01:33,638 [germline_filter] INFO: ================================================================
2026-06-02 16:01:33,638 [germline_filter] INFO: RESULTS:
2026-06-02 16:01:33,638 [germline_filter] INFO:   variants_input=21695
2026-06-02 16:01:33,638 [germline_filter] INFO:   variants_kept=21418
2026-06-02 16:01:33,639 [germline_filter] INFO:   variants_removed=277 (germline)
2026-06-02 16:01:33,639 [germline_filter] INFO:   lines_skipped=0 (malformed)
2026-06-02 16:01:33,639 [germline_filter] INFO:   comment_lines=0
2026-06-02 16:01:33,639 [germline_filter] INFO:   pass_rate=98.7%
2026-06-02 16:01:33,639 [germline_filter] INFO:   filter_time=0.0 seconds
2026-06-02 16:01:33,639 [germline_filter] INFO:   total_time=23.8 seconds
2026-06-02 16:01:33,639 [germline_filter] INFO: END germline_filter
2026-06-02 16:01:33,639 [germline_filter] INFO: ================================================================
