2026-06-02 16:24:19,621 [pon_mask_filter] INFO: ================================================================
2026-06-02 16:24:19,621 [pon_mask_filter] INFO: START pon_mask_filter
2026-06-02 16:24:19,621 [pon_mask_filter] INFO: input_file=results/filtering/ERR194146/ERR194146.vaf_filtered.txt
2026-06-02 16:24:19,621 [pon_mask_filter] INFO: pon_fasta=resources/hg38/PON.q20q20.05.5.fa
2026-06-02 16:24:19,621 [pon_mask_filter] INFO: pon_fasta_size=3088289314 bytes
2026-06-02 16:24:19,621 [pon_mask_filter] INFO: samtools_sif=containers/samtools_1.17.sif
2026-06-02 16:24:19,621 [pon_mask_filter] INFO:   threads=16
2026-06-02 16:24:19,621 [pon_mask_filter] INFO: criterion: IUPAC match between alt allele and PON base → remove
2026-06-02 16:24:19,621 [pon_mask_filter] INFO: ================================================================
2026-06-02 16:24:24,282 [pon_mask_filter] DEBUG: KEPT: chr1:69760701 T>C pon_base=*
2026-06-02 16:24:24,282 [pon_mask_filter] DEBUG: REMOVED pon_masked: chr1:72497248 G>T pon_base=T (IUPAC match)
2026-06-02 16:24:24,282 [pon_mask_filter] DEBUG: KEPT: chr1:101920560 A>T pon_base=*
2026-06-02 16:24:24,282 [pon_mask_filter] DEBUG: KEPT: chr1:105333619 G>C pon_base=*
2026-06-02 16:24:24,282 [pon_mask_filter] DEBUG: KEPT: chr1:116192175 C>A pon_base=*
2026-06-02 16:24:24,282 [pon_mask_filter] DEBUG: KEPT: chr1:153039798 A>G pon_base=*
2026-06-02 16:24:24,282 [pon_mask_filter] DEBUG: KEPT: chr1:177350771 G>A pon_base=*
2026-06-02 16:24:24,282 [pon_mask_filter] DEBUG: KEPT: chr1:187011793 C>T pon_base=*
2026-06-02 16:24:24,282 [pon_mask_filter] DEBUG: KEPT: chr1:187911058 G>A pon_base=*
2026-06-02 16:24:24,282 [pon_mask_filter] DEBUG: KEPT: chr1:190689765 A>C pon_base=*
2026-06-02 16:24:24,282 [pon_mask_filter] DEBUG: KEPT: chr1:195599373 T>A pon_base=*
2026-06-02 16:24:24,282 [pon_mask_filter] DEBUG: KEPT: chr1:239605331 A>T pon_base=*
2026-06-02 16:24:24,282 [pon_mask_filter] DEBUG: KEPT: chr2:13104316 G>A pon_base=*
2026-06-02 16:24:24,282 [pon_mask_filter] DEBUG: KEPT: chr2:14325336 G>A pon_base=*
2026-06-02 16:24:24,282 [pon_mask_filter] DEBUG: KEPT: chr2:14480530 A>G pon_base=*
2026-06-02 16:24:24,282 [pon_mask_filter] DEBUG: KEPT: chr2:14820855 A>T pon_base=*
2026-06-02 16:24:24,282 [pon_mask_filter] DEBUG: KEPT: chr2:17005876 G>A pon_base=*
2026-06-02 16:24:24,282 [pon_mask_filter] DEBUG: KEPT: chr2:22222109 T>A pon_base=*
2026-06-02 16:24:24,282 [pon_mask_filter] DEBUG: KEPT: chr2:33828711 G>T pon_base=*
2026-06-02 16:24:24,282 [pon_mask_filter] DEBUG: KEPT: chr2:34622787 T>C pon_base=*
2026-06-02 16:24:24,282 [pon_mask_filter] DEBUG: KEPT: chr2:34963876 T>A pon_base=*
2026-06-02 16:24:24,282 [pon_mask_filter] DEBUG: KEPT: chr2:35206086 A>T pon_base=*
2026-06-02 16:24:24,282 [pon_mask_filter] DEBUG: KEPT: chr2:39015099 C>T pon_base=*
2026-06-02 16:24:24,282 [pon_mask_filter] DEBUG: KEPT: chr2:51180938 T>C pon_base=*
2026-06-02 16:24:24,282 [pon_mask_filter] DEBUG: KEPT: chr2:59787299 G>A pon_base=*
2026-06-02 16:24:24,282 [pon_mask_filter] DEBUG: KEPT: chr2:75944796 A>C pon_base=*
2026-06-02 16:24:24,282 [pon_mask_filter] DEBUG: KEPT: chr2:80187646 A>G pon_base=*
2026-06-02 16:24:24,282 [pon_mask_filter] DEBUG: KEPT: chr2:83097422 A>T pon_base=*
2026-06-02 16:24:24,282 [pon_mask_filter] DEBUG: KEPT: chr2:123231358 C>T pon_base=*
2026-06-02 16:24:24,283 [pon_mask_filter] DEBUG: KEPT: chr2:140371652 A>T pon_base=*
2026-06-02 16:24:24,283 [pon_mask_filter] DEBUG: KEPT: chr2:141105290 A>G pon_base=*
2026-06-02 16:24:24,283 [pon_mask_filter] DEBUG: KEPT: chr2:143292794 T>C pon_base=*
2026-06-02 16:24:24,283 [pon_mask_filter] DEBUG: KEPT: chr2:147327077 C>T pon_base=*
2026-06-02 16:24:24,283 [pon_mask_filter] DEBUG: KEPT: chr2:153908217 T>A pon_base=*
2026-06-02 16:24:24,283 [pon_mask_filter] DEBUG: KEPT: chr2:161667563 A>G pon_base=*
2026-06-02 16:24:24,283 [pon_mask_filter] DEBUG: KEPT: chr2:170157691 T>C pon_base=*
2026-06-02 16:24:24,283 [pon_mask_filter] DEBUG: KEPT: chr2:176045531 T>A pon_base=*
2026-06-02 16:24:24,283 [pon_mask_filter] DEBUG: KEPT: chr2:184212258 G>T pon_base=*
2026-06-02 16:24:24,283 [pon_mask_filter] DEBUG: KEPT: chr2:209939491 A>C pon_base=*
2026-06-02 16:24:24,283 [pon_mask_filter] DEBUG: KEPT: chr2:213514275 A>T pon_base=*
2026-06-02 16:24:24,283 [pon_mask_filter] DEBUG: KEPT: chr2:221685930 G>T pon_base=*
2026-06-02 16:24:24,283 [pon_mask_filter] DEBUG: KEPT: chr2:221932301 C>A pon_base=*
2026-06-02 16:24:24,283 [pon_mask_filter] DEBUG: REMOVED pon_masked: chr2:223539237 G>A pon_base=A (IUPAC match)
2026-06-02 16:24:24,283 [pon_mask_filter] DEBUG: KEPT: chr2:226072071 G>A pon_base=*
2026-06-02 16:24:24,283 [pon_mask_filter] DEBUG: KEPT: chr3:6257278 T>G pon_base=*
2026-06-02 16:24:24,283 [pon_mask_filter] DEBUG: KEPT: chr3:23199889 C>T pon_base=*
2026-06-02 16:24:24,283 [pon_mask_filter] DEBUG: KEPT: chr3:23330927 T>G pon_base=*
2026-06-02 16:24:24,283 [pon_mask_filter] DEBUG: KEPT: chr3:23779450 C>T pon_base=*
2026-06-02 16:24:24,283 [pon_mask_filter] DEBUG: KEPT: chr3:30554510 A>G pon_base=*
2026-06-02 16:24:24,283 [pon_mask_filter] DEBUG: KEPT: chr3:38448176 A>G pon_base=*
2026-06-02 16:24:24,283 [pon_mask_filter] DEBUG: KEPT: chr3:43464892 C>T pon_base=*
2026-06-02 16:24:24,283 [pon_mask_filter] DEBUG: KEPT: chr3:60870637 T>C pon_base=*
2026-06-02 16:24:24,283 [pon_mask_filter] DEBUG: KEPT: chr3:73547572 C>T pon_base=*
2026-06-02 16:24:24,283 [pon_mask_filter] DEBUG: KEPT: chr3:74146253 T>A pon_base=*
2026-06-02 16:24:24,283 [pon_mask_filter] DEBUG: KEPT: chr3:76516221 C>T pon_base=*
2026-06-02 16:24:24,283 [pon_mask_filter] DEBUG: KEPT: chr3:77384245 T>A pon_base=*
2026-06-02 16:24:24,283 [pon_mask_filter] DEBUG: KEPT: chr3:78597789 T>G pon_base=*
2026-06-02 16:24:24,283 [pon_mask_filter] DEBUG: KEPT: chr3:79883060 T>G pon_base=*
2026-06-02 16:24:24,283 [pon_mask_filter] DEBUG: KEPT: chr3:80493849 A>T pon_base=*
2026-06-02 16:24:24,283 [pon_mask_filter] DEBUG: KEPT: chr3:80843383 A>G pon_base=*
2026-06-02 16:24:24,283 [pon_mask_filter] DEBUG: KEPT: chr3:82578541 T>C pon_base=*
2026-06-02 16:24:24,283 [pon_mask_filter] DEBUG: KEPT: chr3:89090734 C>A pon_base=*
2026-06-02 16:24:24,283 [pon_mask_filter] DEBUG: REMOVED pon_masked: chr3:91299664 C>T pon_base=T (IUPAC match)
2026-06-02 16:24:24,283 [pon_mask_filter] DEBUG: REMOVED pon_masked: chr3:91299775 G>A pon_base=A (IUPAC match)
2026-06-02 16:24:24,283 [pon_mask_filter] DEBUG: KEPT: chr3:94609115 C>A pon_base=*
2026-06-02 16:24:24,283 [pon_mask_filter] DEBUG: KEPT: chr3:96036316 T>C pon_base=*
2026-06-02 16:24:24,283 [pon_mask_filter] DEBUG: KEPT: chr3:96724798 A>T pon_base=*
2026-06-02 16:24:24,283 [pon_mask_filter] DEBUG: KEPT: chr3:99490920 G>A pon_base=*
2026-06-02 16:24:24,283 [pon_mask_filter] DEBUG: KEPT: chr3:116758789 A>T pon_base=*
2026-06-02 16:24:24,283 [pon_mask_filter] DEBUG: KEPT: chr3:117898147 A>T pon_base=*
2026-06-02 16:24:24,283 [pon_mask_filter] DEBUG: KEPT: chr3:121331753 C>A pon_base=*
2026-06-02 16:24:24,283 [pon_mask_filter] DEBUG: REMOVED pon_masked: chr3:143866870 G>A pon_base=W (IUPAC match)
2026-06-02 16:24:24,284 [pon_mask_filter] DEBUG: KEPT: chr3:145632804 T>A pon_base=*
2026-06-02 16:24:24,284 [pon_mask_filter] DEBUG: KEPT: chr3:150211065 A>C pon_base=*
2026-06-02 16:24:24,284 [pon_mask_filter] DEBUG: KEPT: chr3:155001142 G>A pon_base=*
2026-06-02 16:24:24,284 [pon_mask_filter] DEBUG: KEPT: chr3:169400165 T>C pon_base=*
2026-06-02 16:24:24,284 [pon_mask_filter] DEBUG: KEPT: chr3:172412129 G>T pon_base=*
2026-06-02 16:24:24,284 [pon_mask_filter] DEBUG: KEPT: chr3:176732650 G>A pon_base=*
2026-06-02 16:24:24,284 [pon_mask_filter] DEBUG: KEPT: chr3:182266075 G>A pon_base=*
2026-06-02 16:24:24,284 [pon_mask_filter] DEBUG: KEPT: chr3:196972796 C>A pon_base=*
2026-06-02 16:24:24,284 [pon_mask_filter] DEBUG: KEPT: chr3:197879087 G>T pon_base=*
2026-06-02 16:24:24,284 [pon_mask_filter] DEBUG: KEPT: chr3:197885925 G>A pon_base=*
2026-06-02 16:24:24,284 [pon_mask_filter] DEBUG: KEPT: chr3:197889099 A>G pon_base=*
2026-06-02 16:24:24,284 [pon_mask_filter] DEBUG: KEPT: chr3:198033980 A>G pon_base=*
2026-06-02 16:24:24,284 [pon_mask_filter] DEBUG: KEPT: chr4:5353081 T>A pon_base=*
2026-06-02 16:24:24,284 [pon_mask_filter] DEBUG: KEPT: chr4:31567662 A>T pon_base=*
2026-06-02 16:24:24,284 [pon_mask_filter] DEBUG: KEPT: chr4:34988100 A>T pon_base=*
2026-06-02 16:24:24,284 [pon_mask_filter] DEBUG: KEPT: chr4:42759602 T>C pon_base=*
2026-06-02 16:24:24,284 [pon_mask_filter] DEBUG: KEPT: chr4:44421655 T>C pon_base=*
2026-06-02 16:24:24,284 [pon_mask_filter] DEBUG: KEPT: chr4:45171809 T>G pon_base=*
2026-06-02 16:24:24,284 [pon_mask_filter] DEBUG: KEPT: chr4:54585410 C>A pon_base=*
2026-06-02 16:24:24,284 [pon_mask_filter] DEBUG: KEPT: chr4:56200340 C>T pon_base=*
2026-06-02 16:24:24,284 [pon_mask_filter] DEBUG: KEPT: chr4:60252737 T>C pon_base=*
2026-06-02 16:24:24,284 [pon_mask_filter] DEBUG: KEPT: chr4:66074429 T>A pon_base=*
2026-06-02 16:24:24,284 [pon_mask_filter] DEBUG: KEPT: chr4:66201040 A>T pon_base=*
2026-06-02 16:24:24,284 [pon_mask_filter] DEBUG: KEPT: chr4:66671361 C>A pon_base=*
2026-06-02 16:24:24,284 [pon_mask_filter] DEBUG: KEPT: chr4:83734835 C>G pon_base=*
2026-06-02 16:24:24,284 [pon_mask_filter] DEBUG: KEPT: chr4:84358129 G>T pon_base=*
2026-06-02 16:24:24,284 [pon_mask_filter] DEBUG: KEPT: chr4:93756897 G>T pon_base=*
2026-06-02 16:24:24,284 [pon_mask_filter] DEBUG: KEPT: chr4:96463411 C>G pon_base=*
2026-06-02 16:24:24,284 [pon_mask_filter] DEBUG: KEPT: chr4:97568668 C>A pon_base=*
2026-06-02 16:24:24,284 [pon_mask_filter] DEBUG: KEPT: chr4:106585673 T>A pon_base=*
2026-06-02 16:24:24,284 [pon_mask_filter] DEBUG: KEPT: chr4:125412606 C>T pon_base=*
2026-06-02 16:24:24,284 [pon_mask_filter] DEBUG: KEPT: chr4:131159613 A>G pon_base=*
2026-06-02 16:24:24,284 [pon_mask_filter] DEBUG: KEPT: chr4:136761568 T>G pon_base=*
2026-06-02 16:24:24,284 [pon_mask_filter] DEBUG: KEPT: chr4:150161544 G>A pon_base=*
2026-06-02 16:24:24,284 [pon_mask_filter] DEBUG: KEPT: chr4:156906120 A>T pon_base=*
2026-06-02 16:24:24,284 [pon_mask_filter] DEBUG: KEPT: chr4:160687503 G>A pon_base=*
2026-06-02 16:24:24,284 [pon_mask_filter] DEBUG: KEPT: chr4:164890068 A>C pon_base=*
2026-06-02 16:24:24,284 [pon_mask_filter] DEBUG: KEPT: chr4:179144647 T>A pon_base=*
2026-06-02 16:24:24,284 [pon_mask_filter] DEBUG: KEPT: chr4:179556902 A>C pon_base=*
2026-06-02 16:24:24,284 [pon_mask_filter] DEBUG: KEPT: chr5:12191365 C>T pon_base=*
2026-06-02 16:24:24,284 [pon_mask_filter] DEBUG: KEPT: chr5:12337305 G>A pon_base=*
2026-06-02 16:24:24,284 [pon_mask_filter] DEBUG: KEPT: chr5:12752367 A>G pon_base=*
2026-06-02 16:24:24,284 [pon_mask_filter] DEBUG: KEPT: chr5:31229866 C>A pon_base=*
2026-06-02 16:24:24,284 [pon_mask_filter] DEBUG: KEPT: chr5:37834196 G>A pon_base=*
2026-06-02 16:24:24,284 [pon_mask_filter] DEBUG: KEPT: chr5:45556230 C>A pon_base=*
2026-06-02 16:24:24,285 [pon_mask_filter] DEBUG: KEPT: chr5:46186550 G>A pon_base=*
2026-06-02 16:24:24,285 [pon_mask_filter] DEBUG: KEPT: chr5:50235282 A>T pon_base=*
2026-06-02 16:24:24,285 [pon_mask_filter] DEBUG: KEPT: chr5:56128918 G>A pon_base=*
2026-06-02 16:24:24,285 [pon_mask_filter] DEBUG: KEPT: chr5:60190014 G>A pon_base=*
2026-06-02 16:24:24,285 [pon_mask_filter] DEBUG: KEPT: chr5:83781180 T>A pon_base=*
2026-06-02 16:24:24,285 [pon_mask_filter] DEBUG: KEPT: chr5:93131846 G>T pon_base=*
2026-06-02 16:24:24,285 [pon_mask_filter] DEBUG: KEPT: chr5:99761942 G>T pon_base=*
2026-06-02 16:24:24,285 [pon_mask_filter] DEBUG: KEPT: chr5:100455392 A>C pon_base=*
2026-06-02 16:24:24,285 [pon_mask_filter] DEBUG: KEPT: chr5:105176952 T>C pon_base=*
2026-06-02 16:24:24,285 [pon_mask_filter] DEBUG: KEPT: chr5:106765348 G>T pon_base=*
2026-06-02 16:24:24,285 [pon_mask_filter] DEBUG: KEPT: chr5:107445018 T>A pon_base=*
2026-06-02 16:24:24,285 [pon_mask_filter] DEBUG: KEPT: chr5:113351120 C>A pon_base=*
2026-06-02 16:24:24,285 [pon_mask_filter] DEBUG: KEPT: chr5:113709650 G>T pon_base=*
2026-06-02 16:24:24,285 [pon_mask_filter] DEBUG: KEPT: chr5:114218411 A>G pon_base=*
2026-06-02 16:24:24,285 [pon_mask_filter] DEBUG: KEPT: chr5:130008768 C>A pon_base=*
2026-06-02 16:24:24,285 [pon_mask_filter] DEBUG: KEPT: chr5:145113887 A>G pon_base=*
2026-06-02 16:24:24,285 [pon_mask_filter] DEBUG: KEPT: chr5:162775695 A>T pon_base=*
2026-06-02 16:24:24,285 [pon_mask_filter] DEBUG: KEPT: chr5:172919517 C>T pon_base=*
2026-06-02 16:24:24,285 [pon_mask_filter] DEBUG: KEPT: chr5:174068115 C>T pon_base=*
2026-06-02 16:24:24,285 [pon_mask_filter] DEBUG: KEPT: chr5:175170089 T>C pon_base=*
2026-06-02 16:24:24,285 [pon_mask_filter] DEBUG: KEPT: chr5:178801659 C>T pon_base=*
2026-06-02 16:24:24,285 [pon_mask_filter] DEBUG: KEPT: chr6:21631048 A>C pon_base=*
2026-06-02 16:24:24,285 [pon_mask_filter] DEBUG: KEPT: chr6:36081949 A>G pon_base=*
2026-06-02 16:24:24,285 [pon_mask_filter] DEBUG: KEPT: chr6:48272426 G>A pon_base=*
2026-06-02 16:24:24,285 [pon_mask_filter] DEBUG: KEPT: chr6:50124670 C>T pon_base=*
2026-06-02 16:24:24,285 [pon_mask_filter] DEBUG: KEPT: chr6:52306122 C>T pon_base=*
2026-06-02 16:24:24,285 [pon_mask_filter] DEBUG: KEPT: chr6:55575636 T>C pon_base=*
2026-06-02 16:24:24,285 [pon_mask_filter] DEBUG: KEPT: chr6:67702825 G>A pon_base=*
2026-06-02 16:24:24,285 [pon_mask_filter] DEBUG: KEPT: chr6:68244452 A>G pon_base=*
2026-06-02 16:24:24,285 [pon_mask_filter] DEBUG: KEPT: chr6:75788175 A>T pon_base=*
2026-06-02 16:24:24,285 [pon_mask_filter] DEBUG: KEPT: chr6:84558878 C>A pon_base=*
2026-06-02 16:24:24,285 [pon_mask_filter] DEBUG: KEPT: chr6:90188388 A>C pon_base=*
2026-06-02 16:24:24,285 [pon_mask_filter] DEBUG: KEPT: chr6:90971200 C>T pon_base=*
2026-06-02 16:24:24,285 [pon_mask_filter] DEBUG: KEPT: chr6:92804999 G>T pon_base=*
2026-06-02 16:24:24,285 [pon_mask_filter] DEBUG: KEPT: chr6:94477346 G>A pon_base=*
2026-06-02 16:24:24,285 [pon_mask_filter] DEBUG: KEPT: chr6:103379564 G>A pon_base=*
2026-06-02 16:24:24,285 [pon_mask_filter] DEBUG: KEPT: chr6:103620141 C>T pon_base=*
2026-06-02 16:24:24,285 [pon_mask_filter] DEBUG: KEPT: chr6:105493672 A>G pon_base=*
2026-06-02 16:24:24,285 [pon_mask_filter] DEBUG: KEPT: chr6:129193482 T>C pon_base=*
2026-06-02 16:24:24,285 [pon_mask_filter] DEBUG: KEPT: chr6:155068793 T>A pon_base=*
2026-06-02 16:24:24,285 [pon_mask_filter] DEBUG: KEPT: chr6:169089319 C>T pon_base=*
2026-06-02 16:24:24,285 [pon_mask_filter] DEBUG: KEPT: chr7:3462536 C>T pon_base=*
2026-06-02 16:24:24,285 [pon_mask_filter] DEBUG: KEPT: chr7:15405444 A>G pon_base=*
2026-06-02 16:24:24,285 [pon_mask_filter] DEBUG: KEPT: chr7:22031243 T>G pon_base=*
2026-06-02 16:24:24,286 [pon_mask_filter] DEBUG: KEPT: chr7:32347463 A>G pon_base=*
2026-06-02 16:24:24,286 [pon_mask_filter] DEBUG: KEPT: chr7:40617231 G>A pon_base=*
2026-06-02 16:24:24,286 [pon_mask_filter] DEBUG: KEPT: chr7:43154518 G>A pon_base=*
2026-06-02 16:24:24,286 [pon_mask_filter] DEBUG: KEPT: chr7:46135942 G>T pon_base=*
2026-06-02 16:24:24,286 [pon_mask_filter] DEBUG: KEPT: chr7:46973584 T>G pon_base=*
2026-06-02 16:24:24,286 [pon_mask_filter] DEBUG: KEPT: chr7:47108230 G>A pon_base=*
2026-06-02 16:24:24,286 [pon_mask_filter] DEBUG: KEPT: chr7:52946533 C>G pon_base=*
2026-06-02 16:24:24,286 [pon_mask_filter] DEBUG: KEPT: chr7:53393464 C>A pon_base=*
2026-06-02 16:24:24,286 [pon_mask_filter] DEBUG: REMOVED pon_masked: chr7:65815117 A>T pon_base=T (IUPAC match)
2026-06-02 16:24:24,286 [pon_mask_filter] DEBUG: KEPT: chr7:71207307 C>T pon_base=*
2026-06-02 16:24:24,286 [pon_mask_filter] DEBUG: KEPT: chr7:81680941 C>A pon_base=*
2026-06-02 16:24:24,286 [pon_mask_filter] DEBUG: KEPT: chr7:85417490 T>G pon_base=*
2026-06-02 16:24:24,286 [pon_mask_filter] DEBUG: KEPT: chr7:111224021 A>C pon_base=*
2026-06-02 16:24:24,286 [pon_mask_filter] DEBUG: KEPT: chr7:120612810 C>T pon_base=*
2026-06-02 16:24:24,286 [pon_mask_filter] DEBUG: KEPT: chr7:122959918 C>T pon_base=*
2026-06-02 16:24:24,286 [pon_mask_filter] DEBUG: KEPT: chr7:123192938 A>C pon_base=*
2026-06-02 16:24:24,286 [pon_mask_filter] DEBUG: KEPT: chr7:125620482 T>G pon_base=*
2026-06-02 16:24:24,286 [pon_mask_filter] DEBUG: KEPT: chr7:138854691 T>C pon_base=*
2026-06-02 16:24:24,286 [pon_mask_filter] DEBUG: REMOVED pon_masked: chr8:2890831 G>A pon_base=A (IUPAC match)
2026-06-02 16:24:24,286 [pon_mask_filter] DEBUG: KEPT: chr8:33104801 G>T pon_base=*
2026-06-02 16:24:24,286 [pon_mask_filter] DEBUG: KEPT: chr8:36507471 A>T pon_base=*
2026-06-02 16:24:24,286 [pon_mask_filter] DEBUG: KEPT: chr8:43820475 A>T pon_base=*
2026-06-02 16:24:24,286 [pon_mask_filter] DEBUG: KEPT: chr8:51589483 G>A pon_base=*
2026-06-02 16:24:24,286 [pon_mask_filter] DEBUG: KEPT: chr8:64512938 A>G pon_base=*
2026-06-02 16:24:24,286 [pon_mask_filter] DEBUG: KEPT: chr8:87613109 T>A pon_base=*
2026-06-02 16:24:24,286 [pon_mask_filter] DEBUG: KEPT: chr8:89299118 C>A pon_base=*
2026-06-02 16:24:24,286 [pon_mask_filter] DEBUG: KEPT: chr8:92372828 T>G pon_base=*
2026-06-02 16:24:24,286 [pon_mask_filter] DEBUG: KEPT: chr8:110296543 A>G pon_base=*
2026-06-02 16:24:24,286 [pon_mask_filter] DEBUG: KEPT: chr8:115877284 T>C pon_base=*
2026-06-02 16:24:24,286 [pon_mask_filter] DEBUG: KEPT: chr8:117102143 A>T pon_base=*
2026-06-02 16:24:24,286 [pon_mask_filter] DEBUG: KEPT: chr8:119332069 T>C pon_base=*
2026-06-02 16:24:24,286 [pon_mask_filter] DEBUG: KEPT: chr8:136877152 T>G pon_base=*
2026-06-02 16:24:24,286 [pon_mask_filter] DEBUG: KEPT: chr8:137205762 T>C pon_base=*
2026-06-02 16:24:24,286 [pon_mask_filter] DEBUG: KEPT: chr9:3290315 T>C pon_base=*
2026-06-02 16:24:24,286 [pon_mask_filter] DEBUG: KEPT: chr9:4848286 G>A pon_base=*
2026-06-02 16:24:24,286 [pon_mask_filter] DEBUG: KEPT: chr9:9170001 G>T pon_base=*
2026-06-02 16:24:24,286 [pon_mask_filter] DEBUG: KEPT: chr9:11569273 A>C pon_base=*
2026-06-02 16:24:24,286 [pon_mask_filter] DEBUG: KEPT: chr9:12979197 C>T pon_base=*
2026-06-02 16:24:24,286 [pon_mask_filter] DEBUG: KEPT: chr9:22582325 A>T pon_base=*
2026-06-02 16:24:24,286 [pon_mask_filter] DEBUG: KEPT: chr9:29898015 G>T pon_base=*
2026-06-02 16:24:24,286 [pon_mask_filter] DEBUG: KEPT: chr9:42290958 T>G pon_base=*
2026-06-02 16:24:24,286 [pon_mask_filter] DEBUG: KEPT: chr9:103993962 C>A pon_base=*
2026-06-02 16:24:24,286 [pon_mask_filter] DEBUG: KEPT: chr9:114885782 A>G pon_base=*
2026-06-02 16:24:24,286 [pon_mask_filter] DEBUG: KEPT: chr9:124533635 A>G pon_base=*
2026-06-02 16:24:24,286 [pon_mask_filter] DEBUG: KEPT: chr9:138031277 G>A pon_base=*
2026-06-02 16:24:24,287 [pon_mask_filter] DEBUG: KEPT: chr10:1962759 C>A pon_base=*
2026-06-02 16:24:24,287 [pon_mask_filter] DEBUG: KEPT: chr10:6775854 A>G pon_base=*
2026-06-02 16:24:24,287 [pon_mask_filter] DEBUG: KEPT: chr10:52265154 G>A pon_base=*
2026-06-02 16:24:24,287 [pon_mask_filter] DEBUG: KEPT: chr10:53655958 A>G pon_base=*
2026-06-02 16:24:24,287 [pon_mask_filter] DEBUG: KEPT: chr10:57888215 T>A pon_base=*
2026-06-02 16:24:24,287 [pon_mask_filter] DEBUG: KEPT: chr10:65666480 C>A pon_base=*
2026-06-02 16:24:24,287 [pon_mask_filter] DEBUG: KEPT: chr10:66274275 G>A pon_base=*
2026-06-02 16:24:24,287 [pon_mask_filter] DEBUG: KEPT: chr10:72008400 C>T pon_base=*
2026-06-02 16:24:24,287 [pon_mask_filter] DEBUG: KEPT: chr10:81315017 T>A pon_base=*
2026-06-02 16:24:24,287 [pon_mask_filter] DEBUG: KEPT: chr10:105313605 C>A pon_base=*
2026-06-02 16:24:24,287 [pon_mask_filter] DEBUG: KEPT: chr10:105982088 T>A pon_base=*
2026-06-02 16:24:24,287 [pon_mask_filter] DEBUG: KEPT: chr11:11583728 T>G pon_base=*
2026-06-02 16:24:24,287 [pon_mask_filter] DEBUG: KEPT: chr11:12739986 T>C pon_base=*
2026-06-02 16:24:24,287 [pon_mask_filter] DEBUG: KEPT: chr11:26536392 G>T pon_base=*
2026-06-02 16:24:24,287 [pon_mask_filter] DEBUG: KEPT: chr11:34298863 C>A pon_base=*
2026-06-02 16:24:24,287 [pon_mask_filter] DEBUG: KEPT: chr11:36264948 C>T pon_base=*
2026-06-02 16:24:24,287 [pon_mask_filter] DEBUG: KEPT: chr11:55114564 T>C pon_base=*
2026-06-02 16:24:24,287 [pon_mask_filter] DEBUG: KEPT: chr11:91704937 C>A pon_base=*
2026-06-02 16:24:24,287 [pon_mask_filter] DEBUG: KEPT: chr11:97651134 C>A pon_base=*
2026-06-02 16:24:24,287 [pon_mask_filter] DEBUG: KEPT: chr11:98574417 G>A pon_base=*
2026-06-02 16:24:24,287 [pon_mask_filter] DEBUG: KEPT: chr11:109625289 A>G pon_base=*
2026-06-02 16:24:24,287 [pon_mask_filter] DEBUG: KEPT: chr11:117881139 A>G pon_base=*
2026-06-02 16:24:24,287 [pon_mask_filter] DEBUG: KEPT: chr12:17027784 G>T pon_base=*
2026-06-02 16:24:24,287 [pon_mask_filter] DEBUG: KEPT: chr12:44423439 A>G pon_base=*
2026-06-02 16:24:24,287 [pon_mask_filter] DEBUG: KEPT: chr12:60988527 T>A pon_base=*
2026-06-02 16:24:24,287 [pon_mask_filter] DEBUG: KEPT: chr12:62686766 G>A pon_base=*
2026-06-02 16:24:24,287 [pon_mask_filter] DEBUG: KEPT: chr12:72978812 T>C pon_base=*
2026-06-02 16:24:24,287 [pon_mask_filter] DEBUG: KEPT: chr12:78754917 T>C pon_base=*
2026-06-02 16:24:24,287 [pon_mask_filter] DEBUG: KEPT: chr12:84840755 T>G pon_base=*
2026-06-02 16:24:24,287 [pon_mask_filter] DEBUG: KEPT: chr12:96454852 C>A pon_base=*
2026-06-02 16:24:24,287 [pon_mask_filter] DEBUG: KEPT: chr12:100872638 T>C pon_base=*
2026-06-02 16:24:24,287 [pon_mask_filter] DEBUG: KEPT: chr12:114891521 G>T pon_base=*
2026-06-02 16:24:24,287 [pon_mask_filter] DEBUG: KEPT: chr13:22561658 G>T pon_base=*
2026-06-02 16:24:24,287 [pon_mask_filter] DEBUG: KEPT: chr13:24192916 G>T pon_base=*
2026-06-02 16:24:24,287 [pon_mask_filter] DEBUG: KEPT: chr13:32996378 C>T pon_base=*
2026-06-02 16:24:24,287 [pon_mask_filter] DEBUG: KEPT: chr13:36086012 T>C pon_base=*
2026-06-02 16:24:24,287 [pon_mask_filter] DEBUG: KEPT: chr13:37817619 C>T pon_base=*
2026-06-02 16:24:24,288 [pon_mask_filter] DEBUG: KEPT: chr13:42036702 T>G pon_base=*
2026-06-02 16:24:24,288 [pon_mask_filter] DEBUG: KEPT: chr13:47017944 C>G pon_base=*
2026-06-02 16:24:24,288 [pon_mask_filter] DEBUG: KEPT: chr13:58496320 C>A pon_base=*
2026-06-02 16:24:24,288 [pon_mask_filter] DEBUG: KEPT: chr13:61853100 G>C pon_base=*
2026-06-02 16:24:24,288 [pon_mask_filter] DEBUG: KEPT: chr13:62489129 C>T pon_base=*
2026-06-02 16:24:24,288 [pon_mask_filter] DEBUG: KEPT: chr13:64710195 A>C pon_base=*
2026-06-02 16:24:24,288 [pon_mask_filter] DEBUG: KEPT: chr13:64949291 A>C pon_base=*
2026-06-02 16:24:24,288 [pon_mask_filter] DEBUG: KEPT: chr13:71594366 G>A pon_base=*
2026-06-02 16:24:24,288 [pon_mask_filter] DEBUG: KEPT: chr13:79847978 A>T pon_base=*
2026-06-02 16:24:24,288 [pon_mask_filter] DEBUG: KEPT: chr13:92861539 T>C pon_base=*
2026-06-02 16:24:24,288 [pon_mask_filter] DEBUG: KEPT: chr13:109577342 A>T pon_base=*
2026-06-02 16:24:24,288 [pon_mask_filter] DEBUG: KEPT: chr14:19745925 C>G pon_base=*
2026-06-02 16:24:24,288 [pon_mask_filter] DEBUG: KEPT: chr14:19790252 A>G pon_base=*
2026-06-02 16:24:24,288 [pon_mask_filter] DEBUG: KEPT: chr14:19801957 T>A pon_base=*
2026-06-02 16:24:24,288 [pon_mask_filter] DEBUG: KEPT: chr14:19877264 A>G pon_base=*
2026-06-02 16:24:24,288 [pon_mask_filter] DEBUG: KEPT: chr14:19930319 T>A pon_base=*
2026-06-02 16:24:24,288 [pon_mask_filter] DEBUG: KEPT: chr14:21809998 G>A pon_base=*
2026-06-02 16:24:24,288 [pon_mask_filter] DEBUG: KEPT: chr14:24834185 A>T pon_base=*
2026-06-02 16:24:24,288 [pon_mask_filter] DEBUG: KEPT: chr14:24930674 G>T pon_base=*
2026-06-02 16:24:24,288 [pon_mask_filter] DEBUG: KEPT: chr14:41790561 A>G pon_base=*
2026-06-02 16:24:24,288 [pon_mask_filter] DEBUG: KEPT: chr14:42721175 G>C pon_base=*
2026-06-02 16:24:24,288 [pon_mask_filter] DEBUG: KEPT: chr14:47266954 G>A pon_base=*
2026-06-02 16:24:24,288 [pon_mask_filter] DEBUG: KEPT: chr14:60475434 G>T pon_base=*
2026-06-02 16:24:24,288 [pon_mask_filter] DEBUG: KEPT: chr14:78522000 C>A pon_base=*
2026-06-02 16:24:24,288 [pon_mask_filter] DEBUG: KEPT: chr14:80984415 C>T pon_base=*
2026-06-02 16:24:24,288 [pon_mask_filter] DEBUG: KEPT: chr14:85372970 T>C pon_base=*
2026-06-02 16:24:24,288 [pon_mask_filter] DEBUG: KEPT: chr14:100972574 G>T pon_base=*
2026-06-02 16:24:24,288 [pon_mask_filter] DEBUG: KEPT: chr15:37408832 C>T pon_base=*
2026-06-02 16:24:24,288 [pon_mask_filter] DEBUG: KEPT: chr15:39374682 C>G pon_base=*
2026-06-02 16:24:24,288 [pon_mask_filter] DEBUG: KEPT: chr15:51416335 G>T pon_base=*
2026-06-02 16:24:24,288 [pon_mask_filter] DEBUG: KEPT: chr15:72907972 C>T pon_base=*
2026-06-02 16:24:24,288 [pon_mask_filter] DEBUG: KEPT: chr16:13588160 G>A pon_base=*
2026-06-02 16:24:24,288 [pon_mask_filter] DEBUG: KEPT: chr16:13588162 G>T pon_base=*
2026-06-02 16:24:24,288 [pon_mask_filter] DEBUG: KEPT: chr17:15081476 A>T pon_base=*
2026-06-02 16:24:24,288 [pon_mask_filter] DEBUG: KEPT: chr17:40232287 T>G pon_base=*
2026-06-02 16:24:24,288 [pon_mask_filter] DEBUG: KEPT: chr17:77856915 C>T pon_base=*
2026-06-02 16:24:24,288 [pon_mask_filter] DEBUG: KEPT: chr18:7747720 A>G pon_base=*
2026-06-02 16:24:24,288 [pon_mask_filter] DEBUG: KEPT: chr18:9858837 G>A pon_base=*
2026-06-02 16:24:24,288 [pon_mask_filter] DEBUG: KEPT: chr18:27457334 T>G pon_base=*
2026-06-02 16:24:24,288 [pon_mask_filter] DEBUG: KEPT: chr18:30468083 T>G pon_base=*
2026-06-02 16:24:24,288 [pon_mask_filter] DEBUG: KEPT: chr18:52760677 C>A pon_base=*
2026-06-02 16:24:24,288 [pon_mask_filter] DEBUG: KEPT: chr18:63714870 A>G pon_base=*
2026-06-02 16:24:24,288 [pon_mask_filter] DEBUG: KEPT: chr18:71984179 C>T pon_base=*
2026-06-02 16:24:24,289 [pon_mask_filter] DEBUG: KEPT: chr18:79176967 G>A pon_base=*
2026-06-02 16:24:24,289 [pon_mask_filter] DEBUG: KEPT: chr19:31416771 C>T pon_base=*
2026-06-02 16:24:24,289 [pon_mask_filter] DEBUG: KEPT: chr19:44588217 G>A pon_base=*
2026-06-02 16:24:24,289 [pon_mask_filter] DEBUG: KEPT: chr20:22355454 T>A pon_base=*
2026-06-02 16:24:24,289 [pon_mask_filter] DEBUG: KEPT: chr20:31804499 A>C pon_base=*
2026-06-02 16:24:24,289 [pon_mask_filter] DEBUG: KEPT: chr20:39649249 C>T pon_base=*
2026-06-02 16:24:24,289 [pon_mask_filter] DEBUG: KEPT: chr20:44663237 A>T pon_base=*
2026-06-02 16:24:24,289 [pon_mask_filter] DEBUG: KEPT: chr21:19717761 G>T pon_base=*
2026-06-02 16:24:24,289 [pon_mask_filter] DEBUG: KEPT: chr21:21173874 G>T pon_base=*
2026-06-02 16:24:24,289 [pon_mask_filter] DEBUG: KEPT: chr21:22873745 C>T pon_base=*
2026-06-02 16:24:24,289 [pon_mask_filter] DEBUG: KEPT: chr21:23393905 G>A pon_base=*
2026-06-02 16:24:24,289 [pon_mask_filter] DEBUG: REMOVED pon_masked: chr22:22829558 T>C pon_base=C (IUPAC match)
2026-06-02 16:24:24,289 [pon_mask_filter] DEBUG: KEPT: chr22:28375161 C>T pon_base=*
2026-06-02 16:24:24,289 [pon_mask_filter] DEBUG: REMOVED pon_masked: chrX:940177 A>G pon_base=B (IUPAC match)
2026-06-02 16:24:24,289 [pon_mask_filter] INFO: ================================================================
2026-06-02 16:24:24,289 [pon_mask_filter] INFO: RESULTS:
2026-06-02 16:24:24,289 [pon_mask_filter] INFO:   variants_input=300
2026-06-02 16:24:24,289 [pon_mask_filter] INFO:   variants_kept=291
2026-06-02 16:24:24,289 [pon_mask_filter] INFO:   variants_removed=9 (PON masked)
2026-06-02 16:24:24,289 [pon_mask_filter] INFO:   lines_skipped=0 (malformed)
2026-06-02 16:24:24,289 [pon_mask_filter] INFO:   faidx_errors=0
2026-06-02 16:24:24,289 [pon_mask_filter] INFO:   pass_rate=97.0%
2026-06-02 16:24:24,289 [pon_mask_filter] INFO:   PON base distribution:
2026-06-02 16:24:24,289 [pon_mask_filter] INFO:     *: 291
2026-06-02 16:24:24,289 [pon_mask_filter] INFO:     T: 3
2026-06-02 16:24:24,289 [pon_mask_filter] INFO:     A: 3
2026-06-02 16:24:24,289 [pon_mask_filter] INFO:     W: 1
2026-06-02 16:24:24,289 [pon_mask_filter] INFO:     C: 1
2026-06-02 16:24:24,289 [pon_mask_filter] INFO:     B: 1
2026-06-02 16:24:24,289 [pon_mask_filter] INFO:   elapsed=4.7 seconds
2026-06-02 16:24:24,289 [pon_mask_filter] INFO: END pon_mask_filter
2026-06-02 16:24:24,289 [pon_mask_filter] INFO: ================================================================
