2026-06-02 15:37:59,868 [pon_mask_filter] INFO: ================================================================
2026-06-02 15:37:59,868 [pon_mask_filter] INFO: START pon_mask_filter
2026-06-02 15:37:59,868 [pon_mask_filter] INFO: input_file=results/filtering/HG002/HG002.vaf_filtered.txt
2026-06-02 15:37:59,868 [pon_mask_filter] INFO: pon_fasta=resources/hg38/PON.q20q20.05.5.fa
2026-06-02 15:37:59,868 [pon_mask_filter] INFO: pon_fasta_size=3088289314 bytes
2026-06-02 15:37:59,868 [pon_mask_filter] INFO: samtools_sif=containers/samtools_1.17.sif
2026-06-02 15:37:59,868 [pon_mask_filter] INFO:   threads=4
2026-06-02 15:37:59,869 [pon_mask_filter] INFO: criterion: IUPAC match between alt allele and PON base → remove
2026-06-02 15:37:59,869 [pon_mask_filter] INFO: ================================================================
2026-06-02 15:38:01,611 [pon_mask_filter] DEBUG: KEPT: chr20:1454720 T>C pon_base=*
2026-06-02 15:38:01,611 [pon_mask_filter] DEBUG: KEPT: chr20:4182414 C>T pon_base=*
2026-06-02 15:38:01,611 [pon_mask_filter] DEBUG: KEPT: chr20:5122314 A>T pon_base=*
2026-06-02 15:38:01,611 [pon_mask_filter] DEBUG: KEPT: chr20:8544690 T>C pon_base=*
2026-06-02 15:38:01,611 [pon_mask_filter] DEBUG: KEPT: chr20:10947901 A>T pon_base=*
2026-06-02 15:38:01,611 [pon_mask_filter] DEBUG: KEPT: chr20:14073461 A>T pon_base=*
2026-06-02 15:38:01,611 [pon_mask_filter] DEBUG: KEPT: chr20:14351391 T>C pon_base=*
2026-06-02 15:38:01,611 [pon_mask_filter] DEBUG: KEPT: chr20:14589708 A>G pon_base=*
2026-06-02 15:38:01,611 [pon_mask_filter] DEBUG: KEPT: chr20:16135935 T>C pon_base=*
2026-06-02 15:38:01,611 [pon_mask_filter] DEBUG: KEPT: chr20:24043468 G>C pon_base=*
2026-06-02 15:38:01,611 [pon_mask_filter] DEBUG: KEPT: chr20:24137400 G>T pon_base=*
2026-06-02 15:38:01,611 [pon_mask_filter] DEBUG: KEPT: chr20:32482217 A>G pon_base=C
2026-06-02 15:38:01,611 [pon_mask_filter] DEBUG: KEPT: chr20:35401569 T>C pon_base=*
2026-06-02 15:38:01,611 [pon_mask_filter] DEBUG: KEPT: chr20:38139365 T>A pon_base=*
2026-06-02 15:38:01,611 [pon_mask_filter] DEBUG: KEPT: chr20:38440495 G>A pon_base=*
2026-06-02 15:38:01,611 [pon_mask_filter] DEBUG: KEPT: chr20:39698337 C>A pon_base=*
2026-06-02 15:38:01,611 [pon_mask_filter] DEBUG: KEPT: chr20:40055079 G>A pon_base=*
2026-06-02 15:38:01,611 [pon_mask_filter] DEBUG: KEPT: chr20:40241997 G>T pon_base=*
2026-06-02 15:38:01,611 [pon_mask_filter] DEBUG: KEPT: chr20:42946239 G>T pon_base=*
2026-06-02 15:38:01,611 [pon_mask_filter] DEBUG: KEPT: chr20:43319309 C>T pon_base=*
2026-06-02 15:38:01,611 [pon_mask_filter] DEBUG: KEPT: chr20:45367017 G>A pon_base=*
2026-06-02 15:38:01,611 [pon_mask_filter] DEBUG: REMOVED pon_masked: chr20:46492519 G>A pon_base=A (IUPAC match)
2026-06-02 15:38:01,611 [pon_mask_filter] DEBUG: KEPT: chr20:47053475 G>T pon_base=*
2026-06-02 15:38:01,612 [pon_mask_filter] DEBUG: KEPT: chr20:48789721 T>C pon_base=*
2026-06-02 15:38:01,612 [pon_mask_filter] DEBUG: KEPT: chr20:49695957 G>A pon_base=*
2026-06-02 15:38:01,612 [pon_mask_filter] DEBUG: KEPT: chr20:52328285 G>T pon_base=*
2026-06-02 15:38:01,612 [pon_mask_filter] DEBUG: KEPT: chr20:52552200 G>A pon_base=*
2026-06-02 15:38:01,612 [pon_mask_filter] DEBUG: KEPT: chr20:55954627 G>A pon_base=*
2026-06-02 15:38:01,612 [pon_mask_filter] DEBUG: KEPT: chr20:57721435 C>T pon_base=*
2026-06-02 15:38:01,612 [pon_mask_filter] DEBUG: KEPT: chr20:58761907 A>G pon_base=*
2026-06-02 15:38:01,612 [pon_mask_filter] DEBUG: KEPT: chr20:62665239 C>T pon_base=*
2026-06-02 15:38:01,612 [pon_mask_filter] INFO: ================================================================
2026-06-02 15:38:01,612 [pon_mask_filter] INFO: RESULTS:
2026-06-02 15:38:01,612 [pon_mask_filter] INFO:   variants_input=31
2026-06-02 15:38:01,612 [pon_mask_filter] INFO:   variants_kept=30
2026-06-02 15:38:01,612 [pon_mask_filter] INFO:   variants_removed=1 (PON masked)
2026-06-02 15:38:01,612 [pon_mask_filter] INFO:   lines_skipped=0 (malformed)
2026-06-02 15:38:01,612 [pon_mask_filter] INFO:   faidx_errors=0
2026-06-02 15:38:01,612 [pon_mask_filter] INFO:   pass_rate=96.8%
2026-06-02 15:38:01,612 [pon_mask_filter] INFO:   PON base distribution:
2026-06-02 15:38:01,612 [pon_mask_filter] INFO:     *: 29
2026-06-02 15:38:01,612 [pon_mask_filter] INFO:     C: 1
2026-06-02 15:38:01,612 [pon_mask_filter] INFO:     A: 1
2026-06-02 15:38:01,612 [pon_mask_filter] INFO:   elapsed=1.7 seconds
2026-06-02 15:38:01,612 [pon_mask_filter] INFO: END pon_mask_filter
2026-06-02 15:38:01,612 [pon_mask_filter] INFO: ================================================================
