2026-06-02 15:36:40,935 [vaf_filter] INFO: ================================================================
2026-06-02 15:36:40,935 [vaf_filter] INFO: START vaf_filter
2026-06-02 15:36:40,935 [vaf_filter] INFO: input_file=results/filtering/HG002/HG002.germline_filtered.txt
2026-06-02 15:36:40,935 [vaf_filter] INFO: cram=results/mapping/HG002/HG002.cram
2026-06-02 15:36:40,935 [vaf_filter] INFO: cram_size=7140851875 bytes
2026-06-02 15:36:40,936 [vaf_filter] INFO: ref=resources/hg38/Homo_sapiens_assembly38.fasta
2026-06-02 15:36:40,936 [vaf_filter] INFO: samtools_sif=containers/samtools_1.17.sif
2026-06-02 15:36:40,936 [vaf_filter] INFO: parameters:
2026-06-02 15:36:40,936 [vaf_filter] INFO:   min_mapq=20
2026-06-02 15:36:40,936 [vaf_filter] INFO:   min_baseq=20
2026-06-02 15:36:40,936 [vaf_filter] INFO:   p_binom_threshold=1.0e-06
2026-06-02 15:36:40,936 [vaf_filter] INFO:   min_alt_count=5
2026-06-02 15:36:40,936 [vaf_filter] INFO:   threads=4
2026-06-02 15:36:40,936 [vaf_filter] INFO: criterion: binom_test(alt, depth, p=0.5, alt='less') < 1.0e-06 AND alt >= 5
2026-06-02 15:36:40,936 [vaf_filter] INFO: ================================================================
2026-06-02 15:37:59,812 [vaf_filter] DEBUG: REMOVED high_pvalue: chr20:68303 T>C depth=350 alt=350 vaf=1.0000 p=1.00e+00 (>1.0e-06)
2026-06-02 15:37:59,812 [vaf_filter] DEBUG: REMOVED high_pvalue: chr20:81154 T>G depth=300 alt=300 vaf=1.0000 p=1.00e+00 (>1.0e-06)
2026-06-02 15:37:59,812 [vaf_filter] DEBUG: KEPT: chr20:1454720 T>C depth=299 alt=9 vaf=0.0301 p=2.83e-59
2026-06-02 15:37:59,812 [vaf_filter] DEBUG: REMOVED low_alt: chr20:1739563 G>A depth=321 alt=4 vaf=0.0125 p=3.22e-68
2026-06-02 15:37:59,812 [vaf_filter] DEBUG: REMOVED high_pvalue: chr20:2202238 C>T depth=287 alt=137 vaf=0.4774 p=2.39e-01 (>1.0e-06)
2026-06-02 15:37:59,812 [vaf_filter] DEBUG: REMOVED high_pvalue: chr20:3734356 A>C depth=242 alt=111 vaf=0.4587 p=1.11e-01 (>1.0e-06)
2026-06-02 15:37:59,812 [vaf_filter] DEBUG: KEPT: chr20:4182414 C>T depth=247 alt=17 vaf=0.0688 p=9.05e-42
2026-06-02 15:37:59,812 [vaf_filter] DEBUG: KEPT: chr20:5122314 A>T depth=359 alt=5 vaf=0.0139 p=1.21e-75
2026-06-02 15:37:59,812 [vaf_filter] DEBUG: REMOVED low_alt: chr20:7009148 T>C depth=382 alt=4 vaf=0.0105 p=1.70e-81
2026-06-02 15:37:59,812 [vaf_filter] DEBUG: REMOVED high_pvalue: chr20:7265928 A>G depth=320 alt=164 vaf=0.5125 p=6.93e-01 (>1.0e-06)
2026-06-02 15:37:59,812 [vaf_filter] DEBUG: REMOVED high_pvalue: chr20:7379402 C>G depth=240 alt=117 vaf=0.4875 p=3.73e-01 (>1.0e-06)
2026-06-02 15:37:59,812 [vaf_filter] DEBUG: REMOVED high_pvalue: chr20:7382842 C>A depth=264 alt=112 vaf=0.4242 p=8.19e-03 (>1.0e-06)
2026-06-02 15:37:59,812 [vaf_filter] DEBUG: REMOVED high_pvalue: chr20:7408499 A>G depth=259 alt=131 vaf=0.5058 p=5.98e-01 (>1.0e-06)
2026-06-02 15:37:59,813 [vaf_filter] DEBUG: REMOVED high_pvalue: chr20:7664855 C>T depth=282 alt=113 vaf=0.4007 p=5.28e-04 (>1.0e-06)
2026-06-02 15:37:59,813 [vaf_filter] DEBUG: REMOVED high_pvalue: chr20:8146655 T>C depth=293 alt=133 vaf=0.4539 p=6.44e-02 (>1.0e-06)
2026-06-02 15:37:59,813 [vaf_filter] DEBUG: KEPT: chr20:8544690 T>C depth=287 alt=10 vaf=0.0348 p=7.39e-56
2026-06-02 15:37:59,813 [vaf_filter] DEBUG: REMOVED high_pvalue: chr20:9606360 C>T depth=237 alt=112 vaf=0.4726 p=2.18e-01 (>1.0e-06)
2026-06-02 15:37:59,813 [vaf_filter] DEBUG: REMOVED high_pvalue: chr20:10429137 C>T depth=236 alt=99 vaf=0.4195 p=8.01e-03 (>1.0e-06)
2026-06-02 15:37:59,813 [vaf_filter] DEBUG: KEPT: chr20:10947901 A>T depth=260 alt=5 vaf=0.0192 p=4.25e-54
2026-06-02 15:37:59,813 [vaf_filter] DEBUG: REMOVED high_pvalue: chr20:11132316 A>G depth=306 alt=141 vaf=0.4608 p=9.43e-02 (>1.0e-06)
2026-06-02 15:37:59,813 [vaf_filter] DEBUG: REMOVED high_pvalue: chr20:11134213 A>G depth=319 alt=156 vaf=0.4890 p=3.68e-01 (>1.0e-06)
2026-06-02 15:37:59,813 [vaf_filter] DEBUG: REMOVED high_pvalue: chr20:11156729 A>C depth=325 alt=144 vaf=0.4431 p=2.29e-02 (>1.0e-06)
2026-06-02 15:37:59,813 [vaf_filter] DEBUG: REMOVED high_pvalue: chr20:11161443 A>G depth=268 alt=101 vaf=0.3769 p=3.59e-05 (>1.0e-06)
2026-06-02 15:37:59,813 [vaf_filter] DEBUG: REMOVED high_pvalue: chr20:11165407 A>G depth=265 alt=102 vaf=0.3849 p=1.14e-04 (>1.0e-06)
2026-06-02 15:37:59,813 [vaf_filter] DEBUG: REMOVED high_pvalue: chr20:11179079 A>G depth=326 alt=130 vaf=0.3988 p=1.59e-04 (>1.0e-06)
2026-06-02 15:37:59,813 [vaf_filter] DEBUG: REMOVED high_pvalue: chr20:11179241 G>A depth=289 alt=117 vaf=0.4048 p=7.45e-04 (>1.0e-06)
2026-06-02 15:37:59,813 [vaf_filter] DEBUG: REMOVED high_pvalue: chr20:11182418 T>C depth=351 alt=175 vaf=0.4986 p=5.00e-01 (>1.0e-06)
2026-06-02 15:37:59,813 [vaf_filter] DEBUG: REMOVED high_pvalue: chr20:11509736 G>A depth=285 alt=124 vaf=0.4351 p=1.65e-02 (>1.0e-06)
2026-06-02 15:37:59,813 [vaf_filter] DEBUG: REMOVED high_pvalue: chr20:11581888 C>T depth=290 alt=149 vaf=0.5138 p=7.01e-01 (>1.0e-06)
2026-06-02 15:37:59,813 [vaf_filter] DEBUG: REMOVED high_pvalue: chr20:11860952 C>T depth=309 alt=122 vaf=0.3948 p=1.36e-04 (>1.0e-06)
2026-06-02 15:37:59,813 [vaf_filter] DEBUG: REMOVED high_pvalue: chr20:12354458 T>A depth=315 alt=134 vaf=0.4254 p=4.77e-03 (>1.0e-06)
2026-06-02 15:37:59,813 [vaf_filter] DEBUG: REMOVED high_pvalue: chr20:12788964 A>C depth=305 alt=143 vaf=0.4689 p=1.51e-01 (>1.0e-06)
2026-06-02 15:37:59,813 [vaf_filter] DEBUG: REMOVED low_alt: chr20:13043827 C>A depth=224 alt=3 vaf=0.0134 p=6.15e-48
2026-06-02 15:37:59,813 [vaf_filter] DEBUG: REMOVED high_pvalue: chr20:13265534 A>T depth=206 alt=90 vaf=0.4369 p=4.08e-02 (>1.0e-06)
2026-06-02 15:37:59,813 [vaf_filter] DEBUG: REMOVED high_pvalue: chr20:13911267 C>T depth=358 alt=146 vaf=0.4078 p=2.96e-04 (>1.0e-06)
2026-06-02 15:37:59,813 [vaf_filter] DEBUG: KEPT: chr20:14073461 A>T depth=373 alt=11 vaf=0.0295 p=1.06e-73
2026-06-02 15:37:59,813 [vaf_filter] DEBUG: KEPT: chr20:14351391 T>C depth=361 alt=6 vaf=0.0166 p=3.10e-75
2026-06-02 15:37:59,813 [vaf_filter] DEBUG: KEPT: chr20:14589708 A>G depth=290 alt=7 vaf=0.0241 p=5.81e-59
2026-06-02 15:37:59,813 [vaf_filter] DEBUG: REMOVED high_pvalue: chr20:14792383 G>A depth=353 alt=146 vaf=0.4136 p=7.03e-04 (>1.0e-06)
2026-06-02 15:37:59,813 [vaf_filter] DEBUG: REMOVED high_pvalue: chr20:15992055 G>C depth=280 alt=143 vaf=0.5107 p=6.62e-01 (>1.0e-06)
2026-06-02 15:37:59,813 [vaf_filter] DEBUG: KEPT: chr20:16135935 T>C depth=294 alt=8 vaf=0.0272 p=5.24e-59
2026-06-02 15:37:59,813 [vaf_filter] DEBUG: REMOVED high_pvalue: chr20:16730717 C>T depth=213 alt=106 vaf=0.4977 p=5.00e-01 (>1.0e-06)
2026-06-02 15:37:59,813 [vaf_filter] DEBUG: REMOVED high_pvalue: chr20:16786924 A>G depth=269 alt=132 vaf=0.4907 p=4.04e-01 (>1.0e-06)
2026-06-02 15:37:59,813 [vaf_filter] DEBUG: REMOVED high_pvalue: chr20:17448827 C>A depth=212 alt=87 vaf=0.4104 p=5.52e-03 (>1.0e-06)
2026-06-02 15:37:59,813 [vaf_filter] DEBUG: REMOVED low_alt: chr20:18078502 C>A depth=217 alt=2 vaf=0.0092 p=2.93e-47
2026-06-02 15:37:59,813 [vaf_filter] DEBUG: REMOVED high_pvalue: chr20:18487989 C>A depth=358 alt=149 vaf=0.4162 p=9.10e-04 (>1.0e-06)
2026-06-02 15:37:59,813 [vaf_filter] DEBUG: REMOVED high_pvalue: chr20:18487996 C>G depth=353 alt=151 vaf=0.4278 p=3.89e-03 (>1.0e-06)
2026-06-02 15:37:59,813 [vaf_filter] DEBUG: REMOVED high_pvalue: chr20:19351589 T>C depth=195 alt=98 vaf=0.5026 p=5.57e-01 (>1.0e-06)
2026-06-02 15:37:59,813 [vaf_filter] DEBUG: REMOVED low_alt: chr20:19446100 G>C depth=289 alt=4 vaf=0.0138 p=2.98e-61
2026-06-02 15:37:59,813 [vaf_filter] DEBUG: REMOVED high_pvalue: chr20:22097831 G>A depth=300 alt=135 vaf=0.4500 p=4.70e-02 (>1.0e-06)
2026-06-02 15:37:59,813 [vaf_filter] DEBUG: REMOVED low_alt: chr20:22596748 T>C depth=264 alt=2 vaf=0.0076 p=1.66e-57
2026-06-02 15:37:59,813 [vaf_filter] DEBUG: REMOVED high_pvalue: chr20:22780342 C>T depth=234 alt=97 vaf=0.4145 p=5.39e-03 (>1.0e-06)
2026-06-02 15:37:59,813 [vaf_filter] DEBUG: KEPT: chr20:24043468 G>C depth=253 alt=6 vaf=0.0237 p=9.61e-52
2026-06-02 15:37:59,813 [vaf_filter] DEBUG: KEPT: chr20:24137400 G>T depth=312 alt=11 vaf=0.0353 p=1.80e-60
2026-06-02 15:37:59,813 [vaf_filter] DEBUG: REMOVED high_pvalue: chr20:24872941 T>C depth=217 alt=115 vaf=0.5300 p=8.29e-01 (>1.0e-06)
2026-06-02 15:37:59,813 [vaf_filter] DEBUG: REMOVED high_pvalue: chr20:25854345 C>T depth=188 alt=88 vaf=0.4681 p=2.11e-01 (>1.0e-06)
2026-06-02 15:37:59,813 [vaf_filter] DEBUG: REMOVED high_pvalue: chr20:25879314 T>C depth=285 alt=140 vaf=0.4912 p=4.06e-01 (>1.0e-06)
2026-06-02 15:37:59,813 [vaf_filter] DEBUG: REMOVED high_pvalue: chr20:25880461 T>G depth=236 alt=236 vaf=1.0000 p=1.00e+00 (>1.0e-06)
2026-06-02 15:37:59,813 [vaf_filter] DEBUG: REMOVED high_pvalue: chr20:25880623 C>T depth=242 alt=117 vaf=0.4835 p=3.26e-01 (>1.0e-06)
2026-06-02 15:37:59,813 [vaf_filter] DEBUG: REMOVED high_pvalue: chr20:25933256 G>A depth=266 alt=128 vaf=0.4812 p=2.91e-01 (>1.0e-06)
2026-06-02 15:37:59,813 [vaf_filter] DEBUG: REMOVED high_pvalue: chr20:25938614 C>G depth=355 alt=178 vaf=0.5014 p=5.42e-01 (>1.0e-06)
2026-06-02 15:37:59,813 [vaf_filter] DEBUG: REMOVED high_pvalue: chr20:25939181 A>T depth=324 alt=138 vaf=0.4259 p=4.51e-03 (>1.0e-06)
2026-06-02 15:37:59,813 [vaf_filter] DEBUG: REMOVED high_pvalue: chr20:25940687 T>C depth=310 alt=149 vaf=0.4806 p=2.66e-01 (>1.0e-06)
2026-06-02 15:37:59,813 [vaf_filter] DEBUG: REMOVED high_pvalue: chr20:25950120 A>G depth=279 alt=130 vaf=0.4659 p=1.41e-01 (>1.0e-06)
2026-06-02 15:37:59,813 [vaf_filter] DEBUG: REMOVED high_pvalue: chr20:25950722 A>G depth=343 alt=165 vaf=0.4810 p=2.59e-01 (>1.0e-06)
2026-06-02 15:37:59,814 [vaf_filter] DEBUG: REMOVED high_pvalue: chr20:25954916 C>A depth=360 alt=170 vaf=0.4722 p=1.58e-01 (>1.0e-06)
2026-06-02 15:37:59,814 [vaf_filter] DEBUG: REMOVED high_pvalue: chr20:25955065 G>T depth=339 alt=165 vaf=0.4867 p=3.32e-01 (>1.0e-06)
2026-06-02 15:37:59,814 [vaf_filter] DEBUG: REMOVED high_pvalue: chr20:25959418 T>G depth=271 alt=135 vaf=0.4982 p=5.00e-01 (>1.0e-06)
2026-06-02 15:37:59,814 [vaf_filter] DEBUG: REMOVED high_pvalue: chr20:25959443 A>G depth=286 alt=143 vaf=0.5000 p=5.24e-01 (>1.0e-06)
2026-06-02 15:37:59,814 [vaf_filter] DEBUG: REMOVED high_pvalue: chr20:26104702 T>C depth=306 alt=163 vaf=0.5327 p=8.85e-01 (>1.0e-06)
2026-06-02 15:37:59,814 [vaf_filter] DEBUG: REMOVED high_pvalue: chr20:26107054 A>T depth=340 alt=340 vaf=1.0000 p=1.00e+00 (>1.0e-06)
2026-06-02 15:37:59,814 [vaf_filter] DEBUG: REMOVED high_pvalue: chr20:26108443 T>C depth=280 alt=280 vaf=1.0000 p=1.00e+00 (>1.0e-06)
2026-06-02 15:37:59,814 [vaf_filter] DEBUG: REMOVED high_pvalue: chr20:26112496 G>A depth=264 alt=124 vaf=0.4697 p=1.78e-01 (>1.0e-06)
2026-06-02 15:37:59,814 [vaf_filter] DEBUG: REMOVED high_pvalue: chr20:26125809 G>A depth=203 alt=203 vaf=1.0000 p=1.00e+00 (>1.0e-06)
2026-06-02 15:37:59,814 [vaf_filter] DEBUG: REMOVED high_pvalue: chr20:26143403 G>A depth=302 alt=302 vaf=1.0000 p=1.00e+00 (>1.0e-06)
2026-06-02 15:37:59,814 [vaf_filter] DEBUG: REMOVED high_pvalue: chr20:26144958 A>G depth=276 alt=140 vaf=0.5072 p=6.18e-01 (>1.0e-06)
2026-06-02 15:37:59,814 [vaf_filter] DEBUG: REMOVED high_pvalue: chr20:26148044 T>C depth=343 alt=343 vaf=1.0000 p=1.00e+00 (>1.0e-06)
2026-06-02 15:37:59,814 [vaf_filter] DEBUG: REMOVED high_pvalue: chr20:26148811 T>A depth=310 alt=149 vaf=0.4806 p=2.66e-01 (>1.0e-06)
2026-06-02 15:37:59,814 [vaf_filter] DEBUG: REMOVED high_pvalue: chr20:26150574 G>A depth=295 alt=295 vaf=1.0000 p=1.00e+00 (>1.0e-06)
2026-06-02 15:37:59,814 [vaf_filter] DEBUG: REMOVED high_pvalue: chr20:26151195 T>C depth=354 alt=164 vaf=0.4633 p=9.20e-02 (>1.0e-06)
2026-06-02 15:37:59,814 [vaf_filter] DEBUG: REMOVED high_pvalue: chr20:26154006 A>G depth=268 alt=127 vaf=0.4739 p=2.14e-01 (>1.0e-06)
2026-06-02 15:37:59,814 [vaf_filter] DEBUG: REMOVED high_pvalue: chr20:26154769 A>G depth=322 alt=154 vaf=0.4783 p=2.34e-01 (>1.0e-06)
2026-06-02 15:37:59,814 [vaf_filter] DEBUG: REMOVED high_pvalue: chr20:26159533 A>G depth=339 alt=160 vaf=0.4720 p=1.64e-01 (>1.0e-06)
2026-06-02 15:37:59,814 [vaf_filter] DEBUG: REMOVED high_pvalue: chr20:26160690 T>A depth=324 alt=324 vaf=1.0000 p=1.00e+00 (>1.0e-06)
2026-06-02 15:37:59,814 [vaf_filter] DEBUG: REMOVED high_pvalue: chr20:26160727 T>C depth=318 alt=151 vaf=0.4748 p=2.00e-01 (>1.0e-06)
2026-06-02 15:37:59,814 [vaf_filter] DEBUG: REMOVED high_pvalue: chr20:26161450 G>T depth=300 alt=143 vaf=0.4767 p=2.26e-01 (>1.0e-06)
2026-06-02 15:37:59,814 [vaf_filter] DEBUG: REMOVED high_pvalue: chr20:26219007 C>A depth=344 alt=344 vaf=1.0000 p=1.00e+00 (>1.0e-06)
2026-06-02 15:37:59,814 [vaf_filter] DEBUG: REMOVED high_pvalue: chr20:26226197 T>C depth=345 alt=174 vaf=0.5043 p=5.85e-01 (>1.0e-06)
2026-06-02 15:37:59,814 [vaf_filter] DEBUG: REMOVED high_pvalue: chr20:26228204 A>T depth=365 alt=178 vaf=0.4877 p=3.38e-01 (>1.0e-06)
2026-06-02 15:37:59,814 [vaf_filter] DEBUG: REMOVED high_pvalue: chr20:26232794 C>T depth=266 alt=119 vaf=0.4474 p=4.89e-02 (>1.0e-06)
2026-06-02 15:37:59,814 [vaf_filter] DEBUG: REMOVED high_pvalue: chr20:26232798 C>A depth=265 alt=136 vaf=0.5132 p=6.88e-01 (>1.0e-06)
2026-06-02 15:37:59,814 [vaf_filter] DEBUG: REMOVED high_pvalue: chr20:26262196 A>T depth=286 alt=159 vaf=0.5559 p=9.74e-01 (>1.0e-06)
2026-06-02 15:37:59,814 [vaf_filter] DEBUG: REMOVED high_pvalue: chr20:26354476 G>A depth=277 alt=126 vaf=0.4549 p=7.46e-02 (>1.0e-06)
2026-06-02 15:37:59,814 [vaf_filter] DEBUG: REMOVED high_pvalue: chr20:26357243 T>C depth=304 alt=154 vaf=0.5066 p=6.13e-01 (>1.0e-06)
2026-06-02 15:37:59,814 [vaf_filter] DEBUG: REMOVED high_pvalue: chr20:26362391 T>A depth=357 alt=162 vaf=0.4538 p=4.52e-02 (>1.0e-06)
2026-06-02 15:37:59,814 [vaf_filter] DEBUG: REMOVED high_pvalue: chr20:26363175 A>G depth=366 alt=366 vaf=1.0000 p=1.00e+00 (>1.0e-06)
2026-06-02 15:37:59,814 [vaf_filter] DEBUG: REMOVED high_pvalue: chr20:26363182 G>A depth=386 alt=168 vaf=0.4352 p=6.32e-03 (>1.0e-06)
2026-06-02 15:37:59,814 [vaf_filter] DEBUG: REMOVED high_pvalue: chr20:26367895 G>A depth=324 alt=324 vaf=1.0000 p=1.00e+00 (>1.0e-06)
2026-06-02 15:37:59,814 [vaf_filter] DEBUG: REMOVED high_pvalue: chr20:28602650 C>A depth=245 alt=113 vaf=0.4612 p=1.25e-01 (>1.0e-06)
2026-06-02 15:37:59,814 [vaf_filter] DEBUG: REMOVED high_pvalue: chr20:28643573 A>T depth=340 alt=340 vaf=1.0000 p=1.00e+00 (>1.0e-06)
2026-06-02 15:37:59,814 [vaf_filter] DEBUG: REMOVED high_pvalue: chr20:28759873 G>C depth=319 alt=160 vaf=0.5016 p=5.45e-01 (>1.0e-06)
2026-06-02 15:37:59,814 [vaf_filter] DEBUG: REMOVED high_pvalue: chr20:28779763 G>C depth=326 alt=147 vaf=0.4509 p=4.30e-02 (>1.0e-06)
2026-06-02 15:37:59,814 [vaf_filter] DEBUG: REMOVED high_pvalue: chr20:28793646 G>A depth=212 alt=104 vaf=0.4906 p=4.18e-01 (>1.0e-06)
2026-06-02 15:37:59,814 [vaf_filter] DEBUG: REMOVED high_pvalue: chr20:28796680 C>T depth=328 alt=168 vaf=0.5122 p=6.90e-01 (>1.0e-06)
2026-06-02 15:37:59,814 [vaf_filter] DEBUG: REMOVED high_pvalue: chr20:28832757 A>G depth=309 alt=149 vaf=0.4822 p=2.85e-01 (>1.0e-06)
2026-06-02 15:37:59,814 [vaf_filter] DEBUG: REMOVED high_pvalue: chr20:28863404 T>A depth=339 alt=164 vaf=0.4838 p=2.94e-01 (>1.0e-06)
2026-06-02 15:37:59,814 [vaf_filter] DEBUG: REMOVED high_pvalue: chr20:28882448 G>A depth=353 alt=179 vaf=0.5071 p=6.25e-01 (>1.0e-06)
2026-06-02 15:37:59,814 [vaf_filter] DEBUG: REMOVED high_pvalue: chr20:28923525 A>G depth=395 alt=202 vaf=0.5114 p=6.93e-01 (>1.0e-06)
2026-06-02 15:37:59,814 [vaf_filter] DEBUG: REMOVED high_pvalue: chr20:28936627 G>A depth=308 alt=145 vaf=0.4708 p=1.66e-01 (>1.0e-06)
2026-06-02 15:37:59,814 [vaf_filter] DEBUG: REMOVED high_pvalue: chr20:29212034 T>C depth=308 alt=149 vaf=0.4838 p=3.04e-01 (>1.0e-06)
2026-06-02 15:37:59,814 [vaf_filter] DEBUG: REMOVED high_pvalue: chr20:29253892 T>C depth=333 alt=333 vaf=1.0000 p=1.00e+00 (>1.0e-06)
2026-06-02 15:37:59,814 [vaf_filter] DEBUG: REMOVED high_pvalue: chr20:29253960 C>T depth=338 alt=190 vaf=0.5621 p=9.90e-01 (>1.0e-06)
2026-06-02 15:37:59,814 [vaf_filter] DEBUG: REMOVED high_pvalue: chr20:29259116 C>T depth=548 alt=367 vaf=0.6697 p=1.00e+00 (>1.0e-06)
2026-06-02 15:37:59,814 [vaf_filter] DEBUG: REMOVED high_pvalue: chr20:29274473 A>T depth=368 alt=166 vaf=0.4511 p=3.40e-02 (>1.0e-06)
2026-06-02 15:37:59,814 [vaf_filter] DEBUG: REMOVED high_pvalue: chr20:29275022 A>C depth=362 alt=178 vaf=0.4917 p=3.96e-01 (>1.0e-06)
2026-06-02 15:37:59,814 [vaf_filter] DEBUG: REMOVED high_pvalue: chr20:29322036 G>A depth=610 alt=270 vaf=0.4426 p=2.61e-03 (>1.0e-06)
2026-06-02 15:37:59,814 [vaf_filter] DEBUG: REMOVED high_pvalue: chr20:29358449 T>C depth=193 alt=101 vaf=0.5233 p=7.64e-01 (>1.0e-06)
2026-06-02 15:37:59,814 [vaf_filter] DEBUG: REMOVED high_pvalue: chr20:29366003 C>G depth=322 alt=167 vaf=0.5186 p=7.66e-01 (>1.0e-06)
2026-06-02 15:37:59,815 [vaf_filter] DEBUG: REMOVED high_pvalue: chr20:29381683 T>C depth=150 alt=150 vaf=1.0000 p=1.00e+00 (>1.0e-06)
2026-06-02 15:37:59,815 [vaf_filter] DEBUG: REMOVED high_pvalue: chr20:29428342 C>T depth=230 alt=118 vaf=0.5130 p=6.78e-01 (>1.0e-06)
2026-06-02 15:37:59,815 [vaf_filter] DEBUG: REMOVED high_pvalue: chr20:29430447 A>G depth=286 alt=134 vaf=0.4685 p=1.57e-01 (>1.0e-06)
2026-06-02 15:37:59,815 [vaf_filter] DEBUG: REMOVED high_pvalue: chr20:29430495 C>G depth=276 alt=138 vaf=0.5000 p=5.24e-01 (>1.0e-06)
2026-06-02 15:37:59,815 [vaf_filter] DEBUG: REMOVED high_pvalue: chr20:29431558 T>C depth=253 alt=132 vaf=0.5217 p=7.75e-01 (>1.0e-06)
2026-06-02 15:37:59,815 [vaf_filter] DEBUG: REMOVED high_pvalue: chr20:29435336 T>C depth=226 alt=225 vaf=0.9956 p=1.00e+00 (>1.0e-06)
2026-06-02 15:37:59,815 [vaf_filter] DEBUG: REMOVED high_pvalue: chr20:29440428 G>C depth=224 alt=105 vaf=0.4688 p=1.93e-01 (>1.0e-06)
2026-06-02 15:37:59,815 [vaf_filter] DEBUG: REMOVED high_pvalue: chr20:29442968 C>T depth=223 alt=112 vaf=0.5022 p=5.53e-01 (>1.0e-06)
2026-06-02 15:37:59,815 [vaf_filter] DEBUG: REMOVED high_pvalue: chr20:29487613 G>A depth=350 alt=170 vaf=0.4857 p=3.15e-01 (>1.0e-06)
2026-06-02 15:37:59,815 [vaf_filter] DEBUG: REMOVED high_pvalue: chr20:29526172 C>A depth=213 alt=93 vaf=0.4366 p=3.74e-02 (>1.0e-06)
2026-06-02 15:37:59,815 [vaf_filter] DEBUG: REMOVED high_pvalue: chr20:29536880 G>T depth=273 alt=112 vaf=0.4103 p=1.84e-03 (>1.0e-06)
2026-06-02 15:37:59,815 [vaf_filter] DEBUG: REMOVED high_pvalue: chr20:29541256 C>T depth=317 alt=155 vaf=0.4890 p=3.68e-01 (>1.0e-06)
2026-06-02 15:37:59,815 [vaf_filter] DEBUG: REMOVED high_pvalue: chr20:29546775 C>T depth=209 alt=107 vaf=0.5120 p=6.61e-01 (>1.0e-06)
2026-06-02 15:37:59,815 [vaf_filter] DEBUG: REMOVED high_pvalue: chr20:29559585 G>A depth=212 alt=91 vaf=0.4292 p=2.32e-02 (>1.0e-06)
2026-06-02 15:37:59,815 [vaf_filter] DEBUG: REMOVED high_pvalue: chr20:29569030 C>T depth=234 alt=115 vaf=0.4915 p=4.22e-01 (>1.0e-06)
2026-06-02 15:37:59,815 [vaf_filter] DEBUG: REMOVED high_pvalue: chr20:29573587 G>A depth=253 alt=119 vaf=0.4704 p=1.89e-01 (>1.0e-06)
2026-06-02 15:37:59,815 [vaf_filter] DEBUG: REMOVED high_pvalue: chr20:29581595 G>T depth=183 alt=78 vaf=0.4262 p=2.73e-02 (>1.0e-06)
2026-06-02 15:37:59,815 [vaf_filter] DEBUG: REMOVED high_pvalue: chr20:29587871 A>G depth=281 alt=281 vaf=1.0000 p=1.00e+00 (>1.0e-06)
2026-06-02 15:37:59,815 [vaf_filter] DEBUG: REMOVED high_pvalue: chr20:29588600 T>A depth=347 alt=177 vaf=0.5101 p=6.66e-01 (>1.0e-06)
2026-06-02 15:37:59,815 [vaf_filter] DEBUG: REMOVED high_pvalue: chr20:29590731 A>C depth=314 alt=314 vaf=1.0000 p=1.00e+00 (>1.0e-06)
2026-06-02 15:37:59,815 [vaf_filter] DEBUG: REMOVED high_pvalue: chr20:29595455 C>T depth=345 alt=174 vaf=0.5043 p=5.85e-01 (>1.0e-06)
2026-06-02 15:37:59,815 [vaf_filter] DEBUG: REMOVED high_pvalue: chr20:29598080 A>T depth=280 alt=125 vaf=0.4464 p=4.15e-02 (>1.0e-06)
2026-06-02 15:37:59,815 [vaf_filter] DEBUG: REMOVED high_pvalue: chr20:29598573 A>C depth=246 alt=116 vaf=0.4715 p=2.04e-01 (>1.0e-06)
2026-06-02 15:37:59,815 [vaf_filter] DEBUG: REMOVED high_pvalue: chr20:29601413 A>G depth=240 alt=116 vaf=0.4833 p=3.26e-01 (>1.0e-06)
2026-06-02 15:37:59,815 [vaf_filter] DEBUG: REMOVED high_pvalue: chr20:29605588 T>C depth=317 alt=159 vaf=0.5016 p=5.45e-01 (>1.0e-06)
2026-06-02 15:37:59,815 [vaf_filter] DEBUG: REMOVED high_pvalue: chr20:29607191 C>T depth=274 alt=127 vaf=0.4635 p=1.26e-01 (>1.0e-06)
2026-06-02 15:37:59,815 [vaf_filter] DEBUG: REMOVED high_pvalue: chr20:29608072 A>G depth=347 alt=347 vaf=1.0000 p=1.00e+00 (>1.0e-06)
2026-06-02 15:37:59,815 [vaf_filter] DEBUG: REMOVED high_pvalue: chr20:29611579 T>G depth=349 alt=172 vaf=0.4928 p=4.15e-01 (>1.0e-06)
2026-06-02 15:37:59,815 [vaf_filter] DEBUG: REMOVED high_pvalue: chr20:29622242 A>G depth=322 alt=167 vaf=0.5186 p=7.66e-01 (>1.0e-06)
2026-06-02 15:37:59,815 [vaf_filter] DEBUG: REMOVED high_pvalue: chr20:29622456 T>C depth=300 alt=168 vaf=0.5600 p=9.84e-01 (>1.0e-06)
2026-06-02 15:37:59,815 [vaf_filter] DEBUG: REMOVED high_pvalue: chr20:29622482 G>A depth=303 alt=169 vaf=0.5578 p=9.81e-01 (>1.0e-06)
2026-06-02 15:37:59,815 [vaf_filter] DEBUG: REMOVED high_pvalue: chr20:29626742 G>A depth=269 alt=129 vaf=0.4796 p=2.71e-01 (>1.0e-06)
2026-06-02 15:37:59,815 [vaf_filter] DEBUG: REMOVED high_pvalue: chr20:29629020 A>T depth=314 alt=173 vaf=0.5510 p=9.69e-01 (>1.0e-06)
2026-06-02 15:37:59,815 [vaf_filter] DEBUG: REMOVED high_pvalue: chr20:29685603 T>C depth=244 alt=244 vaf=1.0000 p=1.00e+00 (>1.0e-06)
2026-06-02 15:37:59,815 [vaf_filter] DEBUG: REMOVED high_pvalue: chr20:29685647 G>A depth=219 alt=107 vaf=0.4886 p=3.93e-01 (>1.0e-06)
2026-06-02 15:37:59,815 [vaf_filter] DEBUG: REMOVED high_pvalue: chr20:29687425 C>T depth=204 alt=106 vaf=0.5196 p=7.36e-01 (>1.0e-06)
2026-06-02 15:37:59,815 [vaf_filter] DEBUG: REMOVED high_pvalue: chr20:29687613 A>G depth=190 alt=190 vaf=1.0000 p=1.00e+00 (>1.0e-06)
2026-06-02 15:37:59,815 [vaf_filter] DEBUG: REMOVED high_pvalue: chr20:29688135 T>A depth=209 alt=102 vaf=0.4880 p=3.91e-01 (>1.0e-06)
2026-06-02 15:37:59,815 [vaf_filter] DEBUG: REMOVED high_pvalue: chr20:29689724 T>C depth=163 alt=81 vaf=0.4969 p=5.00e-01 (>1.0e-06)
2026-06-02 15:37:59,815 [vaf_filter] DEBUG: REMOVED high_pvalue: chr20:29690479 G>A depth=152 alt=68 vaf=0.4474 p=1.12e-01 (>1.0e-06)
2026-06-02 15:37:59,815 [vaf_filter] DEBUG: REMOVED high_pvalue: chr20:29691120 T>C depth=265 alt=130 vaf=0.4906 p=4.03e-01 (>1.0e-06)
2026-06-02 15:37:59,815 [vaf_filter] DEBUG: REMOVED high_pvalue: chr20:29705581 G>A depth=307 alt=307 vaf=1.0000 p=1.00e+00 (>1.0e-06)
2026-06-02 15:37:59,815 [vaf_filter] DEBUG: REMOVED high_pvalue: chr20:29709773 A>G depth=369 alt=171 vaf=0.4634 p=8.79e-02 (>1.0e-06)
2026-06-02 15:37:59,815 [vaf_filter] DEBUG: REMOVED high_pvalue: chr20:29713818 A>G depth=380 alt=176 vaf=0.4632 p=8.30e-02 (>1.0e-06)
2026-06-02 15:37:59,815 [vaf_filter] DEBUG: REMOVED high_pvalue: chr20:29713937 C>A depth=376 alt=174 vaf=0.4628 p=8.19e-02 (>1.0e-06)
2026-06-02 15:37:59,815 [vaf_filter] DEBUG: REMOVED high_pvalue: chr20:29720206 A>G depth=321 alt=151 vaf=0.4704 p=1.58e-01 (>1.0e-06)
2026-06-02 15:37:59,815 [vaf_filter] DEBUG: REMOVED high_pvalue: chr20:29744905 T>G depth=199 alt=90 vaf=0.4523 p=1.01e-01 (>1.0e-06)
2026-06-02 15:37:59,815 [vaf_filter] DEBUG: REMOVED high_pvalue: chr20:29756724 G>A depth=188 alt=92 vaf=0.4894 p=4.13e-01 (>1.0e-06)
2026-06-02 15:37:59,815 [vaf_filter] DEBUG: REMOVED high_pvalue: chr20:29756839 A>G depth=171 alt=80 vaf=0.4678 p=2.22e-01 (>1.0e-06)
2026-06-02 15:37:59,815 [vaf_filter] DEBUG: REMOVED high_pvalue: chr20:29767835 A>G depth=243 alt=129 vaf=0.5309 p=8.48e-01 (>1.0e-06)
2026-06-02 15:37:59,815 [vaf_filter] DEBUG: REMOVED high_pvalue: chr20:29768436 A>C depth=264 alt=143 vaf=0.5417 p=9.22e-01 (>1.0e-06)
2026-06-02 15:37:59,815 [vaf_filter] DEBUG: REMOVED high_pvalue: chr20:29844247 C>A depth=330 alt=146 vaf=0.4424 p=2.08e-02 (>1.0e-06)
2026-06-02 15:37:59,815 [vaf_filter] DEBUG: REMOVED high_pvalue: chr20:29907810 A>G depth=328 alt=328 vaf=1.0000 p=1.00e+00 (>1.0e-06)
2026-06-02 15:37:59,815 [vaf_filter] DEBUG: REMOVED high_pvalue: chr20:30139164 C>A depth=172 alt=172 vaf=1.0000 p=1.00e+00 (>1.0e-06)
2026-06-02 15:37:59,816 [vaf_filter] DEBUG: REMOVED high_pvalue: chr20:30155245 C>G depth=288 alt=132 vaf=0.4583 p=8.77e-02 (>1.0e-06)
2026-06-02 15:37:59,816 [vaf_filter] DEBUG: REMOVED high_pvalue: chr20:30155273 C>T depth=279 alt=144 vaf=0.5161 p=7.25e-01 (>1.0e-06)
2026-06-02 15:37:59,816 [vaf_filter] DEBUG: REMOVED high_pvalue: chr20:30163172 G>A depth=319 alt=150 vaf=0.4702 p=1.57e-01 (>1.0e-06)
2026-06-02 15:37:59,816 [vaf_filter] DEBUG: REMOVED high_pvalue: chr20:30165611 G>A depth=359 alt=174 vaf=0.4847 p=2.99e-01 (>1.0e-06)
2026-06-02 15:37:59,816 [vaf_filter] DEBUG: REMOVED high_pvalue: chr20:30169140 T>C depth=220 alt=97 vaf=0.4409 p=4.59e-02 (>1.0e-06)
2026-06-02 15:37:59,816 [vaf_filter] DEBUG: REMOVED high_pvalue: chr20:30223607 C>T depth=302 alt=147 vaf=0.4868 p=3.44e-01 (>1.0e-06)
2026-06-02 15:37:59,816 [vaf_filter] DEBUG: REMOVED high_pvalue: chr20:30245602 A>G depth=329 alt=159 vaf=0.4833 p=2.91e-01 (>1.0e-06)
2026-06-02 15:37:59,816 [vaf_filter] DEBUG: REMOVED high_pvalue: chr20:30248276 T>C depth=258 alt=128 vaf=0.4961 p=4.75e-01 (>1.0e-06)
2026-06-02 15:37:59,816 [vaf_filter] DEBUG: REMOVED high_pvalue: chr20:30251438 T>C depth=317 alt=137 vaf=0.4322 p=9.16e-03 (>1.0e-06)
2026-06-02 15:37:59,816 [vaf_filter] DEBUG: REMOVED high_pvalue: chr20:30252308 C>A depth=271 alt=119 vaf=0.4391 p=2.60e-02 (>1.0e-06)
2026-06-02 15:37:59,816 [vaf_filter] DEBUG: REMOVED high_pvalue: chr20:30252335 C>T depth=273 alt=120 vaf=0.4396 p=2.64e-02 (>1.0e-06)
2026-06-02 15:37:59,816 [vaf_filter] DEBUG: REMOVED high_pvalue: chr20:30344808 A>T depth=219 alt=101 vaf=0.4612 p=1.40e-01 (>1.0e-06)
2026-06-02 15:37:59,816 [vaf_filter] DEBUG: REMOVED high_pvalue: chr20:30351585 T>G depth=296 alt=145 vaf=0.4899 p=3.86e-01 (>1.0e-06)
2026-06-02 15:37:59,816 [vaf_filter] DEBUG: REMOVED high_pvalue: chr20:30406636 T>C depth=255 alt=125 vaf=0.4902 p=4.01e-01 (>1.0e-06)
2026-06-02 15:37:59,816 [vaf_filter] DEBUG: REMOVED high_pvalue: chr20:30459428 T>C depth=293 alt=139 vaf=0.4744 p=2.07e-01 (>1.0e-06)
2026-06-02 15:37:59,816 [vaf_filter] DEBUG: REMOVED high_pvalue: chr20:30467121 G>A depth=390 alt=191 vaf=0.4897 p=3.61e-01 (>1.0e-06)
2026-06-02 15:37:59,816 [vaf_filter] DEBUG: REMOVED high_pvalue: chr20:30484149 G>T depth=247 alt=116 vaf=0.4696 p=1.87e-01 (>1.0e-06)
2026-06-02 15:37:59,816 [vaf_filter] DEBUG: REMOVED high_pvalue: chr20:30485355 A>G depth=216 alt=92 vaf=0.4259 p=1.75e-02 (>1.0e-06)
2026-06-02 15:37:59,816 [vaf_filter] DEBUG: REMOVED high_pvalue: chr20:30489814 A>C depth=185 alt=91 vaf=0.4919 p=4.42e-01 (>1.0e-06)
2026-06-02 15:37:59,816 [vaf_filter] DEBUG: REMOVED high_pvalue: chr20:30508845 A>G depth=172 alt=171 vaf=0.9942 p=1.00e+00 (>1.0e-06)
2026-06-02 15:37:59,816 [vaf_filter] DEBUG: REMOVED high_pvalue: chr20:30518050 T>G depth=250 alt=109 vaf=0.4360 p=2.50e-02 (>1.0e-06)
2026-06-02 15:37:59,816 [vaf_filter] DEBUG: REMOVED high_pvalue: chr20:30518886 T>A depth=200 alt=102 vaf=0.5100 p=6.38e-01 (>1.0e-06)
2026-06-02 15:37:59,816 [vaf_filter] DEBUG: REMOVED high_pvalue: chr20:30541197 C>T depth=265 alt=119 vaf=0.4491 p=5.51e-02 (>1.0e-06)
2026-06-02 15:37:59,816 [vaf_filter] DEBUG: REMOVED high_pvalue: chr20:30595529 T>C depth=250 alt=250 vaf=1.0000 p=1.00e+00 (>1.0e-06)
2026-06-02 15:37:59,816 [vaf_filter] DEBUG: REMOVED high_pvalue: chr20:30596253 G>A depth=234 alt=119 vaf=0.5085 p=6.28e-01 (>1.0e-06)
2026-06-02 15:37:59,816 [vaf_filter] DEBUG: REMOVED high_pvalue: chr20:30597848 T>C depth=189 alt=92 vaf=0.4868 p=3.86e-01 (>1.0e-06)
2026-06-02 15:37:59,816 [vaf_filter] DEBUG: REMOVED high_pvalue: chr20:30599843 G>T depth=171 alt=75 vaf=0.4386 p=6.31e-02 (>1.0e-06)
2026-06-02 15:37:59,816 [vaf_filter] DEBUG: REMOVED high_pvalue: chr20:30600105 T>G depth=205 alt=96 vaf=0.4683 p=2.01e-01 (>1.0e-06)
2026-06-02 15:37:59,816 [vaf_filter] DEBUG: REMOVED high_pvalue: chr20:30600202 C>T depth=201 alt=92 vaf=0.4577 p=1.30e-01 (>1.0e-06)
2026-06-02 15:37:59,816 [vaf_filter] DEBUG: REMOVED high_pvalue: chr20:30602544 C>G depth=234 alt=110 vaf=0.4701 p=1.98e-01 (>1.0e-06)
2026-06-02 15:37:59,816 [vaf_filter] DEBUG: REMOVED high_pvalue: chr20:30603815 A>C depth=245 alt=115 vaf=0.4694 p=1.86e-01 (>1.0e-06)
2026-06-02 15:37:59,816 [vaf_filter] DEBUG: REMOVED high_pvalue: chr20:30608185 A>G depth=262 alt=262 vaf=1.0000 p=1.00e+00 (>1.0e-06)
2026-06-02 15:37:59,816 [vaf_filter] DEBUG: REMOVED high_pvalue: chr20:30608418 C>T depth=265 alt=125 vaf=0.4717 p=1.95e-01 (>1.0e-06)
2026-06-02 15:37:59,816 [vaf_filter] DEBUG: REMOVED high_pvalue: chr20:30609200 G>A depth=260 alt=126 vaf=0.4846 p=3.32e-01 (>1.0e-06)
2026-06-02 15:37:59,816 [vaf_filter] DEBUG: REMOVED high_pvalue: chr20:30610175 G>A depth=209 alt=97 vaf=0.4641 p=1.66e-01 (>1.0e-06)
2026-06-02 15:37:59,816 [vaf_filter] DEBUG: REMOVED high_pvalue: chr20:30611600 G>C depth=197 alt=111 vaf=0.5635 p=9.68e-01 (>1.0e-06)
2026-06-02 15:37:59,816 [vaf_filter] DEBUG: REMOVED high_pvalue: chr20:30611737 T>C depth=193 alt=90 vaf=0.4663 p=1.94e-01 (>1.0e-06)
2026-06-02 15:37:59,816 [vaf_filter] DEBUG: REMOVED high_pvalue: chr20:30612166 A>T depth=236 alt=126 vaf=0.5339 p=8.66e-01 (>1.0e-06)
2026-06-02 15:37:59,816 [vaf_filter] DEBUG: REMOVED high_pvalue: chr20:30612175 C>T depth=238 alt=129 vaf=0.5420 p=9.13e-01 (>1.0e-06)
2026-06-02 15:37:59,816 [vaf_filter] DEBUG: REMOVED high_pvalue: chr20:30615198 T>C depth=209 alt=94 vaf=0.4498 p=8.33e-02 (>1.0e-06)
2026-06-02 15:37:59,816 [vaf_filter] DEBUG: REMOVED high_pvalue: chr20:30616244 T>C depth=223 alt=106 vaf=0.4753 p=2.52e-01 (>1.0e-06)
2026-06-02 15:37:59,816 [vaf_filter] DEBUG: REMOVED high_pvalue: chr20:30618933 A>G depth=227 alt=100 vaf=0.4405 p=4.22e-02 (>1.0e-06)
2026-06-02 15:37:59,816 [vaf_filter] DEBUG: REMOVED high_pvalue: chr20:30619103 C>T depth=252 alt=126 vaf=0.5000 p=5.25e-01 (>1.0e-06)
2026-06-02 15:37:59,816 [vaf_filter] DEBUG: REMOVED high_pvalue: chr20:30619268 C>T depth=292 alt=135 vaf=0.4623 p=1.10e-01 (>1.0e-06)
2026-06-02 15:37:59,816 [vaf_filter] DEBUG: REMOVED high_pvalue: chr20:30626506 T>C depth=265 alt=265 vaf=1.0000 p=1.00e+00 (>1.0e-06)
2026-06-02 15:37:59,816 [vaf_filter] DEBUG: REMOVED high_pvalue: chr20:30627688 A>G depth=199 alt=99 vaf=0.4975 p=5.00e-01 (>1.0e-06)
2026-06-02 15:37:59,816 [vaf_filter] DEBUG: REMOVED high_pvalue: chr20:30650293 T>C depth=248 alt=248 vaf=1.0000 p=1.00e+00 (>1.0e-06)
2026-06-02 15:37:59,816 [vaf_filter] DEBUG: REMOVED high_pvalue: chr20:30666991 C>G depth=311 alt=151 vaf=0.4855 p=3.25e-01 (>1.0e-06)
2026-06-02 15:37:59,816 [vaf_filter] DEBUG: REMOVED high_pvalue: chr20:30667045 C>A depth=317 alt=152 vaf=0.4795 p=2.50e-01 (>1.0e-06)
2026-06-02 15:37:59,816 [vaf_filter] DEBUG: REMOVED high_pvalue: chr20:30667897 G>T depth=210 alt=210 vaf=1.0000 p=1.00e+00 (>1.0e-06)
2026-06-02 15:37:59,816 [vaf_filter] DEBUG: REMOVED high_pvalue: chr20:30670248 C>T depth=311 alt=152 vaf=0.4887 p=3.67e-01 (>1.0e-06)
2026-06-02 15:37:59,816 [vaf_filter] DEBUG: REMOVED high_pvalue: chr20:30670815 A>G depth=275 alt=120 vaf=0.4364 p=2.02e-02 (>1.0e-06)
2026-06-02 15:37:59,816 [vaf_filter] DEBUG: REMOVED high_pvalue: chr20:30672323 G>A depth=256 alt=109 vaf=0.4258 p=1.04e-02 (>1.0e-06)
2026-06-02 15:37:59,816 [vaf_filter] DEBUG: REMOVED high_pvalue: chr20:30672329 G>A depth=259 alt=112 vaf=0.4324 p=1.73e-02 (>1.0e-06)
2026-06-02 15:37:59,817 [vaf_filter] DEBUG: REMOVED high_pvalue: chr20:30673056 A>T depth=253 alt=123 vaf=0.4862 p=3.53e-01 (>1.0e-06)
2026-06-02 15:37:59,817 [vaf_filter] DEBUG: REMOVED high_pvalue: chr20:30678425 A>G depth=285 alt=127 vaf=0.4456 p=3.78e-02 (>1.0e-06)
2026-06-02 15:37:59,817 [vaf_filter] DEBUG: REMOVED high_pvalue: chr20:30680215 T>C depth=276 alt=276 vaf=1.0000 p=1.00e+00 (>1.0e-06)
2026-06-02 15:37:59,817 [vaf_filter] DEBUG: REMOVED high_pvalue: chr20:30682901 A>G depth=348 alt=160 vaf=0.4598 p=7.39e-02 (>1.0e-06)
2026-06-02 15:37:59,817 [vaf_filter] DEBUG: REMOVED high_pvalue: chr20:30688039 A>G depth=301 alt=301 vaf=1.0000 p=1.00e+00 (>1.0e-06)
2026-06-02 15:37:59,817 [vaf_filter] DEBUG: REMOVED high_pvalue: chr20:30688744 C>T depth=257 alt=119 vaf=0.4630 p=1.31e-01 (>1.0e-06)
2026-06-02 15:37:59,817 [vaf_filter] DEBUG: REMOVED high_pvalue: chr20:30691021 A>C depth=187 alt=187 vaf=1.0000 p=1.00e+00 (>1.0e-06)
2026-06-02 15:37:59,817 [vaf_filter] DEBUG: REMOVED high_pvalue: chr20:30696996 A>G depth=252 alt=125 vaf=0.4960 p=4.75e-01 (>1.0e-06)
2026-06-02 15:37:59,817 [vaf_filter] DEBUG: REMOVED high_pvalue: chr20:30705201 A>C depth=313 alt=313 vaf=1.0000 p=1.00e+00 (>1.0e-06)
2026-06-02 15:37:59,817 [vaf_filter] DEBUG: REMOVED high_pvalue: chr20:30708852 G>A depth=343 alt=167 vaf=0.4869 p=3.33e-01 (>1.0e-06)
2026-06-02 15:37:59,817 [vaf_filter] DEBUG: REMOVED high_pvalue: chr20:30714047 A>T depth=226 alt=226 vaf=1.0000 p=1.00e+00 (>1.0e-06)
2026-06-02 15:37:59,817 [vaf_filter] DEBUG: REMOVED high_pvalue: chr20:30714778 C>T depth=286 alt=131 vaf=0.4580 p=8.69e-02 (>1.0e-06)
2026-06-02 15:37:59,817 [vaf_filter] DEBUG: REMOVED high_pvalue: chr20:30715643 C>T depth=278 alt=113 vaf=0.4065 p=1.11e-03 (>1.0e-06)
2026-06-02 15:37:59,817 [vaf_filter] DEBUG: REMOVED high_pvalue: chr20:30718413 G>T depth=256 alt=126 vaf=0.4922 p=4.26e-01 (>1.0e-06)
2026-06-02 15:37:59,817 [vaf_filter] DEBUG: REMOVED high_pvalue: chr20:30719547 G>T depth=293 alt=152 vaf=0.5188 p=7.58e-01 (>1.0e-06)
2026-06-02 15:37:59,817 [vaf_filter] DEBUG: REMOVED high_pvalue: chr20:30721247 T>C depth=313 alt=146 vaf=0.4665 p=1.29e-01 (>1.0e-06)
2026-06-02 15:37:59,817 [vaf_filter] DEBUG: REMOVED high_pvalue: chr20:30723568 C>A depth=176 alt=82 vaf=0.4659 p=2.04e-01 (>1.0e-06)
2026-06-02 15:37:59,817 [vaf_filter] DEBUG: REMOVED high_pvalue: chr20:30724634 C>A depth=212 alt=113 vaf=0.5330 p=8.49e-01 (>1.0e-06)
2026-06-02 15:37:59,817 [vaf_filter] DEBUG: REMOVED high_pvalue: chr20:30730866 T>C depth=274 alt=274 vaf=1.0000 p=1.00e+00 (>1.0e-06)
2026-06-02 15:37:59,817 [vaf_filter] DEBUG: REMOVED high_pvalue: chr20:30739318 G>T depth=338 alt=166 vaf=0.4911 p=3.93e-01 (>1.0e-06)
2026-06-02 15:37:59,817 [vaf_filter] DEBUG: REMOVED high_pvalue: chr20:30756476 G>A depth=333 alt=156 vaf=0.4685 p=1.37e-01 (>1.0e-06)
2026-06-02 15:37:59,817 [vaf_filter] DEBUG: REMOVED high_pvalue: chr20:30907291 C>A depth=169 alt=169 vaf=1.0000 p=1.00e+00 (>1.0e-06)
2026-06-02 15:37:59,817 [vaf_filter] DEBUG: REMOVED high_pvalue: chr20:30959996 G>T depth=323 alt=157 vaf=0.4861 p=3.28e-01 (>1.0e-06)
2026-06-02 15:37:59,817 [vaf_filter] DEBUG: REMOVED high_pvalue: chr20:30971934 C>T depth=253 alt=111 vaf=0.4387 p=2.96e-02 (>1.0e-06)
2026-06-02 15:37:59,817 [vaf_filter] DEBUG: REMOVED high_pvalue: chr20:30985636 T>C depth=209 alt=209 vaf=1.0000 p=1.00e+00 (>1.0e-06)
2026-06-02 15:37:59,817 [vaf_filter] DEBUG: REMOVED high_pvalue: chr20:30991425 G>T depth=244 alt=122 vaf=0.5000 p=5.26e-01 (>1.0e-06)
2026-06-02 15:37:59,817 [vaf_filter] DEBUG: REMOVED high_pvalue: chr20:31168699 G>A depth=354 alt=183 vaf=0.5169 p=7.55e-01 (>1.0e-06)
2026-06-02 15:37:59,817 [vaf_filter] DEBUG: REMOVED high_pvalue: chr20:31172239 T>A depth=149 alt=149 vaf=1.0000 p=1.00e+00 (>1.0e-06)
2026-06-02 15:37:59,817 [vaf_filter] DEBUG: REMOVED high_pvalue: chr20:31176088 G>A depth=163 alt=163 vaf=1.0000 p=1.00e+00 (>1.0e-06)
2026-06-02 15:37:59,817 [vaf_filter] DEBUG: REMOVED high_pvalue: chr20:31191095 A>G depth=341 alt=150 vaf=0.4399 p=1.52e-02 (>1.0e-06)
2026-06-02 15:37:59,817 [vaf_filter] DEBUG: KEPT: chr20:32482217 A>G depth=228 alt=7 vaf=0.0307 p=1.74e-45
2026-06-02 15:37:59,817 [vaf_filter] DEBUG: REMOVED high_pvalue: chr20:32720594 A>G depth=270 alt=270 vaf=1.0000 p=1.00e+00 (>1.0e-06)
2026-06-02 15:37:59,817 [vaf_filter] DEBUG: REMOVED high_pvalue: chr20:32740620 T>A depth=240 alt=240 vaf=1.0000 p=1.00e+00 (>1.0e-06)
2026-06-02 15:37:59,817 [vaf_filter] DEBUG: REMOVED high_pvalue: chr20:32741898 A>G depth=263 alt=117 vaf=0.4449 p=4.21e-02 (>1.0e-06)
2026-06-02 15:37:59,817 [vaf_filter] DEBUG: REMOVED high_pvalue: chr20:33759990 G>A depth=269 alt=128 vaf=0.4758 p=2.32e-01 (>1.0e-06)
2026-06-02 15:37:59,817 [vaf_filter] DEBUG: REMOVED high_pvalue: chr20:35000214 G>A depth=258 alt=115 vaf=0.4457 p=4.64e-02 (>1.0e-06)
2026-06-02 15:37:59,817 [vaf_filter] DEBUG: KEPT: chr20:35401569 T>C depth=330 alt=45 vaf=0.1364 p=7.81e-40
2026-06-02 15:37:59,817 [vaf_filter] DEBUG: REMOVED high_pvalue: chr20:35422754 G>A depth=247 alt=246 vaf=0.9960 p=1.00e+00 (>1.0e-06)
2026-06-02 15:37:59,817 [vaf_filter] DEBUG: REMOVED high_pvalue: chr20:35423251 A>G depth=231 alt=106 vaf=0.4589 p=1.18e-01 (>1.0e-06)
2026-06-02 15:37:59,817 [vaf_filter] DEBUG: REMOVED high_pvalue: chr20:35426224 G>A depth=182 alt=182 vaf=1.0000 p=1.00e+00 (>1.0e-06)
2026-06-02 15:37:59,817 [vaf_filter] DEBUG: REMOVED high_pvalue: chr20:35431221 T>C depth=240 alt=240 vaf=1.0000 p=1.00e+00 (>1.0e-06)
2026-06-02 15:37:59,817 [vaf_filter] DEBUG: REMOVED high_pvalue: chr20:35431781 T>C depth=200 alt=108 vaf=0.5400 p=8.85e-01 (>1.0e-06)
2026-06-02 15:37:59,817 [vaf_filter] DEBUG: REMOVED high_pvalue: chr20:35434398 T>C depth=241 alt=241 vaf=1.0000 p=1.00e+00 (>1.0e-06)
2026-06-02 15:37:59,817 [vaf_filter] DEBUG: REMOVED high_pvalue: chr20:35434589 C>A depth=238 alt=120 vaf=0.5042 p=5.77e-01 (>1.0e-06)
2026-06-02 15:37:59,817 [vaf_filter] DEBUG: REMOVED high_pvalue: chr20:35434874 A>C depth=208 alt=208 vaf=1.0000 p=1.00e+00 (>1.0e-06)
2026-06-02 15:37:59,817 [vaf_filter] DEBUG: REMOVED high_pvalue: chr20:35436182 A>G depth=202 alt=96 vaf=0.4752 p=2.63e-01 (>1.0e-06)
2026-06-02 15:37:59,817 [vaf_filter] DEBUG: REMOVED high_pvalue: chr20:35436939 A>G depth=227 alt=227 vaf=1.0000 p=1.00e+00 (>1.0e-06)
2026-06-02 15:37:59,817 [vaf_filter] DEBUG: REMOVED high_pvalue: chr20:35438203 G>A depth=205 alt=97 vaf=0.4732 p=2.42e-01 (>1.0e-06)
2026-06-02 15:37:59,817 [vaf_filter] DEBUG: REMOVED high_pvalue: chr20:35438630 A>G depth=150 alt=150 vaf=1.0000 p=1.00e+00 (>1.0e-06)
2026-06-02 15:37:59,817 [vaf_filter] DEBUG: REMOVED high_pvalue: chr20:35444251 A>G depth=249 alt=249 vaf=1.0000 p=1.00e+00 (>1.0e-06)
2026-06-02 15:37:59,817 [vaf_filter] DEBUG: REMOVED high_pvalue: chr20:35444411 G>A depth=194 alt=194 vaf=1.0000 p=1.00e+00 (>1.0e-06)
2026-06-02 15:37:59,817 [vaf_filter] DEBUG: REMOVED high_pvalue: chr20:35446649 T>C depth=268 alt=268 vaf=1.0000 p=1.00e+00 (>1.0e-06)
2026-06-02 15:37:59,817 [vaf_filter] DEBUG: REMOVED high_pvalue: chr20:35447335 G>A depth=224 alt=224 vaf=1.0000 p=1.00e+00 (>1.0e-06)
2026-06-02 15:37:59,817 [vaf_filter] DEBUG: REMOVED high_pvalue: chr20:35448887 C>A depth=224 alt=111 vaf=0.4955 p=4.73e-01 (>1.0e-06)
2026-06-02 15:37:59,818 [vaf_filter] DEBUG: REMOVED high_pvalue: chr20:35449053 A>G depth=212 alt=107 vaf=0.5047 p=5.82e-01 (>1.0e-06)
2026-06-02 15:37:59,818 [vaf_filter] DEBUG: REMOVED high_pvalue: chr20:35449637 C>T depth=258 alt=258 vaf=1.0000 p=1.00e+00 (>1.0e-06)
2026-06-02 15:37:59,818 [vaf_filter] DEBUG: REMOVED high_pvalue: chr20:35449712 G>A depth=251 alt=121 vaf=0.4821 p=3.07e-01 (>1.0e-06)
2026-06-02 15:37:59,818 [vaf_filter] DEBUG: REMOVED high_pvalue: chr20:35464448 A>G depth=282 alt=134 vaf=0.4752 p=2.19e-01 (>1.0e-06)
2026-06-02 15:37:59,818 [vaf_filter] DEBUG: REMOVED high_pvalue: chr20:35466784 C>G depth=189 alt=92 vaf=0.4868 p=3.86e-01 (>1.0e-06)
2026-06-02 15:37:59,818 [vaf_filter] DEBUG: REMOVED high_pvalue: chr20:35466801 G>A depth=184 alt=184 vaf=1.0000 p=1.00e+00 (>1.0e-06)
2026-06-02 15:37:59,818 [vaf_filter] DEBUG: REMOVED high_pvalue: chr20:35467577 A>G depth=172 alt=172 vaf=1.0000 p=1.00e+00 (>1.0e-06)
2026-06-02 15:37:59,818 [vaf_filter] DEBUG: REMOVED high_pvalue: chr20:35468953 C>A depth=306 alt=306 vaf=1.0000 p=1.00e+00 (>1.0e-06)
2026-06-02 15:37:59,818 [vaf_filter] DEBUG: REMOVED high_pvalue: chr20:35470862 A>C depth=264 alt=264 vaf=1.0000 p=1.00e+00 (>1.0e-06)
2026-06-02 15:37:59,818 [vaf_filter] DEBUG: REMOVED high_pvalue: chr20:35471048 T>C depth=297 alt=297 vaf=1.0000 p=1.00e+00 (>1.0e-06)
2026-06-02 15:37:59,818 [vaf_filter] DEBUG: REMOVED high_pvalue: chr20:35471850 G>A depth=341 alt=150 vaf=0.4399 p=1.52e-02 (>1.0e-06)
2026-06-02 15:37:59,818 [vaf_filter] DEBUG: REMOVED high_pvalue: chr20:35473753 C>T depth=247 alt=124 vaf=0.5020 p=5.51e-01 (>1.0e-06)
2026-06-02 15:37:59,818 [vaf_filter] DEBUG: REMOVED high_pvalue: chr20:35474817 T>C depth=255 alt=122 vaf=0.4784 p=2.66e-01 (>1.0e-06)
2026-06-02 15:37:59,818 [vaf_filter] DEBUG: REMOVED high_pvalue: chr20:35474885 T>C depth=244 alt=111 vaf=0.4549 p=8.94e-02 (>1.0e-06)
2026-06-02 15:37:59,818 [vaf_filter] DEBUG: REMOVED high_pvalue: chr20:35476040 G>A depth=287 alt=129 vaf=0.4495 p=4.92e-02 (>1.0e-06)
2026-06-02 15:37:59,818 [vaf_filter] DEBUG: REMOVED high_pvalue: chr20:35485555 A>G depth=199 alt=90 vaf=0.4523 p=1.01e-01 (>1.0e-06)
2026-06-02 15:37:59,818 [vaf_filter] DEBUG: REMOVED high_pvalue: chr20:35487005 G>A depth=324 alt=157 vaf=0.4846 p=3.09e-01 (>1.0e-06)
2026-06-02 15:37:59,818 [vaf_filter] DEBUG: REMOVED high_pvalue: chr20:35489706 A>C depth=217 alt=217 vaf=1.0000 p=1.00e+00 (>1.0e-06)
2026-06-02 15:37:59,818 [vaf_filter] DEBUG: REMOVED high_pvalue: chr20:35492443 A>T depth=282 alt=282 vaf=1.0000 p=1.00e+00 (>1.0e-06)
2026-06-02 15:37:59,818 [vaf_filter] DEBUG: REMOVED high_pvalue: chr20:35496586 C>G depth=274 alt=274 vaf=1.0000 p=1.00e+00 (>1.0e-06)
2026-06-02 15:37:59,818 [vaf_filter] DEBUG: REMOVED high_pvalue: chr20:35498319 A>G depth=299 alt=299 vaf=1.0000 p=1.00e+00 (>1.0e-06)
2026-06-02 15:37:59,818 [vaf_filter] DEBUG: REMOVED high_pvalue: chr20:35500935 A>G depth=281 alt=129 vaf=0.4591 p=9.47e-02 (>1.0e-06)
2026-06-02 15:37:59,818 [vaf_filter] DEBUG: REMOVED high_pvalue: chr20:35501852 T>C depth=282 alt=282 vaf=1.0000 p=1.00e+00 (>1.0e-06)
2026-06-02 15:37:59,818 [vaf_filter] DEBUG: REMOVED high_pvalue: chr20:35505188 A>C depth=193 alt=193 vaf=1.0000 p=1.00e+00 (>1.0e-06)
2026-06-02 15:37:59,818 [vaf_filter] DEBUG: REMOVED high_pvalue: chr20:35509307 G>A depth=217 alt=104 vaf=0.4793 p=2.94e-01 (>1.0e-06)
2026-06-02 15:37:59,818 [vaf_filter] DEBUG: REMOVED high_pvalue: chr20:35510282 A>G depth=246 alt=246 vaf=1.0000 p=1.00e+00 (>1.0e-06)
2026-06-02 15:37:59,818 [vaf_filter] DEBUG: REMOVED high_pvalue: chr20:35511264 A>C depth=233 alt=233 vaf=1.0000 p=1.00e+00 (>1.0e-06)
2026-06-02 15:37:59,818 [vaf_filter] DEBUG: REMOVED high_pvalue: chr20:35511335 G>C depth=214 alt=214 vaf=1.0000 p=1.00e+00 (>1.0e-06)
2026-06-02 15:37:59,818 [vaf_filter] DEBUG: REMOVED high_pvalue: chr20:35511960 G>A depth=246 alt=117 vaf=0.4756 p=2.42e-01 (>1.0e-06)
2026-06-02 15:37:59,818 [vaf_filter] DEBUG: REMOVED high_pvalue: chr20:35512514 G>C depth=235 alt=235 vaf=1.0000 p=1.00e+00 (>1.0e-06)
2026-06-02 15:37:59,818 [vaf_filter] DEBUG: REMOVED high_pvalue: chr20:35516644 T>G depth=214 alt=214 vaf=1.0000 p=1.00e+00 (>1.0e-06)
2026-06-02 15:37:59,818 [vaf_filter] DEBUG: REMOVED high_pvalue: chr20:35517281 T>C depth=230 alt=229 vaf=0.9957 p=1.00e+00 (>1.0e-06)
2026-06-02 15:37:59,818 [vaf_filter] DEBUG: REMOVED high_pvalue: chr20:35520128 G>A depth=277 alt=150 vaf=0.5415 p=9.25e-01 (>1.0e-06)
2026-06-02 15:37:59,818 [vaf_filter] DEBUG: REMOVED high_pvalue: chr20:35520775 A>G depth=321 alt=321 vaf=1.0000 p=1.00e+00 (>1.0e-06)
2026-06-02 15:37:59,818 [vaf_filter] DEBUG: REMOVED high_pvalue: chr20:35526165 T>A depth=230 alt=230 vaf=1.0000 p=1.00e+00 (>1.0e-06)
2026-06-02 15:37:59,818 [vaf_filter] DEBUG: REMOVED high_pvalue: chr20:35527442 A>G depth=240 alt=240 vaf=1.0000 p=1.00e+00 (>1.0e-06)
2026-06-02 15:37:59,818 [vaf_filter] DEBUG: REMOVED high_pvalue: chr20:35527943 C>T depth=245 alt=245 vaf=1.0000 p=1.00e+00 (>1.0e-06)
2026-06-02 15:37:59,818 [vaf_filter] DEBUG: REMOVED high_pvalue: chr20:35533165 C>T depth=228 alt=228 vaf=1.0000 p=1.00e+00 (>1.0e-06)
2026-06-02 15:37:59,818 [vaf_filter] DEBUG: REMOVED high_pvalue: chr20:35537096 T>A depth=294 alt=152 vaf=0.5170 p=7.39e-01 (>1.0e-06)
2026-06-02 15:37:59,818 [vaf_filter] DEBUG: REMOVED high_pvalue: chr20:35541132 C>T depth=291 alt=291 vaf=1.0000 p=1.00e+00 (>1.0e-06)
2026-06-02 15:37:59,818 [vaf_filter] DEBUG: REMOVED high_pvalue: chr20:35541888 G>C depth=245 alt=245 vaf=1.0000 p=1.00e+00 (>1.0e-06)
2026-06-02 15:37:59,818 [vaf_filter] DEBUG: REMOVED high_pvalue: chr20:35547876 A>G depth=284 alt=146 vaf=0.5141 p=7.03e-01 (>1.0e-06)
2026-06-02 15:37:59,818 [vaf_filter] DEBUG: REMOVED high_pvalue: chr20:35550652 A>G depth=213 alt=94 vaf=0.4413 p=5.00e-02 (>1.0e-06)
2026-06-02 15:37:59,818 [vaf_filter] DEBUG: REMOVED high_pvalue: chr20:35552584 A>G depth=213 alt=213 vaf=1.0000 p=1.00e+00 (>1.0e-06)
2026-06-02 15:37:59,818 [vaf_filter] DEBUG: REMOVED high_pvalue: chr20:35554756 C>T depth=148 alt=81 vaf=0.5473 p=8.91e-01 (>1.0e-06)
2026-06-02 15:37:59,818 [vaf_filter] DEBUG: REMOVED high_pvalue: chr20:35555321 G>A depth=215 alt=107 vaf=0.4977 p=5.00e-01 (>1.0e-06)
2026-06-02 15:37:59,818 [vaf_filter] DEBUG: REMOVED high_pvalue: chr20:35557690 T>C depth=259 alt=115 vaf=0.4440 p=4.09e-02 (>1.0e-06)
2026-06-02 15:37:59,818 [vaf_filter] DEBUG: REMOVED high_pvalue: chr20:35557782 G>A depth=214 alt=214 vaf=1.0000 p=1.00e+00 (>1.0e-06)
2026-06-02 15:37:59,818 [vaf_filter] DEBUG: REMOVED high_pvalue: chr20:35560079 C>T depth=185 alt=184 vaf=0.9946 p=1.00e+00 (>1.0e-06)
2026-06-02 15:37:59,818 [vaf_filter] DEBUG: REMOVED high_pvalue: chr20:35560231 G>A depth=218 alt=108 vaf=0.4954 p=4.73e-01 (>1.0e-06)
2026-06-02 15:37:59,818 [vaf_filter] DEBUG: REMOVED high_pvalue: chr20:35560522 A>G depth=213 alt=213 vaf=1.0000 p=1.00e+00 (>1.0e-06)
2026-06-02 15:37:59,818 [vaf_filter] DEBUG: REMOVED high_pvalue: chr20:35560590 G>A depth=224 alt=224 vaf=1.0000 p=1.00e+00 (>1.0e-06)
2026-06-02 15:37:59,818 [vaf_filter] DEBUG: REMOVED high_pvalue: chr20:35564250 T>A depth=265 alt=137 vaf=0.5170 p=7.30e-01 (>1.0e-06)
2026-06-02 15:37:59,818 [vaf_filter] DEBUG: REMOVED high_pvalue: chr20:35565425 T>C depth=290 alt=150 vaf=0.5172 p=7.41e-01 (>1.0e-06)
2026-06-02 15:37:59,819 [vaf_filter] DEBUG: REMOVED high_pvalue: chr20:35566170 G>A depth=274 alt=145 vaf=0.5292 p=8.48e-01 (>1.0e-06)
2026-06-02 15:37:59,819 [vaf_filter] DEBUG: REMOVED high_pvalue: chr20:35566207 C>T depth=290 alt=156 vaf=0.5379 p=9.12e-01 (>1.0e-06)
2026-06-02 15:37:59,819 [vaf_filter] DEBUG: REMOVED high_pvalue: chr20:35571517 G>C depth=297 alt=161 vaf=0.5421 p=9.34e-01 (>1.0e-06)
2026-06-02 15:37:59,819 [vaf_filter] DEBUG: REMOVED high_pvalue: chr20:36173082 G>A depth=304 alt=144 vaf=0.4737 p=1.95e-01 (>1.0e-06)
2026-06-02 15:37:59,819 [vaf_filter] DEBUG: REMOVED high_pvalue: chr20:36309447 G>C depth=222 alt=107 vaf=0.4820 p=3.19e-01 (>1.0e-06)
2026-06-02 15:37:59,819 [vaf_filter] DEBUG: REMOVED high_pvalue: chr20:36312323 C>T depth=228 alt=104 vaf=0.4561 p=1.04e-01 (>1.0e-06)
2026-06-02 15:37:59,819 [vaf_filter] DEBUG: REMOVED high_pvalue: chr20:36312890 G>T depth=206 alt=91 vaf=0.4417 p=5.45e-02 (>1.0e-06)
2026-06-02 15:37:59,819 [vaf_filter] DEBUG: REMOVED high_pvalue: chr20:36313238 G>T depth=191 alt=103 vaf=0.5393 p=8.77e-01 (>1.0e-06)
2026-06-02 15:37:59,819 [vaf_filter] DEBUG: REMOVED high_pvalue: chr20:36313607 G>C depth=162 alt=83 vaf=0.5123 p=6.53e-01 (>1.0e-06)
2026-06-02 15:37:59,819 [vaf_filter] DEBUG: REMOVED high_pvalue: chr20:36314047 T>C depth=118 alt=55 vaf=0.4661 p=2.60e-01 (>1.0e-06)
2026-06-02 15:37:59,819 [vaf_filter] DEBUG: REMOVED high_pvalue: chr20:36315190 A>G depth=173 alt=76 vaf=0.4393 p=6.42e-02 (>1.0e-06)
2026-06-02 15:37:59,819 [vaf_filter] DEBUG: REMOVED high_pvalue: chr20:36316943 A>G depth=255 alt=117 vaf=0.4588 p=1.05e-01 (>1.0e-06)
2026-06-02 15:37:59,819 [vaf_filter] DEBUG: REMOVED high_pvalue: chr20:36319330 A>G depth=185 alt=185 vaf=1.0000 p=1.00e+00 (>1.0e-06)
2026-06-02 15:37:59,819 [vaf_filter] DEBUG: REMOVED high_pvalue: chr20:36319658 A>G depth=172 alt=172 vaf=1.0000 p=1.00e+00 (>1.0e-06)
2026-06-02 15:37:59,819 [vaf_filter] DEBUG: REMOVED high_pvalue: chr20:37901395 T>G depth=170 alt=88 vaf=0.5176 p=7.04e-01 (>1.0e-06)
2026-06-02 15:37:59,819 [vaf_filter] DEBUG: KEPT: chr20:38139365 T>A depth=264 alt=5 vaf=0.0189 p=5.72e-55
2026-06-02 15:37:59,819 [vaf_filter] DEBUG: REMOVED high_pvalue: chr20:38341765 G>C depth=291 alt=156 vaf=0.5361 p=9.01e-01 (>1.0e-06)
2026-06-02 15:37:59,819 [vaf_filter] DEBUG: REMOVED high_pvalue: chr20:38342053 A>G depth=314 alt=145 vaf=0.4618 p=9.71e-02 (>1.0e-06)
2026-06-02 15:37:59,819 [vaf_filter] DEBUG: REMOVED high_pvalue: chr20:38342143 C>A depth=281 alt=146 vaf=0.5196 p=7.63e-01 (>1.0e-06)
2026-06-02 15:37:59,819 [vaf_filter] DEBUG: REMOVED high_pvalue: chr20:38342234 A>G depth=232 alt=118 vaf=0.5086 p=6.29e-01 (>1.0e-06)
2026-06-02 15:37:59,819 [vaf_filter] DEBUG: REMOVED high_pvalue: chr20:38342421 A>C depth=275 alt=141 vaf=0.5127 p=6.85e-01 (>1.0e-06)
2026-06-02 15:37:59,819 [vaf_filter] DEBUG: REMOVED high_pvalue: chr20:38342716 A>T depth=279 alt=127 vaf=0.4552 p=7.54e-02 (>1.0e-06)
2026-06-02 15:37:59,819 [vaf_filter] DEBUG: REMOVED high_pvalue: chr20:38343306 C>T depth=218 alt=107 vaf=0.4908 p=4.19e-01 (>1.0e-06)
2026-06-02 15:37:59,819 [vaf_filter] DEBUG: REMOVED high_pvalue: chr20:38344539 T>C depth=241 alt=241 vaf=1.0000 p=1.00e+00 (>1.0e-06)
2026-06-02 15:37:59,819 [vaf_filter] DEBUG: REMOVED high_pvalue: chr20:38345681 C>T depth=279 alt=279 vaf=1.0000 p=1.00e+00 (>1.0e-06)
2026-06-02 15:37:59,819 [vaf_filter] DEBUG: REMOVED high_pvalue: chr20:38345754 G>A depth=264 alt=264 vaf=1.0000 p=1.00e+00 (>1.0e-06)
2026-06-02 15:37:59,819 [vaf_filter] DEBUG: REMOVED high_pvalue: chr20:38346109 C>G depth=252 alt=252 vaf=1.0000 p=1.00e+00 (>1.0e-06)
2026-06-02 15:37:59,819 [vaf_filter] DEBUG: REMOVED high_pvalue: chr20:38346312 G>A depth=240 alt=116 vaf=0.4833 p=3.26e-01 (>1.0e-06)
2026-06-02 15:37:59,819 [vaf_filter] DEBUG: REMOVED high_pvalue: chr20:38349567 A>G depth=236 alt=236 vaf=1.0000 p=1.00e+00 (>1.0e-06)
2026-06-02 15:37:59,819 [vaf_filter] DEBUG: REMOVED high_pvalue: chr20:38349779 A>G depth=191 alt=191 vaf=1.0000 p=1.00e+00 (>1.0e-06)
2026-06-02 15:37:59,819 [vaf_filter] DEBUG: REMOVED high_pvalue: chr20:38350107 A>T depth=240 alt=115 vaf=0.4792 p=2.81e-01 (>1.0e-06)
2026-06-02 15:37:59,819 [vaf_filter] DEBUG: REMOVED high_pvalue: chr20:38351384 C>T depth=223 alt=111 vaf=0.4978 p=5.00e-01 (>1.0e-06)
2026-06-02 15:37:59,819 [vaf_filter] DEBUG: REMOVED high_pvalue: chr20:38351693 G>T depth=223 alt=111 vaf=0.4978 p=5.00e-01 (>1.0e-06)
2026-06-02 15:37:59,819 [vaf_filter] DEBUG: REMOVED high_pvalue: chr20:38352768 A>C depth=331 alt=331 vaf=1.0000 p=1.00e+00 (>1.0e-06)
2026-06-02 15:37:59,819 [vaf_filter] DEBUG: REMOVED high_pvalue: chr20:38353928 C>T depth=290 alt=290 vaf=1.0000 p=1.00e+00 (>1.0e-06)
2026-06-02 15:37:59,819 [vaf_filter] DEBUG: REMOVED high_pvalue: chr20:38366696 T>C depth=218 alt=105 vaf=0.4817 p=3.18e-01 (>1.0e-06)
2026-06-02 15:37:59,819 [vaf_filter] DEBUG: REMOVED high_pvalue: chr20:38367921 G>T depth=231 alt=116 vaf=0.5022 p=5.52e-01 (>1.0e-06)
2026-06-02 15:37:59,819 [vaf_filter] DEBUG: REMOVED high_pvalue: chr20:38368988 C>T depth=246 alt=104 vaf=0.4228 p=9.16e-03 (>1.0e-06)
2026-06-02 15:37:59,819 [vaf_filter] DEBUG: REMOVED high_pvalue: chr20:38370399 A>T depth=260 alt=131 vaf=0.5038 p=5.74e-01 (>1.0e-06)
2026-06-02 15:37:59,819 [vaf_filter] DEBUG: REMOVED high_pvalue: chr20:38372765 T>A depth=292 alt=126 vaf=0.4315 p=1.12e-02 (>1.0e-06)
2026-06-02 15:37:59,819 [vaf_filter] DEBUG: REMOVED high_pvalue: chr20:38373290 C>T depth=243 alt=115 vaf=0.4733 p=2.21e-01 (>1.0e-06)
2026-06-02 15:37:59,819 [vaf_filter] DEBUG: REMOVED high_pvalue: chr20:38376894 C>T depth=264 alt=134 vaf=0.5076 p=6.21e-01 (>1.0e-06)
2026-06-02 15:37:59,819 [vaf_filter] DEBUG: REMOVED high_pvalue: chr20:38380824 C>T depth=208 alt=103 vaf=0.4952 p=4.72e-01 (>1.0e-06)
2026-06-02 15:37:59,819 [vaf_filter] DEBUG: REMOVED high_pvalue: chr20:38380982 G>T depth=227 alt=107 vaf=0.4714 p=2.13e-01 (>1.0e-06)
2026-06-02 15:37:59,819 [vaf_filter] DEBUG: REMOVED high_pvalue: chr20:38381281 C>T depth=243 alt=130 vaf=0.5350 p=8.76e-01 (>1.0e-06)
2026-06-02 15:37:59,819 [vaf_filter] DEBUG: REMOVED high_pvalue: chr20:38382164 T>A depth=269 alt=138 vaf=0.5130 p=6.87e-01 (>1.0e-06)
2026-06-02 15:37:59,819 [vaf_filter] DEBUG: REMOVED high_pvalue: chr20:38382587 A>G depth=284 alt=153 vaf=0.5387 p=9.14e-01 (>1.0e-06)
2026-06-02 15:37:59,819 [vaf_filter] DEBUG: REMOVED high_pvalue: chr20:38382626 G>A depth=290 alt=159 vaf=0.5483 p=9.56e-01 (>1.0e-06)
2026-06-02 15:37:59,819 [vaf_filter] DEBUG: REMOVED high_pvalue: chr20:38397157 A>T depth=326 alt=147 vaf=0.4509 p=4.30e-02 (>1.0e-06)
2026-06-02 15:37:59,819 [vaf_filter] DEBUG: REMOVED high_pvalue: chr20:38397277 T>C depth=371 alt=164 vaf=0.4420 p=1.46e-02 (>1.0e-06)
2026-06-02 15:37:59,819 [vaf_filter] DEBUG: REMOVED high_pvalue: chr20:38397738 A>C depth=349 alt=162 vaf=0.4642 p=9.95e-02 (>1.0e-06)
2026-06-02 15:37:59,819 [vaf_filter] DEBUG: REMOVED high_pvalue: chr20:38397980 G>A depth=353 alt=170 vaf=0.4816 p=2.62e-01 (>1.0e-06)
2026-06-02 15:37:59,819 [vaf_filter] DEBUG: REMOVED high_pvalue: chr20:38398565 G>A depth=394 alt=190 vaf=0.4822 p=2.56e-01 (>1.0e-06)
2026-06-02 15:37:59,819 [vaf_filter] DEBUG: REMOVED high_pvalue: chr20:38398584 A>G depth=405 alt=201 vaf=0.4963 p=4.60e-01 (>1.0e-06)
2026-06-02 15:37:59,820 [vaf_filter] DEBUG: REMOVED high_pvalue: chr20:38401177 C>T depth=270 alt=135 vaf=0.5000 p=5.24e-01 (>1.0e-06)
2026-06-02 15:37:59,820 [vaf_filter] DEBUG: REMOVED high_pvalue: chr20:38401547 G>A depth=173 alt=100 vaf=0.5780 p=9.83e-01 (>1.0e-06)
2026-06-02 15:37:59,820 [vaf_filter] DEBUG: REMOVED high_pvalue: chr20:38408937 T>C depth=278 alt=130 vaf=0.4676 p=1.54e-01 (>1.0e-06)
2026-06-02 15:37:59,820 [vaf_filter] DEBUG: REMOVED high_pvalue: chr20:38411969 G>C depth=215 alt=98 vaf=0.4558 p=1.10e-01 (>1.0e-06)
2026-06-02 15:37:59,820 [vaf_filter] DEBUG: REMOVED high_pvalue: chr20:38414348 G>A depth=270 alt=138 vaf=0.5111 p=6.65e-01 (>1.0e-06)
2026-06-02 15:37:59,820 [vaf_filter] DEBUG: REMOVED high_pvalue: chr20:38414563 G>A depth=245 alt=121 vaf=0.4939 p=4.49e-01 (>1.0e-06)
2026-06-02 15:37:59,820 [vaf_filter] DEBUG: REMOVED high_pvalue: chr20:38414850 A>G depth=263 alt=139 vaf=0.5285 p=8.38e-01 (>1.0e-06)
2026-06-02 15:37:59,820 [vaf_filter] DEBUG: REMOVED high_pvalue: chr20:38415226 C>T depth=275 alt=139 vaf=0.5055 p=5.95e-01 (>1.0e-06)
2026-06-02 15:37:59,820 [vaf_filter] DEBUG: REMOVED high_pvalue: chr20:38420312 A>G depth=252 alt=107 vaf=0.4246 p=9.88e-03 (>1.0e-06)
2026-06-02 15:37:59,820 [vaf_filter] DEBUG: REMOVED high_pvalue: chr20:38421231 C>T depth=245 alt=117 vaf=0.4776 p=2.61e-01 (>1.0e-06)
2026-06-02 15:37:59,820 [vaf_filter] DEBUG: REMOVED high_pvalue: chr20:38422106 G>A depth=237 alt=115 vaf=0.4852 p=3.48e-01 (>1.0e-06)
2026-06-02 15:37:59,820 [vaf_filter] DEBUG: REMOVED high_pvalue: chr20:38422170 C>T depth=233 alt=115 vaf=0.4936 p=4.48e-01 (>1.0e-06)
2026-06-02 15:37:59,820 [vaf_filter] DEBUG: REMOVED high_pvalue: chr20:38424935 T>C depth=218 alt=114 vaf=0.5229 p=7.72e-01 (>1.0e-06)
2026-06-02 15:37:59,820 [vaf_filter] DEBUG: REMOVED high_pvalue: chr20:38426138 T>C depth=225 alt=123 vaf=0.5467 p=9.29e-01 (>1.0e-06)
2026-06-02 15:37:59,820 [vaf_filter] DEBUG: REMOVED high_pvalue: chr20:38426372 G>A depth=193 alt=95 vaf=0.4922 p=4.43e-01 (>1.0e-06)
2026-06-02 15:37:59,820 [vaf_filter] DEBUG: REMOVED high_pvalue: chr20:38427232 C>T depth=195 alt=95 vaf=0.4872 p=3.87e-01 (>1.0e-06)
2026-06-02 15:37:59,820 [vaf_filter] DEBUG: REMOVED high_pvalue: chr20:38430706 T>C depth=306 alt=159 vaf=0.5196 p=7.71e-01 (>1.0e-06)
2026-06-02 15:37:59,820 [vaf_filter] DEBUG: REMOVED high_pvalue: chr20:38430801 G>T depth=272 alt=144 vaf=0.5294 p=8.49e-01 (>1.0e-06)
2026-06-02 15:37:59,820 [vaf_filter] DEBUG: REMOVED high_pvalue: chr20:38431106 G>T depth=244 alt=122 vaf=0.5000 p=5.26e-01 (>1.0e-06)
2026-06-02 15:37:59,820 [vaf_filter] DEBUG: REMOVED high_pvalue: chr20:38433940 C>T depth=242 alt=101 vaf=0.4174 p=6.09e-03 (>1.0e-06)
2026-06-02 15:37:59,820 [vaf_filter] DEBUG: REMOVED high_pvalue: chr20:38434831 G>A depth=266 alt=116 vaf=0.4361 p=2.15e-02 (>1.0e-06)
2026-06-02 15:37:59,820 [vaf_filter] DEBUG: REMOVED high_pvalue: chr20:38434992 C>G depth=181 alt=83 vaf=0.4586 p=1.49e-01 (>1.0e-06)
2026-06-02 15:37:59,820 [vaf_filter] DEBUG: REMOVED high_pvalue: chr20:38435028 T>C depth=180 alt=78 vaf=0.4333 p=4.32e-02 (>1.0e-06)
2026-06-02 15:37:59,820 [vaf_filter] DEBUG: REMOVED high_pvalue: chr20:38435993 G>A depth=240 alt=127 vaf=0.5292 p=8.34e-01 (>1.0e-06)
2026-06-02 15:37:59,820 [vaf_filter] DEBUG: REMOVED high_pvalue: chr20:38436101 A>G depth=186 alt=93 vaf=0.5000 p=5.29e-01 (>1.0e-06)
2026-06-02 15:37:59,820 [vaf_filter] DEBUG: KEPT: chr20:38440495 G>A depth=317 alt=5 vaf=0.0158 p=1.67e-66
2026-06-02 15:37:59,820 [vaf_filter] DEBUG: KEPT: chr20:39698337 C>A depth=268 alt=7 vaf=0.0261 p=3.52e-54
2026-06-02 15:37:59,820 [vaf_filter] DEBUG: KEPT: chr20:40055079 G>A depth=339 alt=10 vaf=0.0295 p=3.86e-67
2026-06-02 15:37:59,820 [vaf_filter] DEBUG: KEPT: chr20:40241997 G>T depth=222 alt=5 vaf=0.0225 p=7.94e-46
2026-06-02 15:37:59,820 [vaf_filter] DEBUG: REMOVED low_alt: chr20:40736725 C>T depth=268 alt=4 vaf=0.0149 p=1.12e-56
2026-06-02 15:37:59,820 [vaf_filter] DEBUG: REMOVED high_pvalue: chr20:40971575 C>A depth=339 alt=160 vaf=0.4720 p=1.64e-01 (>1.0e-06)
2026-06-02 15:37:59,820 [vaf_filter] DEBUG: REMOVED high_pvalue: chr20:42027058 C>G depth=235 alt=235 vaf=1.0000 p=1.00e+00 (>1.0e-06)
2026-06-02 15:37:59,820 [vaf_filter] DEBUG: REMOVED high_pvalue: chr20:42027129 C>G depth=225 alt=225 vaf=1.0000 p=1.00e+00 (>1.0e-06)
2026-06-02 15:37:59,820 [vaf_filter] DEBUG: REMOVED high_pvalue: chr20:42029256 G>A depth=308 alt=308 vaf=1.0000 p=1.00e+00 (>1.0e-06)
2026-06-02 15:37:59,820 [vaf_filter] DEBUG: REMOVED high_pvalue: chr20:42130697 G>A depth=208 alt=208 vaf=1.0000 p=1.00e+00 (>1.0e-06)
2026-06-02 15:37:59,820 [vaf_filter] DEBUG: REMOVED high_pvalue: chr20:42358262 T>C depth=203 alt=203 vaf=1.0000 p=1.00e+00 (>1.0e-06)
2026-06-02 15:37:59,820 [vaf_filter] DEBUG: REMOVED high_pvalue: chr20:42420350 T>C depth=251 alt=251 vaf=1.0000 p=1.00e+00 (>1.0e-06)
2026-06-02 15:37:59,820 [vaf_filter] DEBUG: REMOVED high_pvalue: chr20:42496452 C>T depth=289 alt=131 vaf=0.4533 p=6.31e-02 (>1.0e-06)
2026-06-02 15:37:59,820 [vaf_filter] DEBUG: REMOVED high_pvalue: chr20:42654099 G>C depth=246 alt=246 vaf=1.0000 p=1.00e+00 (>1.0e-06)
2026-06-02 15:37:59,820 [vaf_filter] DEBUG: REMOVED high_pvalue: chr20:42834314 T>C depth=329 alt=329 vaf=1.0000 p=1.00e+00 (>1.0e-06)
2026-06-02 15:37:59,820 [vaf_filter] DEBUG: KEPT: chr20:42946239 G>T depth=239 alt=30 vaf=0.1255 p=5.62e-31
2026-06-02 15:37:59,820 [vaf_filter] DEBUG: REMOVED high_pvalue: chr20:43096931 T>C depth=229 alt=108 vaf=0.4716 p=2.14e-01 (>1.0e-06)
2026-06-02 15:37:59,820 [vaf_filter] DEBUG: REMOVED high_pvalue: chr20:43232614 A>G depth=208 alt=207 vaf=0.9952 p=1.00e+00 (>1.0e-06)
2026-06-02 15:37:59,820 [vaf_filter] DEBUG: REMOVED high_pvalue: chr20:43280955 G>A depth=223 alt=223 vaf=1.0000 p=1.00e+00 (>1.0e-06)
2026-06-02 15:37:59,820 [vaf_filter] DEBUG: KEPT: chr20:43319309 C>T depth=241 alt=6 vaf=0.0249 p=3.92e-49
2026-06-02 15:37:59,820 [vaf_filter] DEBUG: REMOVED high_pvalue: chr20:43319766 A>G depth=262 alt=262 vaf=1.0000 p=1.00e+00 (>1.0e-06)
2026-06-02 15:37:59,820 [vaf_filter] DEBUG: REMOVED high_pvalue: chr20:43435995 G>A depth=249 alt=249 vaf=1.0000 p=1.00e+00 (>1.0e-06)
2026-06-02 15:37:59,820 [vaf_filter] DEBUG: REMOVED high_pvalue: chr20:43507706 C>A depth=216 alt=216 vaf=1.0000 p=1.00e+00 (>1.0e-06)
2026-06-02 15:37:59,820 [vaf_filter] DEBUG: REMOVED high_pvalue: chr20:43526651 T>C depth=240 alt=240 vaf=1.0000 p=1.00e+00 (>1.0e-06)
2026-06-02 15:37:59,820 [vaf_filter] DEBUG: REMOVED high_pvalue: chr20:43559725 A>C depth=188 alt=188 vaf=1.0000 p=1.00e+00 (>1.0e-06)
2026-06-02 15:37:59,820 [vaf_filter] DEBUG: REMOVED high_pvalue: chr20:43692067 C>T depth=239 alt=239 vaf=1.0000 p=1.00e+00 (>1.0e-06)
2026-06-02 15:37:59,820 [vaf_filter] DEBUG: REMOVED high_pvalue: chr20:43923306 G>A depth=233 alt=233 vaf=1.0000 p=1.00e+00 (>1.0e-06)
2026-06-02 15:37:59,820 [vaf_filter] DEBUG: REMOVED high_pvalue: chr20:44004596 C>T depth=270 alt=270 vaf=1.0000 p=1.00e+00 (>1.0e-06)
2026-06-02 15:37:59,820 [vaf_filter] DEBUG: REMOVED high_pvalue: chr20:44266379 C>A depth=247 alt=111 vaf=0.4494 p=6.34e-02 (>1.0e-06)
2026-06-02 15:37:59,821 [vaf_filter] DEBUG: REMOVED high_pvalue: chr20:44337881 T>C depth=278 alt=137 vaf=0.4928 p=4.29e-01 (>1.0e-06)
2026-06-02 15:37:59,821 [vaf_filter] DEBUG: REMOVED low_alt: chr20:45123227 C>G depth=382 alt=3 vaf=0.0079 p=2.39e-82
2026-06-02 15:37:59,821 [vaf_filter] DEBUG: KEPT: chr20:45367017 G>A depth=260 alt=5 vaf=0.0192 p=4.25e-54
2026-06-02 15:37:59,821 [vaf_filter] DEBUG: KEPT: chr20:46492519 G>A depth=352 alt=8 vaf=0.0227 p=1.31e-71
2026-06-02 15:37:59,821 [vaf_filter] DEBUG: KEPT: chr20:47053475 G>T depth=258 alt=25 vaf=0.0969 p=2.65e-38
2026-06-02 15:37:59,821 [vaf_filter] DEBUG: REMOVED high_pvalue: chr20:47160262 T>G depth=210 alt=98 vaf=0.4667 p=1.85e-01 (>1.0e-06)
2026-06-02 15:37:59,821 [vaf_filter] DEBUG: REMOVED high_pvalue: chr20:47161314 T>C depth=247 alt=124 vaf=0.5020 p=5.51e-01 (>1.0e-06)
2026-06-02 15:37:59,821 [vaf_filter] DEBUG: REMOVED high_pvalue: chr20:47161626 C>G depth=216 alt=108 vaf=0.5000 p=5.27e-01 (>1.0e-06)
2026-06-02 15:37:59,821 [vaf_filter] DEBUG: REMOVED high_pvalue: chr20:47161650 A>G depth=213 alt=103 vaf=0.4836 p=3.40e-01 (>1.0e-06)
2026-06-02 15:37:59,821 [vaf_filter] DEBUG: REMOVED high_pvalue: chr20:47161762 T>A depth=206 alt=109 vaf=0.5291 p=8.17e-01 (>1.0e-06)
2026-06-02 15:37:59,821 [vaf_filter] DEBUG: REMOVED high_pvalue: chr20:47161905 G>A depth=235 alt=114 vaf=0.4851 p=3.48e-01 (>1.0e-06)
2026-06-02 15:37:59,821 [vaf_filter] DEBUG: REMOVED high_pvalue: chr20:47164305 T>C depth=260 alt=121 vaf=0.4654 p=1.46e-01 (>1.0e-06)
2026-06-02 15:37:59,821 [vaf_filter] DEBUG: REMOVED high_pvalue: chr20:47164669 G>T depth=245 alt=122 vaf=0.4980 p=5.00e-01 (>1.0e-06)
2026-06-02 15:37:59,821 [vaf_filter] DEBUG: REMOVED high_pvalue: chr20:47164894 A>G depth=236 alt=116 vaf=0.4915 p=4.23e-01 (>1.0e-06)
2026-06-02 15:37:59,821 [vaf_filter] DEBUG: REMOVED high_pvalue: chr20:47164991 G>A depth=294 alt=122 vaf=0.4150 p=2.13e-03 (>1.0e-06)
2026-06-02 15:37:59,821 [vaf_filter] DEBUG: REMOVED high_pvalue: chr20:47165521 T>A depth=230 alt=102 vaf=0.4435 p=4.96e-02 (>1.0e-06)
2026-06-02 15:37:59,821 [vaf_filter] DEBUG: REMOVED high_pvalue: chr20:47167102 C>T depth=183 alt=81 vaf=0.4426 p=6.96e-02 (>1.0e-06)
2026-06-02 15:37:59,821 [vaf_filter] DEBUG: REMOVED high_pvalue: chr20:47167615 T>C depth=218 alt=103 vaf=0.4725 p=2.28e-01 (>1.0e-06)
2026-06-02 15:37:59,821 [vaf_filter] DEBUG: REMOVED high_pvalue: chr20:47168611 T>C depth=243 alt=119 vaf=0.4897 p=3.99e-01 (>1.0e-06)
2026-06-02 15:37:59,821 [vaf_filter] DEBUG: REMOVED high_pvalue: chr20:47168991 A>G depth=237 alt=107 vaf=0.4515 p=7.65e-02 (>1.0e-06)
2026-06-02 15:37:59,821 [vaf_filter] DEBUG: REMOVED high_pvalue: chr20:47212288 T>C depth=203 alt=96 vaf=0.4729 p=2.41e-01 (>1.0e-06)
2026-06-02 15:37:59,821 [vaf_filter] DEBUG: REMOVED high_pvalue: chr20:48282117 C>T depth=335 alt=161 vaf=0.4806 p=2.56e-01 (>1.0e-06)
2026-06-02 15:37:59,821 [vaf_filter] DEBUG: REMOVED low_alt: chr20:48294045 T>C depth=178 alt=4 vaf=0.0225 p=4.50e-37
2026-06-02 15:37:59,821 [vaf_filter] DEBUG: KEPT: chr20:48789721 T>C depth=309 alt=5 vaf=0.0162 p=9.20e-65
2026-06-02 15:37:59,821 [vaf_filter] DEBUG: REMOVED high_pvalue: chr20:49680030 T>C depth=318 alt=148 vaf=0.4654 p=1.19e-01 (>1.0e-06)
2026-06-02 15:37:59,821 [vaf_filter] DEBUG: KEPT: chr20:49695957 G>A depth=342 alt=8 vaf=0.0234 p=1.95e-69
2026-06-02 15:37:59,821 [vaf_filter] DEBUG: REMOVED low_alt: chr20:50275405 G>A depth=241 alt=3 vaf=0.0124 p=1.21e-51
2026-06-02 15:37:59,821 [vaf_filter] DEBUG: REMOVED low_alt: chr20:51018871 C>T depth=251 alt=3 vaf=0.0120 p=8.04e-54
2026-06-02 15:37:59,821 [vaf_filter] DEBUG: KEPT: chr20:52328285 G>T depth=280 alt=5 vaf=0.0179 p=1.88e-58
2026-06-02 15:37:59,821 [vaf_filter] DEBUG: KEPT: chr20:52552200 G>A depth=240 alt=9 vaf=0.0375 p=1.80e-46
2026-06-02 15:37:59,821 [vaf_filter] DEBUG: REMOVED high_pvalue: chr20:53000459 T>C depth=299 alt=139 vaf=0.4649 p=1.24e-01 (>1.0e-06)
2026-06-02 15:37:59,821 [vaf_filter] DEBUG: REMOVED high_pvalue: chr20:54290365 G>A depth=327 alt=147 vaf=0.4495 p=3.84e-02 (>1.0e-06)
2026-06-02 15:37:59,821 [vaf_filter] DEBUG: REMOVED high_pvalue: chr20:54510341 C>T depth=270 alt=133 vaf=0.4926 p=4.28e-01 (>1.0e-06)
2026-06-02 15:37:59,821 [vaf_filter] DEBUG: REMOVED high_pvalue: chr20:55310039 G>C depth=244 alt=117 vaf=0.4795 p=2.82e-01 (>1.0e-06)
2026-06-02 15:37:59,821 [vaf_filter] DEBUG: REMOVED high_pvalue: chr20:55367307 C>T depth=292 alt=151 vaf=0.5171 p=7.40e-01 (>1.0e-06)
2026-06-02 15:37:59,821 [vaf_filter] DEBUG: REMOVED high_pvalue: chr20:55368617 A>G depth=350 alt=151 vaf=0.4314 p=6.00e-03 (>1.0e-06)
2026-06-02 15:37:59,821 [vaf_filter] DEBUG: REMOVED high_pvalue: chr20:55493721 A>G depth=341 alt=176 vaf=0.5161 p=7.42e-01 (>1.0e-06)
2026-06-02 15:37:59,821 [vaf_filter] DEBUG: REMOVED high_pvalue: chr20:55506723 C>T depth=299 alt=138 vaf=0.4615 p=1.02e-01 (>1.0e-06)
2026-06-02 15:37:59,821 [vaf_filter] DEBUG: REMOVED high_pvalue: chr20:55507012 C>A depth=331 alt=331 vaf=1.0000 p=1.00e+00 (>1.0e-06)
2026-06-02 15:37:59,821 [vaf_filter] DEBUG: REMOVED high_pvalue: chr20:55507381 C>T depth=229 alt=91 vaf=0.3974 p=1.18e-03 (>1.0e-06)
2026-06-02 15:37:59,821 [vaf_filter] DEBUG: REMOVED high_pvalue: chr20:55508763 T>G depth=275 alt=141 vaf=0.5127 p=6.85e-01 (>1.0e-06)
2026-06-02 15:37:59,821 [vaf_filter] DEBUG: REMOVED high_pvalue: chr20:55508793 G>A depth=274 alt=274 vaf=1.0000 p=1.00e+00 (>1.0e-06)
2026-06-02 15:37:59,821 [vaf_filter] DEBUG: REMOVED high_pvalue: chr20:55509036 G>T depth=304 alt=304 vaf=1.0000 p=1.00e+00 (>1.0e-06)
2026-06-02 15:37:59,821 [vaf_filter] DEBUG: REMOVED high_pvalue: chr20:55509503 A>G depth=273 alt=273 vaf=1.0000 p=1.00e+00 (>1.0e-06)
2026-06-02 15:37:59,821 [vaf_filter] DEBUG: REMOVED high_pvalue: chr20:55509656 C>G depth=326 alt=149 vaf=0.4571 p=6.74e-02 (>1.0e-06)
2026-06-02 15:37:59,821 [vaf_filter] DEBUG: REMOVED high_pvalue: chr20:55512430 T>C depth=307 alt=123 vaf=0.4007 p=3.08e-04 (>1.0e-06)
2026-06-02 15:37:59,821 [vaf_filter] DEBUG: REMOVED high_pvalue: chr20:55512739 C>A depth=281 alt=132 vaf=0.4698 p=1.70e-01 (>1.0e-06)
2026-06-02 15:37:59,821 [vaf_filter] DEBUG: REMOVED high_pvalue: chr20:55513097 T>C depth=218 alt=218 vaf=1.0000 p=1.00e+00 (>1.0e-06)
2026-06-02 15:37:59,821 [vaf_filter] DEBUG: REMOVED high_pvalue: chr20:55514112 A>G depth=204 alt=204 vaf=1.0000 p=1.00e+00 (>1.0e-06)
2026-06-02 15:37:59,821 [vaf_filter] DEBUG: REMOVED high_pvalue: chr20:55514328 G>C depth=192 alt=192 vaf=1.0000 p=1.00e+00 (>1.0e-06)
2026-06-02 15:37:59,821 [vaf_filter] DEBUG: REMOVED high_pvalue: chr20:55515104 C>T depth=302 alt=144 vaf=0.4768 p=2.27e-01 (>1.0e-06)
2026-06-02 15:37:59,821 [vaf_filter] DEBUG: REMOVED high_pvalue: chr20:55515469 C>G depth=294 alt=152 vaf=0.5170 p=7.39e-01 (>1.0e-06)
2026-06-02 15:37:59,821 [vaf_filter] DEBUG: REMOVED high_pvalue: chr20:55515470 A>G depth=293 alt=135 vaf=0.4608 p=9.94e-02 (>1.0e-06)
2026-06-02 15:37:59,822 [vaf_filter] DEBUG: REMOVED high_pvalue: chr20:55515983 A>G depth=298 alt=298 vaf=1.0000 p=1.00e+00 (>1.0e-06)
2026-06-02 15:37:59,822 [vaf_filter] DEBUG: REMOVED high_pvalue: chr20:55516093 A>C depth=281 alt=281 vaf=1.0000 p=1.00e+00 (>1.0e-06)
2026-06-02 15:37:59,822 [vaf_filter] DEBUG: REMOVED high_pvalue: chr20:55516495 C>T depth=279 alt=124 vaf=0.4444 p=3.62e-02 (>1.0e-06)
2026-06-02 15:37:59,822 [vaf_filter] DEBUG: REMOVED high_pvalue: chr20:55516695 T>C depth=322 alt=163 vaf=0.5062 p=6.10e-01 (>1.0e-06)
2026-06-02 15:37:59,822 [vaf_filter] DEBUG: REMOVED high_pvalue: chr20:55516839 C>T depth=345 alt=164 vaf=0.4754 p=1.95e-01 (>1.0e-06)
2026-06-02 15:37:59,822 [vaf_filter] DEBUG: REMOVED high_pvalue: chr20:55516860 T>C depth=338 alt=162 vaf=0.4793 p=2.40e-01 (>1.0e-06)
2026-06-02 15:37:59,822 [vaf_filter] DEBUG: REMOVED high_pvalue: chr20:55517366 T>C depth=360 alt=184 vaf=0.5111 p=6.82e-01 (>1.0e-06)
2026-06-02 15:37:59,822 [vaf_filter] DEBUG: REMOVED high_pvalue: chr20:55517491 C>A depth=310 alt=149 vaf=0.4806 p=2.66e-01 (>1.0e-06)
2026-06-02 15:37:59,822 [vaf_filter] DEBUG: REMOVED high_pvalue: chr20:55517883 T>C depth=345 alt=345 vaf=1.0000 p=1.00e+00 (>1.0e-06)
2026-06-02 15:37:59,822 [vaf_filter] DEBUG: REMOVED high_pvalue: chr20:55519230 A>C depth=297 alt=142 vaf=0.4781 p=2.43e-01 (>1.0e-06)
2026-06-02 15:37:59,822 [vaf_filter] DEBUG: REMOVED high_pvalue: chr20:55519330 G>C depth=261 alt=261 vaf=1.0000 p=1.00e+00 (>1.0e-06)
2026-06-02 15:37:59,822 [vaf_filter] DEBUG: REMOVED high_pvalue: chr20:55520092 A>G depth=304 alt=304 vaf=1.0000 p=1.00e+00 (>1.0e-06)
2026-06-02 15:37:59,822 [vaf_filter] DEBUG: REMOVED high_pvalue: chr20:55521388 T>C depth=284 alt=119 vaf=0.4190 p=3.79e-03 (>1.0e-06)
2026-06-02 15:37:59,822 [vaf_filter] DEBUG: REMOVED high_pvalue: chr20:55521666 T>C depth=264 alt=264 vaf=1.0000 p=1.00e+00 (>1.0e-06)
2026-06-02 15:37:59,822 [vaf_filter] DEBUG: REMOVED high_pvalue: chr20:55521945 C>T depth=268 alt=268 vaf=1.0000 p=1.00e+00 (>1.0e-06)
2026-06-02 15:37:59,822 [vaf_filter] DEBUG: REMOVED high_pvalue: chr20:55522144 T>A depth=221 alt=221 vaf=1.0000 p=1.00e+00 (>1.0e-06)
2026-06-02 15:37:59,822 [vaf_filter] DEBUG: REMOVED high_pvalue: chr20:55522149 T>G depth=251 alt=118 vaf=0.4701 p=1.88e-01 (>1.0e-06)
2026-06-02 15:37:59,822 [vaf_filter] DEBUG: REMOVED high_pvalue: chr20:55523192 G>T depth=242 alt=133 vaf=0.5496 p=9.46e-01 (>1.0e-06)
2026-06-02 15:37:59,822 [vaf_filter] DEBUG: REMOVED high_pvalue: chr20:55523339 A>T depth=256 alt=127 vaf=0.4961 p=4.75e-01 (>1.0e-06)
2026-06-02 15:37:59,822 [vaf_filter] DEBUG: REMOVED high_pvalue: chr20:55525044 G>A depth=314 alt=163 vaf=0.5191 p=7.68e-01 (>1.0e-06)
2026-06-02 15:37:59,822 [vaf_filter] DEBUG: REMOVED high_pvalue: chr20:55525961 C>G depth=312 alt=164 vaf=0.5256 p=8.32e-01 (>1.0e-06)
2026-06-02 15:37:59,822 [vaf_filter] DEBUG: REMOVED high_pvalue: chr20:55527790 C>A depth=275 alt=144 vaf=0.5236 p=8.01e-01 (>1.0e-06)
2026-06-02 15:37:59,822 [vaf_filter] DEBUG: REMOVED high_pvalue: chr20:55529408 A>T depth=324 alt=163 vaf=0.5031 p=5.66e-01 (>1.0e-06)
2026-06-02 15:37:59,822 [vaf_filter] DEBUG: REMOVED high_pvalue: chr20:55532112 G>A depth=286 alt=149 vaf=0.5210 p=7.79e-01 (>1.0e-06)
2026-06-02 15:37:59,822 [vaf_filter] DEBUG: REMOVED high_pvalue: chr20:55533358 C>T depth=260 alt=123 vaf=0.4731 p=2.10e-01 (>1.0e-06)
2026-06-02 15:37:59,822 [vaf_filter] DEBUG: REMOVED high_pvalue: chr20:55534016 G>T depth=309 alt=153 vaf=0.4951 p=4.55e-01 (>1.0e-06)
2026-06-02 15:37:59,822 [vaf_filter] DEBUG: REMOVED high_pvalue: chr20:55534531 A>G depth=266 alt=139 vaf=0.5226 p=7.87e-01 (>1.0e-06)
2026-06-02 15:37:59,822 [vaf_filter] DEBUG: REMOVED low_alt: chr20:55534659 G>C depth=252 alt=4 vaf=0.0159 p=3.40e-53
2026-06-02 15:37:59,822 [vaf_filter] DEBUG: REMOVED high_pvalue: chr20:55535662 C>T depth=260 alt=112 vaf=0.4308 p=1.50e-02 (>1.0e-06)
2026-06-02 15:37:59,822 [vaf_filter] DEBUG: REMOVED high_pvalue: chr20:55537005 C>A depth=293 alt=149 vaf=0.5085 p=6.37e-01 (>1.0e-06)
2026-06-02 15:37:59,822 [vaf_filter] DEBUG: REMOVED high_pvalue: chr20:55540539 G>A depth=301 alt=150 vaf=0.4983 p=5.00e-01 (>1.0e-06)
2026-06-02 15:37:59,822 [vaf_filter] DEBUG: REMOVED high_pvalue: chr20:55540954 C>A depth=300 alt=300 vaf=1.0000 p=1.00e+00 (>1.0e-06)
2026-06-02 15:37:59,822 [vaf_filter] DEBUG: REMOVED high_pvalue: chr20:55541245 T>C depth=272 alt=130 vaf=0.4779 p=2.52e-01 (>1.0e-06)
2026-06-02 15:37:59,822 [vaf_filter] DEBUG: REMOVED high_pvalue: chr20:55541500 T>A depth=254 alt=128 vaf=0.5039 p=5.75e-01 (>1.0e-06)
2026-06-02 15:37:59,822 [vaf_filter] DEBUG: REMOVED high_pvalue: chr20:55541596 G>T depth=234 alt=234 vaf=1.0000 p=1.00e+00 (>1.0e-06)
2026-06-02 15:37:59,822 [vaf_filter] DEBUG: REMOVED high_pvalue: chr20:55542129 T>C depth=267 alt=132 vaf=0.4944 p=4.51e-01 (>1.0e-06)
2026-06-02 15:37:59,822 [vaf_filter] DEBUG: REMOVED high_pvalue: chr20:55542447 G>A depth=311 alt=156 vaf=0.5016 p=5.45e-01 (>1.0e-06)
2026-06-02 15:37:59,822 [vaf_filter] DEBUG: REMOVED high_pvalue: chr20:55542527 A>G depth=291 alt=145 vaf=0.4983 p=5.00e-01 (>1.0e-06)
2026-06-02 15:37:59,822 [vaf_filter] DEBUG: REMOVED high_pvalue: chr20:55543037 G>T depth=285 alt=139 vaf=0.4877 p=3.61e-01 (>1.0e-06)
2026-06-02 15:37:59,822 [vaf_filter] DEBUG: REMOVED high_pvalue: chr20:55543270 C>T depth=240 alt=108 vaf=0.4500 p=6.88e-02 (>1.0e-06)
2026-06-02 15:37:59,822 [vaf_filter] DEBUG: REMOVED high_pvalue: chr20:55543397 A>G depth=302 alt=140 vaf=0.4636 p=1.13e-01 (>1.0e-06)
2026-06-02 15:37:59,822 [vaf_filter] DEBUG: REMOVED high_pvalue: chr20:55543443 C>T depth=308 alt=141 vaf=0.4578 p=7.71e-02 (>1.0e-06)
2026-06-02 15:37:59,822 [vaf_filter] DEBUG: REMOVED high_pvalue: chr20:55544563 A>G depth=313 alt=169 vaf=0.5399 p=9.29e-01 (>1.0e-06)
2026-06-02 15:37:59,822 [vaf_filter] DEBUG: REMOVED high_pvalue: chr20:55544778 T>C depth=244 alt=114 vaf=0.4672 p=1.68e-01 (>1.0e-06)
2026-06-02 15:37:59,822 [vaf_filter] DEBUG: REMOVED high_pvalue: chr20:55545023 T>C depth=315 alt=152 vaf=0.4825 p=2.87e-01 (>1.0e-06)
2026-06-02 15:37:59,822 [vaf_filter] DEBUG: REMOVED high_pvalue: chr20:55545198 G>A depth=281 alt=129 vaf=0.4591 p=9.47e-02 (>1.0e-06)
2026-06-02 15:37:59,822 [vaf_filter] DEBUG: REMOVED high_pvalue: chr20:55545292 G>C depth=264 alt=264 vaf=1.0000 p=1.00e+00 (>1.0e-06)
2026-06-02 15:37:59,822 [vaf_filter] DEBUG: REMOVED high_pvalue: chr20:55546331 T>C depth=309 alt=148 vaf=0.4790 p=2.47e-01 (>1.0e-06)
2026-06-02 15:37:59,822 [vaf_filter] DEBUG: REMOVED high_pvalue: chr20:55546365 T>C depth=307 alt=148 vaf=0.4821 p=2.84e-01 (>1.0e-06)
2026-06-02 15:37:59,822 [vaf_filter] DEBUG: REMOVED high_pvalue: chr20:55546986 A>G depth=271 alt=136 vaf=0.5018 p=5.48e-01 (>1.0e-06)
2026-06-02 15:37:59,822 [vaf_filter] DEBUG: REMOVED high_pvalue: chr20:55547580 C>A depth=265 alt=132 vaf=0.4981 p=5.00e-01 (>1.0e-06)
2026-06-02 15:37:59,822 [vaf_filter] DEBUG: REMOVED high_pvalue: chr20:55547735 G>A depth=338 alt=174 vaf=0.5148 p=7.25e-01 (>1.0e-06)
2026-06-02 15:37:59,822 [vaf_filter] DEBUG: REMOVED high_pvalue: chr20:55847519 A>G depth=358 alt=186 vaf=0.5196 p=7.86e-01 (>1.0e-06)
2026-06-02 15:37:59,822 [vaf_filter] DEBUG: KEPT: chr20:55954627 G>A depth=239 alt=10 vaf=0.0418 p=1.87e-45
2026-06-02 15:37:59,823 [vaf_filter] DEBUG: REMOVED high_pvalue: chr20:57630852 C>T depth=228 alt=117 vaf=0.5132 p=6.79e-01 (>1.0e-06)
2026-06-02 15:37:59,823 [vaf_filter] DEBUG: REMOVED high_pvalue: chr20:57686276 G>A depth=219 alt=108 vaf=0.4932 p=4.46e-01 (>1.0e-06)
2026-06-02 15:37:59,823 [vaf_filter] DEBUG: KEPT: chr20:57721435 C>T depth=283 alt=8 vaf=0.0283 p=1.28e-56
2026-06-02 15:37:59,823 [vaf_filter] DEBUG: REMOVED high_pvalue: chr20:57830448 G>T depth=284 alt=116 vaf=0.4085 p=1.24e-03 (>1.0e-06)
2026-06-02 15:37:59,823 [vaf_filter] DEBUG: REMOVED high_pvalue: chr20:58232861 A>T depth=295 alt=140 vaf=0.4746 p=2.08e-01 (>1.0e-06)
2026-06-02 15:37:59,823 [vaf_filter] DEBUG: REMOVED high_pvalue: chr20:58252069 C>G depth=286 alt=135 vaf=0.4720 p=1.88e-01 (>1.0e-06)
2026-06-02 15:37:59,823 [vaf_filter] DEBUG: REMOVED high_pvalue: chr20:58381833 G>A depth=236 alt=129 vaf=0.5466 p=9.33e-01 (>1.0e-06)
2026-06-02 15:37:59,823 [vaf_filter] DEBUG: KEPT: chr20:58761907 A>G depth=282 alt=6 vaf=0.0213 p=4.73e-58
2026-06-02 15:37:59,823 [vaf_filter] DEBUG: REMOVED high_pvalue: chr20:59719543 G>T depth=255 alt=121 vaf=0.4745 p=2.26e-01 (>1.0e-06)
2026-06-02 15:37:59,823 [vaf_filter] DEBUG: REMOVED high_pvalue: chr20:59743834 G>C depth=212 alt=99 vaf=0.4670 p=1.86e-01 (>1.0e-06)
2026-06-02 15:37:59,823 [vaf_filter] DEBUG: REMOVED high_pvalue: chr20:59874526 C>T depth=332 alt=155 vaf=0.4669 p=1.25e-01 (>1.0e-06)
2026-06-02 15:37:59,823 [vaf_filter] DEBUG: REMOVED high_pvalue: chr20:61019912 A>G depth=279 alt=140 vaf=0.5018 p=5.48e-01 (>1.0e-06)
2026-06-02 15:37:59,823 [vaf_filter] DEBUG: REMOVED high_pvalue: chr20:61362348 G>A depth=139 alt=70 vaf=0.5036 p=5.67e-01 (>1.0e-06)
2026-06-02 15:37:59,823 [vaf_filter] DEBUG: REMOVED high_pvalue: chr20:62132054 T>A depth=221 alt=99 vaf=0.4480 p=6.95e-02 (>1.0e-06)
2026-06-02 15:37:59,823 [vaf_filter] DEBUG: REMOVED high_pvalue: chr20:62413461 G>T depth=207 alt=102 vaf=0.4928 p=4.45e-01 (>1.0e-06)
2026-06-02 15:37:59,823 [vaf_filter] DEBUG: REMOVED high_pvalue: chr20:62516553 T>C depth=206 alt=206 vaf=1.0000 p=1.00e+00 (>1.0e-06)
2026-06-02 15:37:59,823 [vaf_filter] DEBUG: REMOVED high_pvalue: chr20:62516579 A>G depth=211 alt=211 vaf=1.0000 p=1.00e+00 (>1.0e-06)
2026-06-02 15:37:59,823 [vaf_filter] DEBUG: REMOVED high_pvalue: chr20:62516743 A>G depth=250 alt=105 vaf=0.4200 p=6.82e-03 (>1.0e-06)
2026-06-02 15:37:59,823 [vaf_filter] DEBUG: REMOVED high_pvalue: chr20:62516765 C>G depth=254 alt=108 vaf=0.4252 p=1.01e-02 (>1.0e-06)
2026-06-02 15:37:59,823 [vaf_filter] DEBUG: REMOVED high_pvalue: chr20:62517064 G>T depth=197 alt=197 vaf=1.0000 p=1.00e+00 (>1.0e-06)
2026-06-02 15:37:59,823 [vaf_filter] DEBUG: REMOVED high_pvalue: chr20:62517232 C>T depth=140 alt=140 vaf=1.0000 p=1.00e+00 (>1.0e-06)
2026-06-02 15:37:59,823 [vaf_filter] DEBUG: REMOVED high_pvalue: chr20:62518069 C>T depth=153 alt=70 vaf=0.4575 p=1.66e-01 (>1.0e-06)
2026-06-02 15:37:59,823 [vaf_filter] DEBUG: REMOVED high_pvalue: chr20:62518258 A>G depth=144 alt=144 vaf=1.0000 p=1.00e+00 (>1.0e-06)
2026-06-02 15:37:59,823 [vaf_filter] DEBUG: REMOVED high_pvalue: chr20:62518488 T>A depth=207 alt=206 vaf=0.9952 p=1.00e+00 (>1.0e-06)
2026-06-02 15:37:59,823 [vaf_filter] DEBUG: REMOVED high_pvalue: chr20:62518731 T>C depth=216 alt=216 vaf=1.0000 p=1.00e+00 (>1.0e-06)
2026-06-02 15:37:59,823 [vaf_filter] DEBUG: REMOVED high_pvalue: chr20:62518896 G>C depth=204 alt=90 vaf=0.4412 p=5.37e-02 (>1.0e-06)
2026-06-02 15:37:59,823 [vaf_filter] DEBUG: REMOVED high_pvalue: chr20:62519168 G>A depth=239 alt=239 vaf=1.0000 p=1.00e+00 (>1.0e-06)
2026-06-02 15:37:59,823 [vaf_filter] DEBUG: REMOVED high_pvalue: chr20:62519278 T>C depth=219 alt=219 vaf=1.0000 p=1.00e+00 (>1.0e-06)
2026-06-02 15:37:59,823 [vaf_filter] DEBUG: REMOVED high_pvalue: chr20:62519504 G>C depth=202 alt=202 vaf=1.0000 p=1.00e+00 (>1.0e-06)
2026-06-02 15:37:59,823 [vaf_filter] DEBUG: REMOVED high_pvalue: chr20:62519736 C>T depth=178 alt=106 vaf=0.5955 p=9.96e-01 (>1.0e-06)
2026-06-02 15:37:59,823 [vaf_filter] DEBUG: REMOVED high_pvalue: chr20:62519762 G>A depth=197 alt=79 vaf=0.4010 p=3.39e-03 (>1.0e-06)
2026-06-02 15:37:59,823 [vaf_filter] DEBUG: REMOVED high_pvalue: chr20:62520136 G>A depth=261 alt=111 vaf=0.4253 p=9.33e-03 (>1.0e-06)
2026-06-02 15:37:59,823 [vaf_filter] DEBUG: REMOVED high_pvalue: chr20:62521416 T>C depth=258 alt=128 vaf=0.4961 p=4.75e-01 (>1.0e-06)
2026-06-02 15:37:59,823 [vaf_filter] DEBUG: REMOVED high_pvalue: chr20:62522726 G>A depth=293 alt=293 vaf=1.0000 p=1.00e+00 (>1.0e-06)
2026-06-02 15:37:59,823 [vaf_filter] DEBUG: REMOVED high_pvalue: chr20:62524658 G>A depth=231 alt=106 vaf=0.4589 p=1.18e-01 (>1.0e-06)
2026-06-02 15:37:59,823 [vaf_filter] DEBUG: REMOVED high_pvalue: chr20:62525091 T>C depth=189 alt=90 vaf=0.4762 p=2.80e-01 (>1.0e-06)
2026-06-02 15:37:59,823 [vaf_filter] DEBUG: REMOVED high_pvalue: chr20:62525230 C>T depth=163 alt=75 vaf=0.4601 p=1.74e-01 (>1.0e-06)
2026-06-02 15:37:59,823 [vaf_filter] DEBUG: REMOVED high_pvalue: chr20:62526314 T>C depth=223 alt=106 vaf=0.4753 p=2.52e-01 (>1.0e-06)
2026-06-02 15:37:59,823 [vaf_filter] DEBUG: REMOVED high_pvalue: chr20:62526691 G>A depth=250 alt=116 vaf=0.4640 p=1.41e-01 (>1.0e-06)
2026-06-02 15:37:59,823 [vaf_filter] DEBUG: REMOVED high_pvalue: chr20:62528699 T>C depth=297 alt=143 vaf=0.4815 p=2.81e-01 (>1.0e-06)
2026-06-02 15:37:59,823 [vaf_filter] DEBUG: REMOVED high_pvalue: chr20:62529114 A>G depth=273 alt=273 vaf=1.0000 p=1.00e+00 (>1.0e-06)
2026-06-02 15:37:59,823 [vaf_filter] DEBUG: REMOVED high_pvalue: chr20:62529139 T>C depth=274 alt=149 vaf=0.5438 p=9.35e-01 (>1.0e-06)
2026-06-02 15:37:59,823 [vaf_filter] DEBUG: REMOVED high_pvalue: chr20:62529360 G>T depth=234 alt=118 vaf=0.5043 p=5.78e-01 (>1.0e-06)
2026-06-02 15:37:59,823 [vaf_filter] DEBUG: REMOVED high_pvalue: chr20:62529938 T>G depth=275 alt=131 vaf=0.4764 p=2.35e-01 (>1.0e-06)
2026-06-02 15:37:59,823 [vaf_filter] DEBUG: REMOVED high_pvalue: chr20:62531403 C>T depth=201 alt=88 vaf=0.4378 p=4.52e-02 (>1.0e-06)
2026-06-02 15:37:59,823 [vaf_filter] DEBUG: REMOVED high_pvalue: chr20:62531677 T>A depth=120 alt=60 vaf=0.5000 p=5.36e-01 (>1.0e-06)
2026-06-02 15:37:59,823 [vaf_filter] DEBUG: REMOVED high_pvalue: chr20:62531693 G>A depth=159 alt=73 vaf=0.4591 p=1.71e-01 (>1.0e-06)
2026-06-02 15:37:59,823 [vaf_filter] DEBUG: REMOVED high_pvalue: chr20:62534111 C>T depth=173 alt=173 vaf=1.0000 p=1.00e+00 (>1.0e-06)
2026-06-02 15:37:59,823 [vaf_filter] DEBUG: REMOVED high_pvalue: chr20:62534626 C>T depth=190 alt=86 vaf=0.4526 p=1.09e-01 (>1.0e-06)
2026-06-02 15:37:59,823 [vaf_filter] DEBUG: REMOVED high_pvalue: chr20:62534965 C>T depth=240 alt=110 vaf=0.4583 p=1.10e-01 (>1.0e-06)
2026-06-02 15:37:59,823 [vaf_filter] DEBUG: REMOVED high_pvalue: chr20:62535061 C>T depth=169 alt=169 vaf=1.0000 p=1.00e+00 (>1.0e-06)
2026-06-02 15:37:59,823 [vaf_filter] DEBUG: REMOVED high_pvalue: chr20:62535583 C>T depth=217 alt=108 vaf=0.4977 p=5.00e-01 (>1.0e-06)
2026-06-02 15:37:59,823 [vaf_filter] DEBUG: REMOVED high_pvalue: chr20:62536452 T>G depth=218 alt=218 vaf=1.0000 p=1.00e+00 (>1.0e-06)
2026-06-02 15:37:59,823 [vaf_filter] DEBUG: REMOVED high_pvalue: chr20:62537682 C>G depth=211 alt=100 vaf=0.4739 p=2.46e-01 (>1.0e-06)
2026-06-02 15:37:59,823 [vaf_filter] DEBUG: REMOVED high_pvalue: chr20:62537936 T>C depth=222 alt=117 vaf=0.5270 p=8.09e-01 (>1.0e-06)
2026-06-02 15:37:59,824 [vaf_filter] DEBUG: REMOVED high_pvalue: chr20:62539175 G>A depth=187 alt=85 vaf=0.4545 p=1.21e-01 (>1.0e-06)
2026-06-02 15:37:59,824 [vaf_filter] DEBUG: REMOVED high_pvalue: chr20:62539366 A>G depth=231 alt=107 vaf=0.4632 p=1.46e-01 (>1.0e-06)
2026-06-02 15:37:59,824 [vaf_filter] DEBUG: REMOVED high_pvalue: chr20:62539413 T>C depth=203 alt=99 vaf=0.4877 p=3.89e-01 (>1.0e-06)
2026-06-02 15:37:59,824 [vaf_filter] DEBUG: REMOVED high_pvalue: chr20:62539639 G>A depth=212 alt=107 vaf=0.5047 p=5.82e-01 (>1.0e-06)
2026-06-02 15:37:59,824 [vaf_filter] DEBUG: REMOVED high_pvalue: chr20:62539964 G>C depth=196 alt=94 vaf=0.4796 p=3.09e-01 (>1.0e-06)
2026-06-02 15:37:59,824 [vaf_filter] DEBUG: REMOVED high_pvalue: chr20:62540103 G>A depth=236 alt=107 vaf=0.4534 p=8.58e-02 (>1.0e-06)
2026-06-02 15:37:59,824 [vaf_filter] DEBUG: REMOVED high_pvalue: chr20:62540109 C>G depth=236 alt=123 vaf=0.5212 p=7.63e-01 (>1.0e-06)
2026-06-02 15:37:59,824 [vaf_filter] DEBUG: REMOVED high_pvalue: chr20:62540671 T>C depth=210 alt=107 vaf=0.5095 p=6.35e-01 (>1.0e-06)
2026-06-02 15:37:59,824 [vaf_filter] DEBUG: REMOVED high_pvalue: chr20:62541430 T>G depth=216 alt=104 vaf=0.4815 p=3.17e-01 (>1.0e-06)
2026-06-02 15:37:59,824 [vaf_filter] DEBUG: REMOVED high_pvalue: chr20:62541618 A>G depth=237 alt=237 vaf=1.0000 p=1.00e+00 (>1.0e-06)
2026-06-02 15:37:59,824 [vaf_filter] DEBUG: REMOVED high_pvalue: chr20:62542576 G>A depth=247 alt=111 vaf=0.4494 p=6.34e-02 (>1.0e-06)
2026-06-02 15:37:59,824 [vaf_filter] DEBUG: REMOVED high_pvalue: chr20:62542818 T>C depth=188 alt=84 vaf=0.4468 p=8.29e-02 (>1.0e-06)
2026-06-02 15:37:59,824 [vaf_filter] DEBUG: REMOVED high_pvalue: chr20:62543510 T>G depth=239 alt=132 vaf=0.5523 p=9.54e-01 (>1.0e-06)
2026-06-02 15:37:59,824 [vaf_filter] DEBUG: REMOVED high_pvalue: chr20:62543555 A>G depth=212 alt=116 vaf=0.5472 p=9.25e-01 (>1.0e-06)
2026-06-02 15:37:59,824 [vaf_filter] DEBUG: REMOVED high_pvalue: chr20:62543888 T>C depth=196 alt=109 vaf=0.5561 p=9.50e-01 (>1.0e-06)
2026-06-02 15:37:59,824 [vaf_filter] DEBUG: REMOVED high_pvalue: chr20:62543970 C>T depth=217 alt=112 vaf=0.5161 p=7.06e-01 (>1.0e-06)
2026-06-02 15:37:59,824 [vaf_filter] DEBUG: REMOVED high_pvalue: chr20:62544110 T>C depth=271 alt=158 vaf=0.5830 p=9.97e-01 (>1.0e-06)
2026-06-02 15:37:59,824 [vaf_filter] DEBUG: REMOVED high_pvalue: chr20:62616254 T>G depth=225 alt=114 vaf=0.5067 p=6.05e-01 (>1.0e-06)
2026-06-02 15:37:59,824 [vaf_filter] DEBUG: REMOVED high_pvalue: chr20:62616452 G>A depth=248 alt=131 vaf=0.5282 p=8.30e-01 (>1.0e-06)
2026-06-02 15:37:59,824 [vaf_filter] DEBUG: REMOVED high_pvalue: chr20:62616911 T>C depth=272 alt=142 vaf=0.5221 p=7.85e-01 (>1.0e-06)
2026-06-02 15:37:59,824 [vaf_filter] DEBUG: REMOVED high_pvalue: chr20:62617076 G>A depth=235 alt=96 vaf=0.4085 p=3.07e-03 (>1.0e-06)
2026-06-02 15:37:59,824 [vaf_filter] DEBUG: REMOVED high_pvalue: chr20:62618376 A>G depth=170 alt=86 vaf=0.5059 p=5.91e-01 (>1.0e-06)
2026-06-02 15:37:59,824 [vaf_filter] DEBUG: REMOVED high_pvalue: chr20:62618420 T>C depth=160 alt=81 vaf=0.5062 p=5.94e-01 (>1.0e-06)
2026-06-02 15:37:59,824 [vaf_filter] DEBUG: REMOVED high_pvalue: chr20:62618957 G>A depth=221 alt=110 vaf=0.4977 p=5.00e-01 (>1.0e-06)
2026-06-02 15:37:59,824 [vaf_filter] DEBUG: REMOVED high_pvalue: chr20:62619148 A>G depth=254 alt=129 vaf=0.5079 p=6.23e-01 (>1.0e-06)
2026-06-02 15:37:59,824 [vaf_filter] DEBUG: REMOVED high_pvalue: chr20:62619535 A>G depth=286 alt=286 vaf=1.0000 p=1.00e+00 (>1.0e-06)
2026-06-02 15:37:59,824 [vaf_filter] DEBUG: REMOVED high_pvalue: chr20:62619699 T>C depth=347 alt=347 vaf=1.0000 p=1.00e+00 (>1.0e-06)
2026-06-02 15:37:59,824 [vaf_filter] DEBUG: REMOVED high_pvalue: chr20:62621447 T>C depth=133 alt=133 vaf=1.0000 p=1.00e+00 (>1.0e-06)
2026-06-02 15:37:59,824 [vaf_filter] DEBUG: REMOVED high_pvalue: chr20:62622874 C>T depth=252 alt=119 vaf=0.4722 p=2.06e-01 (>1.0e-06)
2026-06-02 15:37:59,824 [vaf_filter] DEBUG: REMOVED high_pvalue: chr20:62623171 C>T depth=263 alt=120 vaf=0.4563 p=8.75e-02 (>1.0e-06)
2026-06-02 15:37:59,824 [vaf_filter] DEBUG: REMOVED high_pvalue: chr20:62625306 C>T depth=237 alt=108 vaf=0.4557 p=9.69e-02 (>1.0e-06)
2026-06-02 15:37:59,824 [vaf_filter] DEBUG: KEPT: chr20:62665239 C>T depth=226 alt=9 vaf=0.0398 p=1.95e-43
2026-06-02 15:37:59,824 [vaf_filter] DEBUG: REMOVED high_pvalue: chr20:63923947 G>A depth=329 alt=135 vaf=0.4103 p=6.93e-04 (>1.0e-06)
2026-06-02 15:37:59,824 [vaf_filter] DEBUG: REMOVED high_pvalue: chr20:64270180 G>A depth=166 alt=55 vaf=0.3313 p=9.83e-06 (>1.0e-06)
2026-06-02 15:37:59,824 [vaf_filter] INFO: ================================================================
2026-06-02 15:37:59,824 [vaf_filter] INFO: RESULTS:
2026-06-02 15:37:59,824 [vaf_filter] INFO:   variants_input=638
2026-06-02 15:37:59,824 [vaf_filter] INFO:   variants_kept=31
2026-06-02 15:37:59,824 [vaf_filter] INFO:   variants_removed=607
2026-06-02 15:37:59,824 [vaf_filter] INFO:     removed_low_alt=12 (alt < 5)
2026-06-02 15:37:59,824 [vaf_filter] INFO:     removed_high_pvalue=595 (p >= 1.0e-06)
2026-06-02 15:37:59,824 [vaf_filter] INFO:     removed_no_coverage=0
2026-06-02 15:37:59,824 [vaf_filter] INFO:   lines_skipped=0 (malformed)
2026-06-02 15:37:59,824 [vaf_filter] INFO:   pass_rate=4.9%
2026-06-02 15:37:59,824 [vaf_filter] INFO:   kept_depth: min=222 median=282 max=373
2026-06-02 15:37:59,824 [vaf_filter] INFO:   kept_vaf: min=0.0139 median=0.0261 max=0.1364
2026-06-02 15:37:59,825 [vaf_filter] INFO:   elapsed=78.9 seconds
2026-06-02 15:37:59,825 [vaf_filter] INFO: DEPTH DISTRIBUTION (mpileup depth, by verdict):
2026-06-02 15:37:59,825 [vaf_filter] INFO:   [kept] n=31  mean=285.6  median=282
2026-06-02 15:37:59,825 [vaf_filter] INFO:     depth   200+ | ######################################## 31 (100.0%)
2026-06-02 15:37:59,825 [vaf_filter] INFO:   [low_alt] n=12  mean=272.4  median=264
2026-06-02 15:37:59,825 [vaf_filter] INFO:     depth 150-199 | ####                                     1 (8.3%)
2026-06-02 15:37:59,825 [vaf_filter] INFO:     depth   200+ | #####################################    11 (91.7%)
2026-06-02 15:37:59,825 [vaf_filter] INFO:   [high_pvalue] n=595  mean=261.2  median=259
2026-06-02 15:37:59,825 [vaf_filter] INFO:     depth 100-149 | #                                        8 (1.3%)
2026-06-02 15:37:59,825 [vaf_filter] INFO:     depth 150-199 | #####                                    65 (10.9%)
2026-06-02 15:37:59,825 [vaf_filter] INFO:     depth   200+ | ####################################     522 (87.7%)
2026-06-02 15:37:59,825 [vaf_filter] INFO: VAF DISTRIBUTION (by verdict):
2026-06-02 15:37:59,825 [vaf_filter] INFO:   [kept] n=31  median=0.026
2026-06-02 15:37:59,825 [vaf_filter] INFO:     VAF   0.0-0.1 | ######################################   29 (93.5%)
2026-06-02 15:37:59,825 [vaf_filter] INFO:     VAF   0.1-0.2 | ###                                      2 (6.5%)
2026-06-02 15:37:59,825 [vaf_filter] INFO:   [low_alt] n=12  median=0.012
2026-06-02 15:37:59,825 [vaf_filter] INFO:     VAF   0.0-0.1 | ######################################## 12 (100.0%)
2026-06-02 15:37:59,826 [vaf_filter] INFO:   [high_pvalue] n=595  median=0.496
2026-06-02 15:37:59,826 [vaf_filter] INFO:     VAF   0.3-0.4 | #                                        6 (1.0%)
2026-06-02 15:37:59,826 [vaf_filter] INFO:     VAF   0.4-0.5 | #####################                    307 (51.6%)
2026-06-02 15:37:59,826 [vaf_filter] INFO:     VAF   0.5-0.6 | #########                                132 (22.2%)
2026-06-02 15:37:59,826 [vaf_filter] INFO:     VAF   0.6-0.7 | #                                        1 (0.2%)
2026-06-02 15:37:59,826 [vaf_filter] INFO:     VAF   0.9-1.0 | ###########                              149 (25.0%)
2026-06-02 15:37:59,826 [vaf_filter] INFO: END vaf_filter
2026-06-02 15:37:59,826 [vaf_filter] INFO: ================================================================
